
 Start         Length     Name                   Class
 0001:00401000 000E2A08H .text                   CODE
 0002:004E4000 00000E3CH .itext                  ICODE
 0003:004E5000 0000292CH .data                   DATA
 0004:004E8000 000052E4H .bss                    BSS
 0005:00000000 0000003CH .tls                    TLS
 000A:00000000 00000000H .xdata                  PDATA


Detailed map of segments

 0001:00000000 0000957C C=CODE     S=.text    G=(none)   M=System   ACBP=A9
 0001:0000957C 00000110 C=CODE     S=.text    G=(none)   M=SysInit  ACBP=A9
 0001:0000968C 00000404 C=CODE     S=.text    G=(none)   M=Types    ACBP=A9
 0001:00009A90 000019F0 C=CODE     S=.text    G=(none)   M=Windows  ACBP=A9
 0001:0000B480 000001E4 C=CODE     S=.text    G=(none)   M=Messages ACBP=A9
 0001:0000B664 00000348 C=CODE     S=.text    G=(none)   M=SysConst ACBP=A9
 0001:0000B9AC 000001C0 C=CODE     S=.text    G=(none)   M=RTLConsts ACBP=A9
 0001:0000BB6C 00009118 C=CODE     S=.text    G=(none)   M=Character ACBP=A9
 0001:00014C84 0000041C C=CODE     S=.text    G=(none)   M=ExcUtils ACBP=A9
 0001:000150A0 0000DACC C=CODE     S=.text    G=(none)   M=SysUtils ACBP=A9
 0001:00022B6C 00000174 C=CODE     S=.text    G=(none)   M=ActiveX  ACBP=A9
 0001:00022CE0 00000800 C=CODE     S=.text    G=(none)   M=VarUtils ACBP=A9
 0001:000234E0 00008298 C=CODE     S=.text    G=(none)   M=Variants ACBP=A9
 0001:0002B778 00001804 C=CODE     S=.text    G=(none)   M=TypInfo  ACBP=A9
 0001:0002CF7C 0001A26C C=CODE     S=.text    G=(none)   M=Classes  ACBP=A9
 0001:000471E8 0000022C C=CODE     S=.text    G=(none)   M=Math     ACBP=A9
 0001:00047414 000002B0 C=CODE     S=.text    G=(none)   M=TimeSpan ACBP=A9
 0001:000476C4 000015D8 C=CODE     S=.text    G=(none)   M=SyncObjs ACBP=A9
 0001:00048C9C 00000068 C=CODE     S=.text    G=(none)   M=AnsiStrings ACBP=A9
 0001:00048D04 00001500 C=CODE     S=.text    G=(none)   M=Generics.Defaults ACBP=A9
 0001:0004A204 00000184 C=CODE     S=.text    G=(none)   M=Generics.Collections ACBP=A9
 0001:0004A388 000000FC C=CODE     S=.text    G=(none)   M=IOUtils  ACBP=A9
 0001:0004A484 00000080 C=CODE     S=.text    G=(none)   M=IniFiles ACBP=A9
 0001:0004A504 00002F24 C=CODE     S=.text    G=(none)   M=Registry ACBP=A9
 0001:0004D428 000002E8 C=CODE     S=.text    G=(none)   M=Consts   ACBP=A9
 0001:0004D710 0000D8AC C=CODE     S=.text    G=(none)   M=Graphics ACBP=A9
 0001:0005AFBC 00000390 C=CODE     S=.text    G=(none)   M=Contnrs  ACBP=A9
 0001:0005B34C 00000118 C=CODE     S=.text    G=(none)   M=CommCtrl ACBP=A9
 0001:0005B464 00000D58 C=CODE     S=.text    G=(none)   M=UxTheme  ACBP=A9
 0001:0005C1BC 00000044 C=CODE     S=.text    G=(none)   M=MultiMon ACBP=A9
 0001:0005C200 00002360 C=CODE     S=.text    G=(none)   M=ActnList ACBP=A9
 0001:0005E560 00000064 C=CODE     S=.text    G=(none)   M=Dwmapi   ACBP=A9
 0001:0005E5C4 0001F55C C=CODE     S=.text    G=(none)   M=Controls ACBP=A9
 0001:0007DB20 00005850 C=CODE     S=.text    G=(none)   M=Themes   ACBP=A9
 0001:00083370 0000398C C=CODE     S=.text    G=(none)   M=ImgList  ACBP=A9
 0001:00086CFC 00009B94 C=CODE     S=.text    G=(none)   M=Menus    ACBP=A9
 0001:00090890 00002068 C=CODE     S=.text    G=(none)   M=HelpIntfs ACBP=A9
 0001:000928F8 00000388 C=CODE     S=.text    G=(none)   M=FlatSB   ACBP=A9
 0001:00092C80 00000028 C=CODE     S=.text    G=(none)   M=WinSpool ACBP=A9
 0001:00092CA8 00001DEC C=CODE     S=.text    G=(none)   M=Printers ACBP=A9
 0001:00094A94 00002D88 C=CODE     S=.text    G=(none)   M=StdCtrls ACBP=A9
 0001:0009781C 0000178C C=CODE     S=.text    G=(none)   M=GraphUtil ACBP=A9
 0001:00098FA8 000003F8 C=CODE     S=.text    G=(none)   M=ExtCtrls ACBP=A9
 0001:000993A0 00000384 C=CODE     S=.text    G=(none)   M=ComCtrls ACBP=A9
 0001:00099724 000009EC C=CODE     S=.text    G=(none)   M=Dialogs  ACBP=A9
 0001:0009A110 00000014 C=CODE     S=.text    G=(none)   M=Clipbrd  ACBP=A9
 0001:0009A124 0000018C C=CODE     S=.text    G=(none)   M=StdActns ACBP=A9
 0001:0009A2B0 0001554C C=CODE     S=.text    G=(none)   M=Forms    ACBP=A9
 0001:000AF7FC 00003784 C=CODE     S=.text    G=(none)   M=Buttons  ACBP=A9
 0001:000B2F80 000003BC C=CODE     S=.text    G=(none)   M=tdpe.lib.math ACBP=A9
 0001:000B333C 00000CC0 C=CODE     S=.text    G=(none)   M=tdpe.lib.vector ACBP=A9
 0001:000B3FFC 0000029C C=CODE     S=.text    G=(none)   M=tdpe.lib.math.interval ACBP=A9
 0001:000B4298 00000048 C=CODE     S=.text    G=(none)   M=tdpe.lib.collision.contract ACBP=A9
 0001:000B42E0 000002B0 C=CODE     S=.text    G=(none)   M=tdpe.lib.collision ACBP=A9
 0001:000B4590 00000054 C=CODE     S=.text    G=(none)   M=tdpe.lib.particle.abstractElement.contract ACBP=A9
 0001:000B45E4 00000044 C=CODE     S=.text    G=(none)   M=tdpe.lib.render.contract ACBP=A9
 0001:000B4628 00000360 C=CODE     S=.text    G=(none)   M=tdpe.lib.particle.abstractElement ACBP=A9
 0001:000B4988 00000040 C=CODE     S=.text    G=(none)   M=tdpe.lib.styles.contract ACBP=A9
 0001:000B49C8 00000334 C=CODE     S=.text    G=(none)   M=tdpe.lib.styles ACBP=A9
 0001:000B4CFC 00000278 C=CODE     S=.text    G=(none)   M=tdpe.lib.math.types ACBP=A9
 0001:000B4F74 00000438 C=CODE     S=.text    G=(none)   M=tdpe.lib.math.rotator ACBP=A9
 0001:000B53AC 00000764 C=CODE     S=.text    G=(none)   M=tdpe.lib.render ACBP=A9
 0001:000B5B10 00000040 C=CODE     S=.text    G=(none)   M=tdpe.lib.force.contract ACBP=A9
 0001:000B5B50 00000044 C=CODE     S=.text    G=(none)   M=tdpe.lib.writer.contract ACBP=A9
 0001:000B5B94 00002730 C=CODE     S=.text    G=(none)   M=tdpe.lib.force.list ACBP=A9
 0001:000B82C4 00001860 C=CODE     S=.text    G=(none)   M=tdpe.lib.particle.abstractparticle ACBP=A9
 0001:000B9B24 00000384 C=CODE     S=.text    G=(none)   M=tdpe.lib.particle.abstract.restriction ACBP=A9
 0001:000B9EA8 0000019C C=CODE     S=.text    G=(none)   M=tdpe.lib.math.helper ACBP=A9
 0001:000BA044 00000240 C=CODE     S=.text    G=(none)   M=tdpe.lib.particle.box ACBP=A9
 0001:000BA284 00000110 C=CODE     S=.text    G=(none)   M=tdpe.lib.particle.circle ACBP=A9
 0001:000BA394 000000F0 C=CODE     S=.text    G=(none)   M=tdpe.lib.particle.spring ACBP=A9
 0001:000BA484 00000194 C=CODE     S=.text    G=(none)   M=tdpe.lib.particle.spring.restriction ACBP=A9
 0001:000BA618 00000050 C=CODE     S=.text    G=(none)   M=tdpe.lib.collision.resolver.contract ACBP=A9
 0001:000BA668 000005F8 C=CODE     S=.text    G=(none)   M=tdpe.lib.collision.resolver ACBP=A9
 0001:000BAC60 00000A6C C=CODE     S=.text    G=(none)   M=tdpe.lib.particle.item.solid ACBP=A9
 0001:000BB6CC 00000FCC C=CODE     S=.text    G=(none)   M=tdpe.lib.particle.box.solid ACBP=A9
 0001:000BC698 00000058 C=CODE     S=.text    G=(none)   M=tdpe.lib.collision.detector.contract ACBP=A9
 0001:000BC6F0 0000019C C=CODE     S=.text    G=(none)   M=tdpe.lib.structures ACBP=A9
 0001:000BC88C 00000988 C=CODE     S=.text    G=(none)   M=tdpe.lib.particle.circle.solid ACBP=A9
 0001:000BD214 000005F0 C=CODE     S=.text    G=(none)   M=tdpe.lib.collision.resolver.solid ACBP=A9
 0001:000BD804 00001D68 C=CODE     S=.text    G=(none)   M=tdpe.lib.collision.detector ACBP=A9
 0001:000BF56C 00005614 C=CODE     S=.text    G=(none)   M=tdpe.lib.particle.abstract.collection ACBP=A9
 0001:000C4B80 00000600 C=CODE     S=.text    G=(none)   M=tdpe.lib.particle.pattern.composite ACBP=A9
 0001:000C5180 00005388 C=CODE     S=.text    G=(none)   M=tdpe.lib.particle.group ACBP=A9
 0001:000CA508 000002E4 C=CODE     S=.text    G=(none)   M=tdpe.lib.force ACBP=A9
 0001:000CA7EC 00000044 C=CODE     S=.text    G=(none)   M=tdpe.lib.engine.contract ACBP=A9
 0001:000CA830 00000460 C=CODE     S=.text    G=(none)   M=tdpe.lib.particle.group.list ACBP=A9
 0001:000CAC90 000006E4 C=CODE     S=.text    G=(none)   M=tdpe.lib.engine ACBP=A9
 0001:000CB374 00000844 C=CODE     S=.text    G=(none)   M=D2D1     ACBP=A9
 0001:000CBBB8 00008AEC C=CODE     S=.text    G=(none)   M=Direct2D ACBP=A9
 0001:000D46A4 00001758 C=CODE     S=.text    G=(none)   M=tdpe.lib.render.gdi ACBP=A9
 0001:000D5DFC 00000278 C=CODE     S=.text    G=(none)   M=tdpe.lib.engine.wrapper ACBP=A9
 0001:000D6074 00000498 C=CODE     S=.text    G=(none)   M=tdpe.lib.automation.valve ACBP=A9
 0001:000D650C 00002A3C C=CODE     S=.text    G=(none)   M=tdpe.lib.automation.product ACBP=A9
 0001:000D8F48 00000680 C=CODE     S=.text    G=(none)   M=tdpe.lib.automation.silo ACBP=A9
 0001:000D95C8 00000668 C=CODE     S=.text    G=(none)   M=tdpe.lib.automation.scale ACBP=A9
 0001:000D9C30 000031F0 C=CODE     S=.text    G=(none)   M=fPlantDemo ACBP=A9
 0001:000DCE20 00005BE8 C=CODE     S=.text    G=(none)   M=ThundaxSimulationPlant ACBP=A9
 0002:00000000 000000AC C=ICODE    S=.itext   G=(none)   M=System   ACBP=A9
 0002:000000AC 00000018 C=ICODE    S=.itext   G=(none)   M=Windows  ACBP=A9
 0002:000000C4 00000020 C=ICODE    S=.itext   G=(none)   M=ExcUtils ACBP=A9
 0002:000000E4 000000C4 C=ICODE    S=.itext   G=(none)   M=SysUtils ACBP=A9
 0002:000001A8 00000010 C=ICODE    S=.itext   G=(none)   M=VarUtils ACBP=A9
 0002:000001B8 000000AC C=ICODE    S=.itext   G=(none)   M=Variants ACBP=A9
 0002:00000264 00000008 C=ICODE    S=.itext   G=(none)   M=TypInfo  ACBP=A9
 0002:0000026C 000000AC C=ICODE    S=.itext   G=(none)   M=Classes  ACBP=A9
 0002:00000318 00000034 C=ICODE    S=.itext   G=(none)   M=TimeSpan ACBP=A9
 0002:0000034C 00000010 C=ICODE    S=.itext   G=(none)   M=SyncObjs ACBP=A9
 0002:0000035C 00000460 C=ICODE    S=.itext   G=(none)   M=IOUtils  ACBP=A9
 0002:000007BC 00000008 C=ICODE    S=.itext   G=(none)   M=IniFiles ACBP=A9
 0002:000007C4 00000008 C=ICODE    S=.itext   G=(none)   M=Registry ACBP=A9
 0002:000007CC 000000FC C=ICODE    S=.itext   G=(none)   M=Graphics ACBP=A9
 0002:000008C8 0000001C C=ICODE    S=.itext   G=(none)   M=UxTheme  ACBP=A9
 0002:000008E4 0000002C C=ICODE    S=.itext   G=(none)   M=ActnList ACBP=A9
 0002:00000910 00000088 C=ICODE    S=.itext   G=(none)   M=Controls ACBP=A9
 0002:00000998 00000008 C=ICODE    S=.itext   G=(none)   M=Themes   ACBP=A9
 0002:000009A0 00000088 C=ICODE    S=.itext   G=(none)   M=Menus    ACBP=A9
 0002:00000A28 00000008 C=ICODE    S=.itext   G=(none)   M=HelpIntfs ACBP=A9
 0002:00000A30 00000010 C=ICODE    S=.itext   G=(none)   M=FlatSB   ACBP=A9
 0002:00000A40 00000008 C=ICODE    S=.itext   G=(none)   M=Printers ACBP=A9
 0002:00000A48 00000088 C=ICODE    S=.itext   G=(none)   M=GraphUtil ACBP=A9
 0002:00000AD0 00000054 C=ICODE    S=.itext   G=(none)   M=ExtCtrls ACBP=A9
 0002:00000B24 0000003C C=ICODE    S=.itext   G=(none)   M=ComCtrls ACBP=A9
 0002:00000B60 00000040 C=ICODE    S=.itext   G=(none)   M=Dialogs  ACBP=A9
 0002:00000BA0 00000078 C=ICODE    S=.itext   G=(none)   M=Clipbrd  ACBP=A9
 0002:00000C18 0000005C C=ICODE    S=.itext   G=(none)   M=Forms    ACBP=A9
 0002:00000C74 00000028 C=ICODE    S=.itext   G=(none)   M=Buttons  ACBP=A9
 0002:00000C9C 00000050 C=ICODE    S=.itext   G=(none)   M=tdpe.lib.collision.resolver ACBP=A9
 0002:00000CEC 00000050 C=ICODE    S=.itext   G=(none)   M=tdpe.lib.collision.resolver.solid ACBP=A9
 0002:00000D3C 00000050 C=ICODE    S=.itext   G=(none)   M=tdpe.lib.collision.detector ACBP=A9
 0002:00000D8C 00000008 C=ICODE    S=.itext   G=(none)   M=D2D1     ACBP=A9
 0002:00000D94 00000008 C=ICODE    S=.itext   G=(none)   M=Direct2D ACBP=A9
 0002:00000D9C 000000A0 C=ICODE    S=.itext   G=(none)   M=ThundaxSimulationPlant ACBP=A9
 0003:00000000 000009F4 C=DATA     S=.data    G=DGROUP   M=System   ACBP=A9
 0003:000009F4 00000024 C=DATA     S=.data    G=DGROUP   M=SysInit  ACBP=A9
 0003:00000A18 0000000C C=DATA     S=.data    G=DGROUP   M=Windows  ACBP=A9
 0003:00000A24 00000100 C=DATA     S=.data    G=DGROUP   M=Character ACBP=A9
 0003:00000B24 00000118 C=DATA     S=.data    G=DGROUP   M=ExcUtils ACBP=A9
 0003:00000C3C 000001E4 C=DATA     S=.data    G=DGROUP   M=SysUtils ACBP=A9
 0003:00000E20 00000008 C=DATA     S=.data    G=DGROUP   M=VarUtils ACBP=A9
 0003:00000E28 00000144 C=DATA     S=.data    G=DGROUP   M=Variants ACBP=A9
 0003:00000F6C 0000000C C=DATA     S=.data    G=DGROUP   M=TypInfo  ACBP=A9
 0003:00000F78 000000A8 C=DATA     S=.data    G=DGROUP   M=Classes  ACBP=A9
 0003:00001020 0000053C C=DATA     S=.data    G=DGROUP   M=Generics.Defaults ACBP=A9
 0003:0000155C 00000010 C=DATA     S=.data    G=DGROUP   M=IOUtils  ACBP=A9
 0003:0000156C 0000000C C=DATA     S=.data    G=DGROUP   M=IniFiles ACBP=A9
 0003:00001578 00000024 C=DATA     S=.data    G=DGROUP   M=Registry ACBP=A9
 0003:0000159C 000003C4 C=DATA     S=.data    G=DGROUP   M=Graphics ACBP=A9
 0003:00001960 000001B8 C=DATA     S=.data    G=DGROUP   M=Controls ACBP=A9
 0003:00001B18 00000068 C=DATA     S=.data    G=DGROUP   M=Themes   ACBP=A9
 0003:00001B80 00000050 C=DATA     S=.data    G=DGROUP   M=ImgList  ACBP=A9
 0003:00001BD0 00000140 C=DATA     S=.data    G=DGROUP   M=Menus    ACBP=A9
 0003:00001D10 0000000C C=DATA     S=.data    G=DGROUP   M=Printers ACBP=A9
 0003:00001D1C 0000004C C=DATA     S=.data    G=DGROUP   M=StdCtrls ACBP=A9
 0003:00001D68 00000450 C=DATA     S=.data    G=DGROUP   M=GraphUtil ACBP=A9
 0003:000021B8 00000010 C=DATA     S=.data    G=DGROUP   M=ComCtrls ACBP=A9
 0003:000021C8 0000007C C=DATA     S=.data    G=DGROUP   M=Dialogs  ACBP=A9
 0003:00002244 00000144 C=DATA     S=.data    G=DGROUP   M=Forms    ACBP=A9
 0003:00002388 00000048 C=DATA     S=.data    G=DGROUP   M=Buttons  ACBP=A9
 0003:000023D0 00000020 C=DATA     S=.data    G=DGROUP   M=D2D1     ACBP=A9
 0003:000023F0 00000010 C=DATA     S=.data    G=DGROUP   M=Direct2D ACBP=A9
 0004:00000000 00002C30 C=BSS      S=.bss     G=DGROUP   M=System   ACBP=A9
 0004:00002C30 0000000C C=BSS      S=.bss     G=DGROUP   M=SysInit  ACBP=A9
 0004:00002C3C 00000008 C=BSS      S=.bss     G=DGROUP   M=Windows  ACBP=A9
 0004:00002C44 0000001C C=BSS      S=.bss     G=DGROUP   M=Character ACBP=A9
 0004:00002C60 00000004 C=BSS      S=.bss     G=DGROUP   M=ExcUtils ACBP=A9
 0004:00002C64 00002250 C=BSS      S=.bss     G=DGROUP   M=SysUtils ACBP=A9
 0004:00004EB4 0000005C C=BSS      S=.bss     G=DGROUP   M=VarUtils ACBP=A9
 0004:00004F10 00000040 C=BSS      S=.bss     G=DGROUP   M=Variants ACBP=A9
 0004:00004F50 00000004 C=BSS      S=.bss     G=DGROUP   M=TypInfo  ACBP=A9
 0004:00004F54 00000038 C=BSS      S=.bss     G=DGROUP   M=Classes  ACBP=A9
 0004:00004F8C 00000014 C=BSS      S=.bss     G=DGROUP   M=TimeSpan ACBP=A9
 0004:00004FA0 00000018 C=BSS      S=.bss     G=DGROUP   M=SyncObjs ACBP=A9
 0004:00004FB8 00000024 C=BSS      S=.bss     G=DGROUP   M=IOUtils  ACBP=A9
 0004:00004FDC 00000004 C=BSS      S=.bss     G=DGROUP   M=IniFiles ACBP=A9
 0004:00004FE0 00000004 C=BSS      S=.bss     G=DGROUP   M=Registry ACBP=A9
 0004:00004FE4 00000064 C=BSS      S=.bss     G=DGROUP   M=Graphics ACBP=A9
 0004:00005048 000000CC C=BSS      S=.bss     G=DGROUP   M=UxTheme  ACBP=A9
 0004:00005114 00000004 C=BSS      S=.bss     G=DGROUP   M=ActnList ACBP=A9
 0004:00005118 00000090 C=BSS      S=.bss     G=DGROUP   M=Controls ACBP=A9
 0004:000051A8 0000000C C=BSS      S=.bss     G=DGROUP   M=Themes   ACBP=A9
 0004:000051B4 00000008 C=BSS      S=.bss     G=DGROUP   M=ImgList  ACBP=A9
 0004:000051BC 00000010 C=BSS      S=.bss     G=DGROUP   M=Menus    ACBP=A9
 0004:000051CC 00000008 C=BSS      S=.bss     G=DGROUP   M=HelpIntfs ACBP=A9
 0004:000051D4 00000034 C=BSS      S=.bss     G=DGROUP   M=FlatSB   ACBP=A9
 0004:00005208 00000004 C=BSS      S=.bss     G=DGROUP   M=Printers ACBP=A9
 0004:0000520C 00000010 C=BSS      S=.bss     G=DGROUP   M=GraphUtil ACBP=A9
 0004:0000521C 00000008 C=BSS      S=.bss     G=DGROUP   M=ExtCtrls ACBP=A9
 0004:00005224 00000010 C=BSS      S=.bss     G=DGROUP   M=ComCtrls ACBP=A9
 0004:00005234 0000000C C=BSS      S=.bss     G=DGROUP   M=Dialogs  ACBP=A9
 0004:00005240 0000000C C=BSS      S=.bss     G=DGROUP   M=Clipbrd  ACBP=A9
 0004:0000524C 00000028 C=BSS      S=.bss     G=DGROUP   M=Forms    ACBP=A9
 0004:00005274 00000030 C=BSS      S=.bss     G=DGROUP   M=Buttons  ACBP=A9
 0004:000052A4 00000008 C=BSS      S=.bss     G=DGROUP   M=tdpe.lib.collision.resolver ACBP=A9
 0004:000052AC 00000008 C=BSS      S=.bss     G=DGROUP   M=tdpe.lib.collision.resolver.solid ACBP=A9
 0004:000052B4 00000008 C=BSS      S=.bss     G=DGROUP   M=tdpe.lib.collision.detector ACBP=A9
 0004:000052BC 00000014 C=BSS      S=.bss     G=DGROUP   M=D2D1     ACBP=A9
 0004:000052D0 00000010 C=BSS      S=.bss     G=DGROUP   M=Direct2D ACBP=A9
 0004:000052E0 00000004 C=BSS      S=.bss     G=DGROUP   M=fPlantDemo ACBP=A9
 0005:00000000 00000008 C=TLS      S=.tls     G=(none)   M=System   ACBP=A9
 0005:00000008 0000000C C=TLS      S=.tls     G=(none)   M=Classes  ACBP=A9
 0005:00000014 00000004 C=TLS      S=.tls     G=(none)   M=SyncObjs ACBP=A9
 0005:00000018 00000024 C=TLS      S=.tls     G=(none)   M=GraphUtil ACBP=A9


  Address             Publics by Name

 0001:00022CD0       ActiveX.OleInitialize
 0001:00022CD8       ActiveX.OleUninitialize
 0004:00005114       ActnList..9
 0001:0005D3E8       ActnList..TActionLink
 0001:0005C508       ActnList..TActionListEnumerator
 0001:0005C200       ActnList..TContainedAction
 0001:0005CDB4       ActnList..TCustomAction
 0001:0005C778       ActnList..TCustomActionList
 0001:0005CB8C       ActnList..TShortCutList
 0002:000008E4       ActnList.ActnList
 0001:0005E558       ActnList.Finalization
 0001:0005DBA0       ActnList.TActionLink.IsCaptionLinked
 0001:0005DBB4       ActnList.TActionLink.IsCheckedLinked
 0001:0005DBC8       ActnList.TActionLink.IsEnabledLinked
 0001:0005DBDC       ActnList.TActionLink.IsGroupIndexLinked
 0001:0005DBF0       ActnList.TActionLink.IsHelpContextLinked
 0001:0005DC04       ActnList.TActionLink.IsHelpLinked
 0001:0005DC18       ActnList.TActionLink.IsHintLinked
 0001:0005DC2C       ActnList.TActionLink.IsImageIndexLinked
 0001:0005DC40       ActnList.TActionLink.IsShortCutLinked
 0001:0005DC54       ActnList.TActionLink.IsVisibleLinked
 0001:0005DC68       ActnList.TActionLink.SetAutoCheck
 0001:0005DC6C       ActnList.TActionLink.SetCaption
 0001:0005DC70       ActnList.TActionLink.SetChecked
 0001:0005DC74       ActnList.TActionLink.SetEnabled
 0001:0005DC78       ActnList.TActionLink.SetGroupIndex
 0001:0005DC7C       ActnList.TActionLink.SetHelpContext
 0001:0005DC80       ActnList.TActionLink.SetHelpKeyword
 0001:0005DC84       ActnList.TActionLink.SetHelpType
 0001:0005DC88       ActnList.TActionLink.SetHint
 0001:0005DC8C       ActnList.TActionLink.SetImageIndex
 0001:0005DC90       ActnList.TActionLink.SetShortCut
 0001:0005DC94       ActnList.TActionLink.SetVisible
 0001:0005D704       ActnList.TActionListEnumerator.Create
 0001:0005D748       ActnList.TActionListEnumerator.GetCurrent
 0001:0005D754       ActnList.TActionListEnumerator.MoveNext
 0001:0005D4F0       ActnList.TContainedAction.Destroy
 0001:0005D65C       ActnList.TContainedAction.Execute
 0001:0005D524       ActnList.TContainedAction.GetIndex
 0001:0005D540       ActnList.TContainedAction.GetParentComponent
 0001:0005D550       ActnList.TContainedAction.HasParent
 0001:0005D53C       ActnList.TContainedAction.IsCategoryStored
 0001:0005D560       ActnList.TContainedAction.ReadState
 0001:0005D608       ActnList.TContainedAction.SetActionList
 0001:0005D5DC       ActnList.TContainedAction.SetCategory
 0001:0005D594       ActnList.TContainedAction.SetIndex
 0001:0005D630       ActnList.TContainedAction.SetParentComponent
 0001:0005D6B4       ActnList.TContainedAction.Update
 0001:0005DD44       ActnList.TCustomAction.AssignTo
 0001:0005DC98       ActnList.TCustomAction.Create
 0001:0005DCEC       ActnList.TCustomAction.Destroy
 0001:0005E3D0       ActnList.TCustomAction.DoHint
 0001:0005E3F8       ActnList.TCustomAction.Execute
 0001:0005E45C       ActnList.TCustomAction.GetSecondaryShortCuts
 0001:0005E4DC       ActnList.TCustomAction.HandleShortCut
 0001:0005E4B8       ActnList.TCustomAction.IsSecondaryShortCutsStored
 0001:0005DE50       ActnList.TCustomAction.SetAutoCheck
 0001:0005DEB0       ActnList.TCustomAction.SetCaption
 0001:0005DF10       ActnList.TCustomAction.SetChecked
 0001:0005E018       ActnList.TCustomAction.SetEnabled
 0001:0005E094       ActnList.TCustomAction.SetGroupIndex
 0001:0005E1AC       ActnList.TCustomAction.SetHelpContext
 0001:0005E144       ActnList.TCustomAction.SetHelpKeyword
 0001:0005E0EC       ActnList.TCustomAction.SetHelpType
 0001:0005E204       ActnList.TCustomAction.SetHint
 0001:0005E264       ActnList.TCustomAction.SetImageIndex
 0001:0005E384       ActnList.TCustomAction.SetName
 0001:0005E484       ActnList.TCustomAction.SetSecondaryShortCuts
 0001:0005E2C0       ActnList.TCustomAction.SetShortCut
 0001:0005E324       ActnList.TCustomAction.SetVisible
 0001:0005D968       ActnList.TCustomActionList.AddAction
 0001:0005D9B0       ActnList.TCustomActionList.Change
 0001:0005D770       ActnList.TCustomActionList.Create
 0001:0005D7DC       ActnList.TCustomActionList.Destroy
 0001:0005DABC       ActnList.TCustomActionList.ExecuteAction
 0001:0005D8AC       ActnList.TCustomActionList.GetAction
 0001:0005D8C0       ActnList.TCustomActionList.GetActionCount
 0001:0005D834       ActnList.TCustomActionList.GetChildren
 0001:0005D8C8       ActnList.TCustomActionList.GetEnumerator
 0001:0005D90C       ActnList.TCustomActionList.ImageListChange
 0001:0005DA18       ActnList.TCustomActionList.IsShortCut
 0001:0005D918       ActnList.TCustomActionList.Notification
 0001:0005D988       ActnList.TCustomActionList.RemoveAction
 0001:0005D87C       ActnList.TCustomActionList.SetChildOrder
 0001:0005D8D8       ActnList.TCustomActionList.SetImages
 0001:0005DAFC       ActnList.TCustomActionList.SetState
 0001:0005DADC       ActnList.TCustomActionList.UpdateAction
 0001:0005E4E8       ActnList.TShortCutList.Add
 0001:0005E514       ActnList.TShortCutList.IndexOfShortCut
 0001:00048C9C       AnsiStrings.CompareStr
 0004:00005274       Buttons..5
 0001:000B0700       Buttons..TButtonGlyph
 0001:000B0534       Buttons..TGlyphCache
 0001:000B02F8       Buttons..TGlyphList
 0001:000AFA70       Buttons..TSpeedButton
 0001:000AF8C0       Buttons..TSpeedButtonActionLink
 0003:00002388       Buttons.BitBtnCaptions
 0004:00005278       Buttons.BitBtnGlyphs
 0003:000023B8       Buttons.ButtonCount
 0002:00000C74       Buttons.Buttons
 0001:000B2ED8       Buttons.DestroyLocals
 0001:000B1628       Buttons.DoDrawText
 0001:000B2008       Buttons.DoGlassPaint
 0003:000023BC       Buttons.DownStyles
 0003:000023C4       Buttons.FillStyles
 0001:000B2F70       Buttons.Finalization
 0003:000023B4       Buttons.GlyphCache
 0003:000023CC       Buttons.NewState
 0001:000B187C       Buttons.TButtonGlyph.CalcButtonLayout
 0001:000B0C78       Buttons.TButtonGlyph.Create
 0001:000B0E80       Buttons.TButtonGlyph.CreateButtonGlyph
 0001:000B0D10       Buttons.TButtonGlyph.Destroy
 0001:000B1C08       Buttons.TButtonGlyph.Draw
 0001:000B1454       Buttons.TButtonGlyph.DrawButtonGlyph
 0001:000B17B0       Buttons.TButtonGlyph.DrawButtonText
 0001:000B0DB0       Buttons.TButtonGlyph.GlyphChanged
 0001:000B0D6C       Buttons.TButtonGlyph.Invalidate
 0001:000B0DE0       Buttons.TButtonGlyph.SetGlyph
 0001:000B0E58       Buttons.TButtonGlyph.SetNumGlyphs
 0001:000B0B70       Buttons.TGlyphCache.Create
 0001:000B0BB4       Buttons.TGlyphCache.Destroy
 0001:000B0C6C       Buttons.TGlyphCache.Empty
 0001:000B0BE4       Buttons.TGlyphCache.GetList
 0001:000B0C44       Buttons.TGlyphCache.ReturnList
 0001:000B0B14       Buttons.TGlyphList.AddMasked
 0001:000B0AC8       Buttons.TGlyphList.AllocateIndex
 0001:000B0A44       Buttons.TGlyphList.CreateSize
 0001:000B0B40       Buttons.TGlyphList.Delete
 0001:000B0A98       Buttons.TGlyphList.Destroy
 0001:000B2DE0       Buttons.TSpeedButton.ActionChange
 0001:000B2880       Buttons.TSpeedButton.Click
 0001:000B2B94       Buttons.TSpeedButton.CMButtonPressed
 0001:000B2C08       Buttons.TSpeedButton.CMDialogChar
 0001:000B2B60       Buttons.TSpeedButton.CMEnabledChanged
 0001:000B2CA0       Buttons.TSpeedButton.CMFontChanged
 0001:000B2CDC       Buttons.TSpeedButton.CMMouseEnter
 0001:000B2D58       Buttons.TSpeedButton.CMMouseLeave
 0001:000B2CB8       Buttons.TSpeedButton.CMSysColorChange
 0001:000B2CAC       Buttons.TSpeedButton.CMTextChanged
 0001:000B2DC0       Buttons.TSpeedButton.CopyImage
 0001:000B1F10       Buttons.TSpeedButton.Create
 0001:000B1FD0       Buttons.TSpeedButton.Destroy
 0001:000B289C       Buttons.TSpeedButton.GetActionLinkClass
 0001:000B28A4       Buttons.TSpeedButton.GetGlyph
 0001:000B28CC       Buttons.TSpeedButton.GetNumGlyphs
 0001:000B2888       Buttons.TSpeedButton.GetPalette
 0001:000B2908       Buttons.TSpeedButton.GlyphChanged
 0001:000B2914       Buttons.TSpeedButton.HasCustomGlyph
 0001:000B2940       Buttons.TSpeedButton.InternalCopyImage
 0001:000B2650       Buttons.TSpeedButton.Loaded
 0001:000B267C       Buttons.TSpeedButton.MouseDown
 0001:000B26D8       Buttons.TSpeedButton.MouseMove
 0001:000B2780       Buttons.TSpeedButton.MouseUp
 0001:000B2060       Buttons.TSpeedButton.Paint
 0001:000B2B28       Buttons.TSpeedButton.SetAllowAllUp
 0001:000B2A00       Buttons.TSpeedButton.SetDown
 0001:000B2A70       Buttons.TSpeedButton.SetFlat
 0001:000B28B0       Buttons.TSpeedButton.SetGlyph
 0001:000B2A88       Buttons.TSpeedButton.SetGroupIndex
 0001:000B2A9C       Buttons.TSpeedButton.SetLayout
 0001:000B2AB4       Buttons.TSpeedButton.SetMargin
 0001:000B28D8       Buttons.TSpeedButton.SetNumGlyphs
 0001:000B2AD0       Buttons.TSpeedButton.SetSpacing
 0001:000B2AE8       Buttons.TSpeedButton.SetTransparent
 0001:000B29C8       Buttons.TSpeedButton.UpdateExclusive
 0001:000B25EC       Buttons.TSpeedButton.UpdateTracking
 0001:000B2B3C       Buttons.TSpeedButton.WMLButtonDblClk
 0001:000B1C7C       Buttons.TSpeedButtonActionLink.AssignClient
 0001:000B1CA0       Buttons.TSpeedButtonActionLink.Create
 0001:000B1CDC       Buttons.TSpeedButtonActionLink.IsCheckedLinked
 0001:000B1D1C       Buttons.TSpeedButtonActionLink.IsGlyphLinked
 0001:000B1DE0       Buttons.TSpeedButtonActionLink.IsGroupIndexLinked
 0001:000B1E10       Buttons.TSpeedButtonActionLink.IsImageIndexLinked
 0001:000B1E34       Buttons.TSpeedButtonActionLink.SetChecked
 0001:000B1E54       Buttons.TSpeedButtonActionLink.SetGroupIndex
 0001:000B1E74       Buttons.TSpeedButtonActionLink.SetImageIndex
 0001:0000BCF4       Character.bin_data
 0004:00002C50       Character.CategoryTable
 0004:00002C48       Character.CatIndexPrimary
 0004:00002C4C       Character.CatIndexSecondary
 0004:00002C44       Character.DataTable
 0003:00000A24       Character.Latin1Categories
 0004:00002C5C       Character.NumericValueTable
 0004:00002C54       Character.NumIndexPrimary
 0004:00002C58       Character.NumIndexSecondary
 0001:0000BB6C       Character.TCharacter.CheckLetter
 0001:0000BB78       Character.TCharacter.CheckLetterOrDigit
 0001:0000BC94       Character.TCharacter.GetUnicodeCategory
 0001:00014C30       Character.TCharacter.Initialize
 0001:0000BC88       Character.TCharacter.IsAscii
 0001:0000BB88       Character.TCharacter.IsLatin1
 0001:0000BB94       Character.TCharacter.IsLetter
 0001:0000BC20       Character.TCharacter.IsLetterOrDigit
 0004:00004F68       Classes..96
 0001:0002D8B0       Classes..EBitsError
 0001:0002D648       Classes..EClassNotFound
 0001:0002D9E8       Classes..EComponentError
 0001:0002D350       Classes..EFCreateError
 0001:0002D484       Classes..EFilerError
 0001:0002D254       Classes..EFileStreamError
 0001:0002D3EC       Classes..EFOpenError
 0001:0002D6E4       Classes..EInvalidImage
 0001:0002DB28       Classes..EInvalidOperation
 0001:0002D81C       Classes..EListError
 0001:0002DA88       Classes..EOutOfResources
 0001:0002D51C       Classes..EReadError
 0001:0002D780       Classes..EResNotFound
 0001:0002D1B8       Classes..EStreamError
 0001:0002D944       Classes..EStringListError
 0001:00034D2C       Classes..EThread
 0001:00034DBC       Classes..EThreadExternalException
 0001:0002D5B0       Classes..EWriteError
 0001:0004410C       Classes..TAnonymousThread
 0001:000368B0       Classes..TBasicAction
 0001:00036694       Classes..TBasicActionLink
 0001:0002E8D0       Classes..TBits
 0001:00032598       Classes..TClassFinder
 0001:0002F158       Classes..TCollection
 0001:0002EFB4       Classes..TCollectionEnumerator
 0001:0002ED48       Classes..TCollectionItem
 0001:00035D4C       Classes..TComponent
 0001:00045E1C       Classes..TComponent.FindComponent$1499$ActRec
 0001:000358EC       Classes..TComponentEnumerator
 0001:000317D8       Classes..TCustomMemoryStream
 0001:00044038       Classes..TExternalThread
 0001:000329B4       Classes..TFiler
 0001:000315F4       Classes..TFileStream
 0001:000313DC       Classes..THandleStream
 0001:000387C8       Classes..TIntConst
 0001:0002EBD4       Classes..TInterfacedPersistent
 0001:0002DF04       Classes..TList
 0001:00039770       Classes..TList.Sort$876$ActRec
 0001:0002DD30       Classes..TListEnumerator
 0001:00031A20       Classes..TMemoryStream
 0001:0002EA08       Classes..TPersistent
 0001:0003DF70       Classes..TPropFixup
 0001:0003E19C       Classes..TPropIntfFixup
 0001:000333CC       Classes..TReader
 0001:00036EA8       Classes..TRegGroup
 0001:00037308       Classes..TRegGroups
 0001:00031C68       Classes..TResourceStream
 0001:00030D98       Classes..TStream
 0001:00031FEC       Classes..TStreamAdapter
 0001:000306E0       Classes..TStringList
 0001:0002F858       Classes..TStrings
 0001:0002F6B0       Classes..TStringsEnumerator
 0001:00034FD4       Classes..TThread
 0001:0002E618       Classes..TThreadList
 0001:000342D4       Classes..TWriter
 0001:00038754       Classes.ActivateClassGroup
 0003:00000F78       Classes.AddDataModule
 0001:0003E4C8       Classes.AddFinished
 0001:0003E500       Classes.AddNotFinished
 0001:0003F128       Classes.AddSubComponentsToLoaded
 0001:00046F8C       Classes.AllocateHWnd
 0001:00042694       Classes.AncestorIsValid
 0003:00000F88       Classes.ApplicationHandleException
 0003:00000F90       Classes.ApplicationShowException
 0001:00038C30       Classes.BeginGlobalLoading
 0003:00000FF4       Classes.BlockCode
 0001:00036E50       Classes.Bounds
 0001:00046DEC       Classes.CalcJmpOffset
 0001:0003F164       Classes.CheckSubComponents
 0001:000443BC       Classes.CheckSynchronize
 0002:00000288       Classes.Classes
 0001:00038498       Classes.ClassNotFound
 0001:00046EA0       Classes.CleanupInstFreeList
 0001:00038ED0       Classes.CollectionsEqual
 0001:0003F244       Classes.ComponentCreated
 0001:00041134       Classes.CopyBinary
 0001:000410A4       Classes.CopyBytes
 0001:00041058       Classes.CopyList
 0001:00040FD0       Classes.CopySetBody
 0001:0003F2C4       Classes.CreateComponent
 0003:00000F98       Classes.CreateVCLComObjectProc
 0001:00047040       Classes.DeallocateHWnd
 0001:000442F0       Classes.DoneThreadSynchronization
 0001:0003AF8C       Classes.DoWrite
 0003:00000FAC       Classes.Dummy32bitResHeader
 0001:00047068       Classes.EFileStreamError.Create
 0001:00038CB8       Classes.EndGlobalLoading
 0001:00037F3C       Classes.Error
 0001:0003DDA8       Classes.Error
 0004:00004F80       Classes.ExternalThreads
 0003:00000FA8       Classes.FilerSignature
 0001:00047118       Classes.Finalization
 0001:00041D84       Classes.FindAncestor
 0001:00038570       Classes.FindClass
 0001:0003F474       Classes.FindExistingComponent
 0001:00038B48       Classes.FindGlobalComponent
 0004:00004F74       Classes.FindGlobalComponentProcs
 0001:000389F0       Classes.FindIdentToInt
 0001:00038974       Classes.FindIntToIdent
 0001:00042B08       Classes.FindMethodName
 0001:0003E3D0       Classes.FindNestedComponent
 0001:000404C0       Classes.FindUniqueName
 0001:00044308       Classes.FreeExternalThreads
 0001:00046D54       Classes.FreeIntConstList
 0001:00046E8C       Classes.FreeObjectInstance
 0001:00038504       Classes.GetClass
 0001:000431FC       Classes.GetComponentValue
 0001:0003A240       Classes.GetDesigner
 0001:0003848C       Classes.GetFieldClassTable
 0001:00046EDC       Classes.GetFreeInstBlockItemCount
 0004:00004F78       Classes.GlobalFixupList
 0001:0003E548       Classes.GlobalFixupReferences
 0005:00000010       Classes.GlobalLists
 0005:0000000C       Classes.GlobalLoaded
 0004:00004F5C       Classes.GlobalNameSpace
 0001:000386E8       Classes.GroupDescendentsWith
 0001:0003FC60       Classes.HandleException
 0001:00038A6C       Classes.IdentToInt
 0001:00038D14       Classes.InitComponent
 0001:00038DA0       Classes.InitInheritedComponent
 0001:000442B4       Classes.InitThreadSynchronization
 0004:00004F84       Classes.InstBlockList
 0004:00004F88       Classes.InstFreeList
 0004:00004F6C       Classes.IntConstList
 0001:00036E8C       Classes.InterlockedCompareExchangePointer
 0001:00036E94       Classes.InterlockedExchange
 0001:00036EA0       Classes.InterlockedExchangePointer
 0001:00038BAC       Classes.InternalReadComponentRes
 0001:00038AAC       Classes.IntToIdent
 0001:00036E78       Classes.InvalidPoint
 0001:00042888       Classes.IsDefault
 0001:00042704       Classes.IsDefaultFloatProp
 0001:00042760       Classes.IsDefaultInt64Prop
 0001:00042A2C       Classes.IsDefaultInterfaceProp
 0001:00042B60       Classes.IsDefaultMethodProp
 0001:000428E0       Classes.IsDefaultObjectProp
 0001:000426AC       Classes.IsDefaultOrdProp
 0001:00042C98       Classes.IsDefaultPropertyValue
 0001:000427B8       Classes.IsDefaultStrProp
 0001:00042960       Classes.IsDefaultValue
 0001:00042C00       Classes.IsDefaultVariantProp
 0001:00038B88       Classes.IsUniqueGlobalComponentName
 0004:00004F60       Classes.IsUniqueGlobalComponentNameProc
 0001:00046DF4       Classes.MakeObjectInstance
 0001:00039E78       Classes.Min
 0001:00046DC4       Classes.ModuleUnload
 0003:00000FCC       Classes.NilMethod
 0001:0003A2E0       Classes.NotifyDesigner
 0001:00038C88       Classes.NotifyGlobalLoading
 0001:00042848       Classes.ObjectAncestorMatch
 0001:000431E4       Classes.OwnedBy
 0003:00000FD8       Classes.Priorities
 0001:0003E870       Classes.PropertyNotFound
 0001:0003FD30       Classes.PropPathError
 0001:0003E864       Classes.PropValueError
 0001:000395F4       Classes.QuickSort
 0001:0003CF38       Classes.RaiseException
 0001:0004161C       Classes.ReadCustomVariant
 0001:0003E84C       Classes.ReadError
 0001:0003F264       Classes.Recover
 0001:00036E34       Classes.Rect
 0004:00004F70       Classes.RegGroups
 0001:00038590       Classes.RegisterClass
 0001:00038AF0       Classes.RegisterFindGlobalComponentProc
 0001:00038948       Classes.RegisterIntegerConsts
 0001:00046F0C       Classes.ReleaseObjectInstanceBlocks
 0003:00000F80       Classes.RemoveDataModule
 0001:0003E718       Classes.RemoveFixupReferences
 0001:0003E7C4       Classes.RemoveFixups
 0001:0003EBB4       Classes.RemoveGlobalFixup
 0001:00044388       Classes.ResetSyncEvent
 0001:0003F3D4       Classes.SetCompName
 0001:0003E89C       Classes.SetElementValue
 0001:00040088       Classes.SetInterfaceReference
 0001:0003FFA4       Classes.SetIntIdent
 0001:0003FFEC       Classes.SetObjectIdent
 0001:0003F1DC       Classes.SetSubComponentState
 0001:0004002C       Classes.SetVariantReference
 0001:000443B0       Classes.SignalSyncEvent
 0001:00040D8C       Classes.SkipBinary
 0001:00040DBC       Classes.SkipCollection
 0001:00040D60       Classes.SkipList
 0001:00038680       Classes.StartClassGroup
 0001:00046DCC       Classes.StdWndProc
 0001:0003CD24       Classes.StringListCompareStrings
 0004:00004F64       Classes.SyncEvent
 0003:00000FD4       Classes.SyncList
 0001:0004425C       Classes.TAnonymousThread.Create
 0001:000442A8       Classes.TAnonymousThread.Execute
 0001:000467C0       Classes.TBasicAction.Change
 0001:0004664C       Classes.TBasicAction.Create
 0001:00046690       Classes.TBasicAction.Destroy
 0001:0004672C       Classes.TBasicAction.Execute
 0001:000466FC       Classes.TBasicAction.ExecuteTarget
 0001:000466F8       Classes.TBasicAction.HandlesTarget
 0001:00046700       Classes.TBasicAction.Notification
 0001:000467D4       Classes.TBasicAction.RegisterChanges
 0001:00046820       Classes.TBasicAction.SetActionComponent
 0001:00046764       Classes.TBasicAction.SetOnExecute
 0001:000467E0       Classes.TBasicAction.UnRegisterChanges
 0001:00046748       Classes.TBasicAction.Update
 0001:00046728       Classes.TBasicAction.UpdateTarget
 0001:0004659C       Classes.TBasicActionLink.AssignClient
 0001:000465D4       Classes.TBasicActionLink.Change
 0001:00046558       Classes.TBasicActionLink.Create
 0001:000465A0       Classes.TBasicActionLink.Destroy
 0001:000465EC       Classes.TBasicActionLink.Execute
 0001:00046634       Classes.TBasicActionLink.IsOnExecuteLinked
 0001:00046608       Classes.TBasicActionLink.SetAction
 0001:00046638       Classes.TBasicActionLink.SetOnExecute
 0001:00046640       Classes.TBasicActionLink.Update
 0001:00039E30       Classes.TBits.Destroy
 0001:00039E60       Classes.TBits.Error
 0001:00039F54       Classes.TBits.GetBit
 0001:00039F6C       Classes.TBits.OpenBit
 0001:00039F28       Classes.TBits.SetBit
 0001:00039E84       Classes.TBits.SetSize
 0001:000381F8       Classes.TClassFinder.Create
 0001:00038338       Classes.TClassFinder.Destroy
 0001:00038368       Classes.TClassFinder.GetClass
 0001:00038404       Classes.TClassFinder.GetClasses
 0001:0003A610       Classes.TCollection.Add
 0001:0003AB28       Classes.TCollection.Added
 0001:0003A630       Classes.TCollection.Assign
 0001:0003A6D8       Classes.TCollection.BeginUpdate
 0001:0003A6DC       Classes.TCollection.Changed
 0001:0003A6EC       Classes.TCollection.Clear
 0001:0003A578       Classes.TCollection.Create
 0001:0003AAEC       Classes.TCollection.Delete
 0001:0003AB2C       Classes.TCollection.Deleting
 0001:0003A5C4       Classes.TCollection.Destroy
 0001:0003A754       Classes.TCollection.EndUpdate
 0001:0003A760       Classes.TCollection.FindItemID
 0001:0003A794       Classes.TCollection.GetAttr
 0001:0003A790       Classes.TCollection.GetAttrCount
 0001:0003A7B0       Classes.TCollection.GetCapacity
 0001:0003A7D8       Classes.TCollection.GetCount
 0001:0003A7A0       Classes.TCollection.GetEnumerator
 0001:0003A7E0       Classes.TCollection.GetItem
 0001:0003A7B8       Classes.TCollection.GetItemAttr
 0001:0003A7F4       Classes.TCollection.GetNamePath
 0001:0003A8A8       Classes.TCollection.GetPropName
 0001:0003A9FC       Classes.TCollection.Insert
 0001:0003AA18       Classes.TCollection.InsertItem
 0001:0003AB30       Classes.TCollection.Notify
 0001:0003AB1C       Classes.TCollection.Owner
 0001:0003AA80       Classes.TCollection.RemoveItem
 0001:0003AAD4       Classes.TCollection.SetCapacity
 0001:0003AAE4       Classes.TCollection.SetItemName
 0001:0003AAE8       Classes.TCollection.Update
 0001:0003A50C       Classes.TCollectionEnumerator.Create
 0001:0003A550       Classes.TCollectionEnumerator.GetCurrent
 0001:0003A55C       Classes.TCollectionEnumerator.MoveNext
 0001:0003A3AC       Classes.TCollectionItem.Changed
 0001:0003A344       Classes.TCollectionItem.Create
 0001:0003A37C       Classes.TCollectionItem.Destroy
 0001:0003A3E8       Classes.TCollectionItem.GetDisplayName
 0001:0003A3D0       Classes.TCollectionItem.GetIndex
 0001:0003A3FC       Classes.TCollectionItem.GetNamePath
 0001:0003A4A8       Classes.TCollectionItem.GetOwner
 0001:0003A4AC       Classes.TCollectionItem.SetCollection
 0001:0003A4D4       Classes.TCollectionItem.SetDisplayName
 0001:0003A4DC       Classes.TCollectionItem.SetIndex
 0001:00046050       Classes.TComponent.AddSortedComponent
 0001:000456CC       Classes.TComponent.BeforeDestruction
 0001:00046104       Classes.TComponent.ChangeName
 0001:00045638       Classes.TComponent.Create
 0001:00045BB8       Classes.TComponent.DefineProperties
 0001:00045684       Classes.TComponent.Destroy
 0001:00045A3C       Classes.TComponent.DestroyComponents
 0001:00045AA8       Classes.TComponent.Destroying
 0001:00046260       Classes.TComponent.ExecuteAction
 0001:00045EEC       Classes.TComponent.FindComponent
 0001:00045EE0       Classes.TComponent.FindComponent$1499$ActRec.$0$Body
 0001:00045FD8       Classes.TComponent.FindSortedComponent
 0001:00045718       Classes.TComponent.FreeNotification
 0001:00046394       Classes.TComponent.FreeOnRelease
 0001:00045C5C       Classes.TComponent.GetChildOwner
 0001:00045C60       Classes.TComponent.GetChildParent
 0001:00045C54       Classes.TComponent.GetChildren
 0001:000462C4       Classes.TComponent.GetComObject
 0001:00046158       Classes.TComponent.GetComponent
 0001:00046184       Classes.TComponent.GetComponentCount
 0001:0004613C       Classes.TComponent.GetComponentIndex
 0001:00045C64       Classes.TComponent.GetEnumerator
 0001:00045C74       Classes.TComponent.GetNamePath
 0001:00045C88       Classes.TComponent.GetOwner
 0001:00045C90       Classes.TComponent.GetParentComponent
 0001:00045C50       Classes.TComponent.HasParent
 0001:000458EC       Classes.TComponent.Insert
 0001:000459A0       Classes.TComponent.InsertComponent
 0001:0004642C       Classes.TComponent.IntfGetComponent
 0001:00046430       Classes.TComponent.IsImplementorOf
 0001:00045CB0       Classes.TComponent.Loaded
 0001:00045B58       Classes.TComponent.Notification
 0001:00045CBC       Classes.TComponent.PaletteCreated
 0001:000463AC       Classes.TComponent.QueryInterface
 0001:000458AC       Classes.TComponent.ReadLeft
 0001:00045CC0       Classes.TComponent.ReadState
 0001:000458C0       Classes.TComponent.ReadTop
 0001:000464B0       Classes.TComponent.ReferenceInterface
 0001:00045928       Classes.TComponent.Remove
 0001:00045A04       Classes.TComponent.RemoveComponent
 0001:00045B3C       Classes.TComponent.RemoveFreeNotification
 0001:000456D8       Classes.TComponent.RemoveFreeNotifications
 0001:00045AE4       Classes.TComponent.RemoveNotification
 0001:0004637C       Classes.TComponent.SafeCallException
 0001:00045C8C       Classes.TComponent.SetChildOrder
 0001:00046194       Classes.TComponent.SetComponentIndex
 0001:000461E8       Classes.TComponent.SetDesigning
 0001:00046074       Classes.TComponent.SetName
 0001:00045C94       Classes.TComponent.SetParentComponent
 0001:00046238       Classes.TComponent.SetReference
 0001:000462B0       Classes.TComponent.SetSubComponent
 0001:00046288       Classes.TComponent.UpdateAction
 0001:00045CA4       Classes.TComponent.Updated
 0001:000463A4       Classes.TComponent.UpdateRegistry
 0001:00045C98       Classes.TComponent.Updating
 0001:00045D58       Classes.TComponent.ValidateContainer
 0001:00045D6C       Classes.TComponent.ValidateInsert
 0001:00045CD0       Classes.TComponent.ValidateRename
 0001:000458D4       Classes.TComponent.WriteLeft
 0001:00045CC8       Classes.TComponent.WriteState
 0001:000458E0       Classes.TComponent.WriteTop
 0001:000463EC       Classes.TComponent._AddRef
 0001:0004640C       Classes.TComponent._Release
 0001:000455CC       Classes.TComponentEnumerator.Create
 0001:00045610       Classes.TComponentEnumerator.GetCurrent
 0001:0004561C       Classes.TComponentEnumerator.MoveNext
 0001:0003DA3C       Classes.TCustomMemoryStream.Read
 0001:0003DAB0       Classes.TCustomMemoryStream.SaveToFile
 0001:0003DA98       Classes.TCustomMemoryStream.SaveToStream
 0001:0003DA74       Classes.TCustomMemoryStream.Seek
 0001:0003DA34       Classes.TCustomMemoryStream.SetPointer
 0001:0004421C       Classes.TExternalThread.Create
 0001:00044258       Classes.TExternalThread.Execute
 0001:0003DEFC       Classes.TFiler.Create
 0001:00032D6C       Classes.TFiler.DefineBinaryProperty
 0001:00032D64       Classes.TFiler.DefineProperty
 0001:0003DF44       Classes.TFiler.Destroy
 0001:00032D74       Classes.TFiler.FlushBuffer
 0001:0003DF6C       Classes.TFiler.SetRoot
 0001:0003D848       Classes.TFileStream.Create
 0001:0003D88C       Classes.TFileStream.Create
 0001:0003DA00       Classes.TFileStream.Destroy
 0001:0003D784       Classes.THandleStream.Create
 0001:0003D7C0       Classes.THandleStream.Read
 0001:0003D7E0       Classes.THandleStream.Seek
 0001:0003D80C       Classes.THandleStream.SetSize
 0001:0003D820       Classes.THandleStream.SetSize
 0001:0003D7D0       Classes.THandleStream.Write
 0004:00004F7C       Classes.ThreadLock
 0001:000445E8       Classes.ThreadProc
 0001:00038910       Classes.TIntConst.Create
 0001:0003A188       Classes.TInterfacedPersistent.AfterConstruction
 0001:0003A218       Classes.TInterfacedPersistent.QueryInterface
 0001:0003A1D8       Classes.TInterfacedPersistent._AddRef
 0001:0003A1F8       Classes.TInterfacedPersistent._Release
 0001:00039074       Classes.TList.Add
 0001:00039938       Classes.TList.Assign
 0001:000390B4       Classes.TList.Clear
 0001:000390CC       Classes.TList.Delete
 0001:00039054       Classes.TList.Destroy
 0001:00039134       Classes.TList.Error
 0001:0003917C       Classes.TList.Error
 0001:00039200       Classes.TList.Exchange
 0001:00039250       Classes.TList.Expand
 0001:000398DC       Classes.TList.Extract
 0001:000398E4       Classes.TList.ExtractItem
 0001:00039268       Classes.TList.First
 0001:00039270       Classes.TList.Get
 0001:00039294       Classes.TList.GetEnumerator
 0001:000392A4       Classes.TList.Grow
 0001:000392D8       Classes.TList.IndexOf
 0001:000392FC       Classes.TList.IndexOfItem
 0001:00039328       Classes.TList.Insert
 0001:000393A0       Classes.TList.Last
 0001:000393C4       Classes.TList.Move
 0001:00039934       Classes.TList.Notify
 0001:000394A0       Classes.TList.Pack
 0001:0003941C       Classes.TList.Put
 0001:00039478       Classes.TList.Remove
 0001:00039480       Classes.TList.RemoveItem
 0001:00039514       Classes.TList.SetCapacity
 0001:00039550       Classes.TList.SetCount
 0001:0003983C       Classes.TList.Sort
 0001:00039830       Classes.TList.Sort$876$ActRec.$0$Body
 0001:000398BC       Classes.TList.SortList
 0001:00038FEC       Classes.TListEnumerator.Create
 0001:00039030       Classes.TListEnumerator.GetCurrent
 0001:0003903C       Classes.TListEnumerator.MoveNext
 0001:0003DB34       Classes.TMemoryStream.Clear
 0001:0003DB08       Classes.TMemoryStream.Destroy
 0001:0003DB84       Classes.TMemoryStream.LoadFromFile
 0001:0003DB4C       Classes.TMemoryStream.LoadFromStream
 0001:0003DC2C       Classes.TMemoryStream.Realloc
 0001:0003DBD8       Classes.TMemoryStream.SetCapacity
 0001:0003DC00       Classes.TMemoryStream.SetSize
 0001:0003DCAC       Classes.TMemoryStream.Write
 0001:0003A010       Classes.TPersistent.Assign
 0001:0003A024       Classes.TPersistent.AssignError
 0001:0003A0E0       Classes.TPersistent.AssignTo
 0001:0003A0E8       Classes.TPersistent.DefineProperties
 0001:00039FE4       Classes.TPersistent.Destroy
 0001:0003A0EC       Classes.TPersistent.GetNamePath
 0001:0003A184       Classes.TPersistent.GetOwner
 0001:0003E284       Classes.TPropFixup.Create
 0001:0003E2DC       Classes.TPropFixup.MakeGlobalReference
 0001:0003E33C       Classes.TPropFixup.ResolveReference
 0001:0003E34C       Classes.TPropIntfFixup.ResolveReference
 0001:0003E8F0       Classes.TReader.BeginReferences
 0001:0003E958       Classes.TReader.CheckValue
 0001:0004118C       Classes.TReader.CopyValue
 0001:0003E9B8       Classes.TReader.DefineBinaryProperty
 0001:0003E97C       Classes.TReader.DefineProperty
 0001:0003E8B4       Classes.TReader.Destroy
 0001:0003EC34       Classes.TReader.DoFixupReferences
 0001:0003EAA0       Classes.TReader.EndOfList
 0001:0003EAB4       Classes.TReader.EndReferences
 0001:0003EAD0       Classes.TReader.Error
 0001:00041468       Classes.TReader.FindAncestorComponent
 0001:00041560       Classes.TReader.FindComponentClass
 0001:0003EB64       Classes.TReader.FindMethod
 0001:0003EAF4       Classes.TReader.FindMethodInstance
 0001:0003ED78       Classes.TReader.FixupReferences
 0001:0003EDB0       Classes.TReader.FlushBuffer
 0001:0003EDD4       Classes.TReader.FreeFixups
 0001:0003EE10       Classes.TReader.GetFieldClass
 0001:0003EEA4       Classes.TReader.GetPosition
 0001:0003EEBC       Classes.TReader.NextValue
 0001:0003EECC       Classes.TReader.PropertyError
 0001:0003EEE0       Classes.TReader.Read
 0001:0003EF68       Classes.TReader.ReadBoolean
 0001:0003EF2C       Classes.TReader.ReadBuffer
 0001:0003EF8C       Classes.TReader.ReadChar
 0001:0003F04C       Classes.TReader.ReadCollection
 0001:0003F518       Classes.TReader.ReadComponent
 0001:0004085C       Classes.TReader.ReadComponents
 0001:0003F958       Classes.TReader.ReadCurrency
 0001:0003F758       Classes.TReader.ReadData
 0001:0003F7C8       Classes.TReader.ReadDataInner
 0001:0003F9A8       Classes.TReader.ReadDate
 0001:0003F8D0       Classes.TReader.ReadDouble
 0001:0003F898       Classes.TReader.ReadFloat
 0001:0003F9EC       Classes.TReader.ReadIdent
 0001:0003FBCC       Classes.TReader.ReadInt64
 0001:0003FB60       Classes.TReader.ReadInteger
 0001:0003FC10       Classes.TReader.ReadListBegin
 0001:0003FC18       Classes.TReader.ReadListEnd
 0001:0003FC20       Classes.TReader.ReadPrefix
 0001:0003FD4C       Classes.TReader.ReadProperty
 0001:00040148       Classes.TReader.ReadPropValue
 0001:00040528       Classes.TReader.ReadRootComponent
 0001:0004094C       Classes.TReader.ReadSet
 0001:00040A08       Classes.TReader.ReadSignature
 0001:0003F914       Classes.TReader.ReadSingle
 0001:00040A2C       Classes.TReader.ReadStr
 0001:00040ABC       Classes.TReader.ReadString
 0001:00040CE4       Classes.TReader.ReadValue
 0001:000417E4       Classes.TReader.ReadVariant
 0001:0003EFEC       Classes.TReader.ReadWideChar
 0001:00040BA4       Classes.TReader.ReadWideString
 0001:00041520       Classes.TReader.ReferenceName
 0001:00041538       Classes.TReader.SetName
 0001:00040CF8       Classes.TReader.SetPosition
 0001:000415D4       Classes.TReader.SkipBytes
 0001:000413BC       Classes.TReader.SkipComponent
 0001:00041374       Classes.TReader.SkipProperty
 0001:00040D18       Classes.TReader.SkipSetBody
 0001:00040E20       Classes.TReader.SkipValue
 0001:000377E4       Classes.TRegGroup.AddClass
 0001:000377F0       Classes.TRegGroup.BestClass
 0001:00037850       Classes.TRegGroup.BestGroup
 0001:000378C0       Classes.TRegGroup.Create
 0001:0003791C       Classes.TRegGroup.Destroy
 0001:0003795C       Classes.TRegGroup.GetClass
 0001:000379AC       Classes.TRegGroup.GetClasses
 0001:000379F4       Classes.TRegGroup.IndexOfClass
 0001:00037A6C       Classes.TRegGroup.InGroup
 0001:00037AB0       Classes.TRegGroup.RegisterClass
 0001:00037B64       Classes.TRegGroup.RegisterClassAlias
 0001:00037B9C       Classes.TRegGroup.Registered
 0001:00037BB4       Classes.TRegGroup.UnregisterClass
 0001:00037C14       Classes.TRegGroup.UnregisterModuleClasses
 0001:00037D54       Classes.TRegGroups.Activate
 0001:00037DA0       Classes.TRegGroups.AddClass
 0001:00037DC0       Classes.TRegGroups.Create
 0001:00037E34       Classes.TRegGroups.Destroy
 0001:00037E94       Classes.TRegGroups.FindGroup
 0001:00037ED8       Classes.TRegGroups.GetClass
 0001:00037F1C       Classes.TRegGroups.GroupedWith
 0001:00037FC0       Classes.TRegGroups.GroupWith
 0001:00038094       Classes.TRegGroups.Lock
 0001:000380A0       Classes.TRegGroups.RegisterClass
 0001:000380B8       Classes.TRegGroups.RegisterClassAlias
 0001:000380D8       Classes.TRegGroups.Registered
 0001:0003811C       Classes.TRegGroups.StartGroup
 0001:0003816C       Classes.TRegGroups.Unlock
 0001:00038178       Classes.TRegGroups.UnregisterClass
 0001:000381A8       Classes.TRegGroups.UnregisterModuleClasses
 0001:0003DCFC       Classes.TResourceStream.Create
 0001:0003DD54       Classes.TResourceStream.CreateFromID
 0001:0003DEB4       Classes.TResourceStream.Destroy
 0001:0003DE48       Classes.TResourceStream.Initialize
 0001:0003DEE4       Classes.TResourceStream.Write
 0001:0003D160       Classes.TStream.CopyFrom
 0001:0003D5A0       Classes.TStream.FixupResourceHeader
 0001:0003CE4C       Classes.TStream.GetPosition
 0001:0003CE80       Classes.TStream.GetSize
 0001:00031394       Classes.TStream.Read
 0001:0003D0A0       Classes.TStream.ReadBuffer
 0001:0003D254       Classes.TStream.ReadComponent
 0001:0003D318       Classes.TStream.ReadComponentRes
 0001:0003D698       Classes.TStream.ReadResHeader
 0001:0003CFAC       Classes.TStream.Seek
 0001:0003D030       Classes.TStream.Seek
 0001:0003CE6C       Classes.TStream.SetPosition
 0001:0003CEE4       Classes.TStream.SetSize
 0001:0003CECC       Classes.TStream.SetSize
 0001:0003CED0       Classes.TStream.SetSize64
 0001:0003139C       Classes.TStream.Write
 0001:0003D100       Classes.TStream.WriteBuffer
 0001:0003D2B4       Classes.TStream.WriteComponent
 0001:0003D334       Classes.TStream.WriteComponentRes
 0001:0003D2BC       Classes.TStream.WriteDescendent
 0001:0003D664       Classes.TStream.WriteDescendentRes
 0001:0003D33C       Classes.TStream.WriteResourceHeader
 0001:00046D3C       Classes.TStreamAdapter.Clone
 0001:00046C90       Classes.TStreamAdapter.Commit
 0001:00046A88       Classes.TStreamAdapter.CopyTo
 0001:0004684C       Classes.TStreamAdapter.Create
 0001:00046898       Classes.TStreamAdapter.Destroy
 0001:00046CA8       Classes.TStreamAdapter.LockRegion
 0001:000468D0       Classes.TStreamAdapter.Read
 0001:00046C9C       Classes.TStreamAdapter.Revert
 0001:000469A0       Classes.TStreamAdapter.Seek
 0001:00046A24       Classes.TStreamAdapter.SetSize
 0001:00046CC0       Classes.TStreamAdapter.Stat
 0001:00046CB4       Classes.TStreamAdapter.UnlockRegion
 0001:00046938       Classes.TStreamAdapter.Write
 0001:0003C66C       Classes.TStringList.Add
 0001:0003C67C       Classes.TStringList.AddObject
 0001:0003C6E0       Classes.TStringList.Assign
 0001:0003C71C       Classes.TStringList.Changed
 0001:0003C738       Classes.TStringList.Changing
 0001:0003C754       Classes.TStringList.Clear
 0001:0003CD8C       Classes.TStringList.CompareStrings
 0001:0003CDA8       Classes.TStringList.Create
 0001:0003CDE0       Classes.TStringList.Create
 0001:0003CD54       Classes.TStringList.CustomSort
 0001:0003C83C       Classes.TStringList.Delete
 0001:0003C560       Classes.TStringList.Destroy
 0001:0003C8C8       Classes.TStringList.Exchange
 0001:0003C924       Classes.TStringList.ExchangeItems
 0001:0003C948       Classes.TStringList.Find
 0001:0003C9CC       Classes.TStringList.Get
 0001:0003C9FC       Classes.TStringList.GetCapacity
 0001:0003CA00       Classes.TStringList.GetCount
 0001:0003CA04       Classes.TStringList.GetObject
 0001:0003CA28       Classes.TStringList.Grow
 0001:0003CA5C       Classes.TStringList.IndexOf
 0001:0003CA98       Classes.TStringList.Insert
 0001:0003CAFC       Classes.TStringList.InsertItem
 0001:0003CAA8       Classes.TStringList.InsertObject
 0001:0003CB78       Classes.TStringList.Put
 0001:0003CBD0       Classes.TStringList.PutObject
 0001:0003CC0C       Classes.TStringList.QuickSort
 0001:0003CCA4       Classes.TStringList.SetCapacity
 0001:0003CE24       Classes.TStringList.SetCaseSensitive
 0001:0003CCE4       Classes.TStringList.SetSorted
 0001:0003CD04       Classes.TStringList.SetUpdateState
 0001:0003CD44       Classes.TStringList.Sort
 0001:0003AC84       Classes.TStrings.Add
 0001:0003ACA8       Classes.TStrings.AddObject
 0001:0003ADF4       Classes.TStrings.AddStrings
 0001:0003ACD8       Classes.TStrings.AddStrings
 0001:0003AD90       Classes.TStrings.AddStrings
 0001:0003ACCC       Classes.TStrings.Append
 0001:0003AE98       Classes.TStrings.Assign
 0001:0003AF74       Classes.TStrings.BeginUpdate
 0001:000305E0       Classes.TStrings.Clear
 0001:0003C430       Classes.TStrings.CompareStrings
 0001:0003ABCC       Classes.TStrings.Create
 0001:0003AFE4       Classes.TStrings.DefineProperties
 0001:000305E8       Classes.TStrings.Delete
 0001:0003AC14       Classes.TStrings.Destroy
 0001:0003B03C       Classes.TStrings.EndUpdate
 0001:0003B050       Classes.TStrings.Equals
 0001:0003B0F8       Classes.TStrings.Error
 0001:0003B17C       Classes.TStrings.Exchange
 0001:0003B268       Classes.TStrings.GetCapacity
 0001:0003B270       Classes.TStrings.GetCommaText
 0001:0003B308       Classes.TStrings.GetDelimitedText
 0001:0003C28C       Classes.TStrings.GetDelimiter
 0001:0003B578       Classes.TStrings.GetEnumerator
 0001:0003C2A8       Classes.TStrings.GetLineBreak
 0001:0003C43C       Classes.TStrings.GetNameValueSeparator
 0001:0003B588       Classes.TStrings.GetObject
 0001:0003C2E4       Classes.TStrings.GetQuoteChar
 0001:0003C300       Classes.TStrings.GetStrictDelimiter
 0001:0003B58C       Classes.TStrings.GetText
 0001:0003B5E0       Classes.TStrings.GetTextStr
 0001:0003B724       Classes.TStrings.IndexOf
 0001:0003B7B0       Classes.TStrings.IndexOfName
 0001:0003B884       Classes.TStrings.IndexOfObject
 0001:000305F0       Classes.TStrings.Insert
 0001:0003B8B8       Classes.TStrings.InsertObject
 0001:0003B8E8       Classes.TStrings.LoadFromFile
 0001:0003B93C       Classes.TStrings.LoadFromFile
 0001:0003B9A4       Classes.TStrings.LoadFromStream
 0001:0003B998       Classes.TStrings.LoadFromStream
 0001:0003BAA8       Classes.TStrings.Move
 0001:0003BB68       Classes.TStrings.Put
 0001:0003BB98       Classes.TStrings.PutObject
 0001:0003BB9C       Classes.TStrings.ReadData
 0001:0003BC5C       Classes.TStrings.SaveToFile
 0001:0003BC4C       Classes.TStrings.SaveToFile
 0001:0003BCBC       Classes.TStrings.SaveToStream
 0001:0003BCCC       Classes.TStrings.SaveToStream
 0001:0003BD88       Classes.TStrings.SetCapacity
 0001:0003BD8C       Classes.TStrings.SetCommaText
 0001:0003C318       Classes.TStrings.SetDefaultEncoding
 0001:0003C0DC       Classes.TStrings.SetDelimitedText
 0001:0003C360       Classes.TStrings.SetDelimiter
 0001:0003C380       Classes.TStrings.SetEncoding
 0001:0003C3C8       Classes.TStrings.SetLineBreak
 0001:0003C458       Classes.TStrings.SetNameValueSeparator
 0001:0003C3F4       Classes.TStrings.SetQuoteChar
 0001:0003C414       Classes.TStrings.SetStrictDelimiter
 0001:0003BE24       Classes.TStrings.SetStringsAdapter
 0001:0003BE58       Classes.TStrings.SetText
 0001:0003BEA8       Classes.TStrings.SetTextStr
 0001:0003C054       Classes.TStrings.SetUpdateState
 0001:0003C510       Classes.TStrings.ToObjectArray
 0001:0003C478       Classes.TStrings.ToStringArray
 0001:0003C058       Classes.TStrings.WriteData
 0001:0003AB54       Classes.TStringsEnumerator.Create
 0001:0003AB98       Classes.TStringsEnumerator.GetCurrent
 0001:0003ABB0       Classes.TStringsEnumerator.MoveNext
 0004:00004F58       Classes.TThread.$ClassInitFlag
 0001:00044884       Classes.TThread.AfterConstruction
 0001:00044964       Classes.TThread.CallOnTerminate
 0001:00044898       Classes.TThread.CheckTerminated
 0001:000448D0       Classes.TThread.CheckThreadError
 0001:0004494C       Classes.TThread.CheckThreadError
 0001:0004469C       Classes.TThread.Create
 0001:000446D4       Classes.TThread.Create
 0002:0000026C       Classes.TThread.Create@
 0001:000447D8       Classes.TThread.CreateAnonymousThread
 0001:000447E8       Classes.TThread.Destroy
 0001:0004485C       Classes.TThread.Destroy@
 0001:00044978       Classes.TThread.DoTerminate
 0005:00000008       Classes.TThread.FCurrentThread
 0004:00004F54       Classes.TThread.FProcessorCount
 0001:0004498C       Classes.TThread.GetCurrentThread
 0001:00044AAC       Classes.TThread.GetPriority
 0001:00044A00       Classes.TThread.InternalStart
 0001:0004552C       Classes.TThread.NameThreadForDebugging
 0001:00045104       Classes.TThread.Queue
 0001:00044C6C       Classes.TThread.Queue
 0001:00044B14       Classes.TThread.Queue
 0001:00044BA0       Classes.TThread.Queue
 0001:00045298       Classes.TThread.RemoveQueuedEvents
 0001:00044D0C       Classes.TThread.RemoveQueuedEvents
 0001:0004534C       Classes.TThread.RemoveQueuedEvents
 0001:0004541C       Classes.TThread.Resume
 0001:00044AE8       Classes.TThread.SetPriority
 0001:00044DE0       Classes.TThread.SetReturnValue
 0001:00045360       Classes.TThread.SetSuspended
 0001:00045394       Classes.TThread.Sleep
 0001:00045378       Classes.TThread.SpinWait
 0001:000453A4       Classes.TThread.Start
 0001:00044E1C       Classes.TThread.StaticQueue
 0001:00045284       Classes.TThread.StaticSynchronize
 0001:000453AC       Classes.TThread.Suspend
 0001:00044FD8       Classes.TThread.Synchronize
 0001:0004500C       Classes.TThread.Synchronize
 0001:00044E30       Classes.TThread.Synchronize
 0001:000451E8       Classes.TThread.Synchronize
 0001:00045074       Classes.TThread.Synchronize
 0001:00045444       Classes.TThread.Terminate
 0001:00045468       Classes.TThread.WaitFor
 0001:0004539C       Classes.TThread.Yield
 0001:00039CD8       Classes.TThreadList.Add
 0001:00039D60       Classes.TThreadList.Clear
 0001:00039C04       Classes.TThreadList.Create
 0001:00039C5C       Classes.TThreadList.Destroy
 0001:00039DA8       Classes.TThreadList.LockList
 0001:00039DC8       Classes.TThreadList.Remove
 0001:00039DD0       Classes.TThreadList.RemoveItem
 0001:00039E24       Classes.TThreadList.UnlockList
 0001:00041A30       Classes.TWriter.AddAncestor
 0001:00041A64       Classes.TWriter.DefineBinaryProperty
 0001:00041A3C       Classes.TWriter.DefineProperty
 0001:00041A04       Classes.TWriter.Destroy
 0001:00041AA0       Classes.TWriter.FindMethodName
 0001:00041AE8       Classes.TWriter.FlushBuffer
 0001:00044014       Classes.TWriter.GetLookupInfo
 0001:00041A90       Classes.TWriter.GetPosition
 0001:00041AF0       Classes.TWriter.SetPosition
 0001:00041B2C       Classes.TWriter.SetRoot
 0001:00041B44       Classes.TWriter.Write
 0001:00041B90       Classes.TWriter.WriteBinary
 0001:00041C30       Classes.TWriter.WriteBoolean
 0001:00041C18       Classes.TWriter.WriteBuffer
 0001:00041C44       Classes.TWriter.WriteChar
 0001:00041CE4       Classes.TWriter.WriteCollection
 0001:00041DD4       Classes.TWriter.WriteComponent
 0001:0004237C       Classes.TWriter.WriteCurrency
 0001:00041F28       Classes.TWriter.WriteData
 0001:000423A0       Classes.TWriter.WriteDate
 0001:000422E8       Classes.TWriter.WriteDescendent
 0001:00042358       Classes.TWriter.WriteDouble
 0001:00042310       Classes.TWriter.WriteFloat
 0001:000423C4       Classes.TWriter.WriteIdent
 0001:0004251C       Classes.TWriter.WriteInteger
 0001:000424A8       Classes.TWriter.WriteInteger
 0001:00042574       Classes.TWriter.WriteListBegin
 0001:0004257C       Classes.TWriter.WriteListEnd
 0001:00043DEC       Classes.TWriter.WriteMinStr
 0001:00042584       Classes.TWriter.WritePrefix
 0001:000425CC       Classes.TWriter.WriteProperties
 0001:00043800       Classes.TWriter.WriteProperty
 0001:00043D34       Classes.TWriter.WritePropName
 0001:00043D88       Classes.TWriter.WriteRootComponent
 0001:00043D90       Classes.TWriter.WriteSignature
 0001:00042334       Classes.TWriter.WriteSingle
 0001:00043DA0       Classes.TWriter.WriteStr
 0001:00043EB0       Classes.TWriter.WriteString
 0001:00043F64       Classes.TWriter.WriteUTF8Str
 0001:00044000       Classes.TWriter.WriteValue
 0001:00043954       Classes.TWriter.WriteVariant
 0001:00041C94       Classes.TWriter.WriteWideChar
 0001:00043FF8       Classes.TWriter.WriteWideString
 0001:00038B30       Classes.UnregisterFindGlobalComponentProc
 0001:00038618       Classes.UnRegisterModuleClasses
 0003:00000FF8       Classes.UtilWindowClass
 0001:00044394       Classes.WaitForSyncEvent
 0003:00000FA0       Classes.WakeMainThread
 0001:00038E64       Classes.WriteCollection
 0001:00042F54       Classes.WriteCollectionProp
 0001:000430F0       Classes.WriteFloatProp
 0001:00043130       Classes.WriteInt64Prop
 0001:00043550       Classes.WriteInterfaceProp
 0001:00042EE8       Classes.WriteIntProp
 0001:0004370C       Classes.WriteMethodProp
 0001:0004333C       Classes.WriteObjectProp
 0001:00042FF8       Classes.WriteOrdProp
 0001:00042DFC       Classes.WritePropPath
 0001:00042E54       Classes.WriteSet
 0001:0004316C       Classes.WriteStrProp
 0001:0004379C       Classes.WriteVariantProp
 0004:00005244       Clipbrd..3
 0004:00005242       Clipbrd.CF_COMPONENT
 0004:00005240       Clipbrd.CF_PICTURE
 0002:00000BA0       Clipbrd.Clipbrd
 0004:00005248       Clipbrd.FClipboard
 0001:0009A110       Clipbrd.Finalization
 0004:00005224       ComCtrls..96
 0001:000993A0       ComCtrls..TConversion
 0002:00000B24       ComCtrls.ComCtrls
 0004:00005228       ComCtrls.ConversionFormatList
 0001:000996A4       ComCtrls.Finalization
 0001:00099644       ComCtrls.FreeConversionFormatList
 0004:00005230       ComCtrls.FRichEditModule
 0003:000021B8       ComCtrls.RTFConversionFormat
 0004:0000522C       ComCtrls.ShellModule
 0001:0009958C       ComCtrls.TConversion.ConvertReadStream
 0001:000995E8       ComCtrls.TConversion.ConvertWriteStream
 0001:00099554       ComCtrls.TConversion.Create
 0003:000021C0       ComCtrls.TextConversionFormat
 0001:0005B434       CommCtrl.FlatSB_GetScrollInfo
 0001:0005B43C       CommCtrl.FlatSB_GetScrollPos
 0001:0005B444       CommCtrl.FlatSB_SetScrollInfo
 0001:0005B44C       CommCtrl.FlatSB_SetScrollPos
 0001:0005B454       CommCtrl.FlatSB_SetScrollProp
 0001:0005B36C       CommCtrl.ImageList_Add
 0001:0005B3CC       CommCtrl.ImageList_BeginDrag
 0001:0005B3C4       CommCtrl.ImageList_Copy
 0001:0005B34C       CommCtrl.ImageList_Create
 0001:0005B354       CommCtrl.ImageList_Destroy
 0001:0005B3DC       CommCtrl.ImageList_DragEnter
 0001:0005B3E4       CommCtrl.ImageList_DragLeave
 0001:0005B3EC       CommCtrl.ImageList_DragMove
 0001:0005B3F4       CommCtrl.ImageList_DragShowNolock
 0001:0005B394       CommCtrl.ImageList_Draw
 0001:0005B3A4       CommCtrl.ImageList_DrawEx
 0001:0005B3D4       CommCtrl.ImageList_EndDrag
 0001:0005B384       CommCtrl.ImageList_GetBkColor
 0001:0005B3FC       CommCtrl.ImageList_GetDragImage
 0001:0005B3B4       CommCtrl.ImageList_GetIcon
 0001:0005B414       CommCtrl.ImageList_GetIconSize
 0001:0005B35C       CommCtrl.ImageList_GetImageCount
 0001:0005B424       CommCtrl.ImageList_GetImageInfo
 0001:0005B3BC       CommCtrl.ImageList_LoadImage
 0001:0005B404       CommCtrl.ImageList_Read
 0001:0005B3AC       CommCtrl.ImageList_Remove
 0001:0005B39C       CommCtrl.ImageList_Replace
 0001:0005B374       CommCtrl.ImageList_ReplaceIcon
 0001:0005B37C       CommCtrl.ImageList_SetBkColor
 0001:0005B41C       CommCtrl.ImageList_SetIconSize
 0001:0005B364       CommCtrl.ImageList_SetImageCount
 0001:0005B38C       CommCtrl.ImageList_SetOverlayImage
 0001:0005B40C       CommCtrl.ImageList_Write
 0001:0005B45C       CommCtrl.InitializeFlatSB
 0001:0005B42C       CommCtrl._TrackMouseEvent
 0001:0005AFBC       Contnrs..TOrderedList
 0001:0005B1D4       Contnrs..TStack
 0001:0005B264       Contnrs.TOrderedList.AtLeast
 0001:0005B290       Contnrs.TOrderedList.Count
 0001:0005B298       Contnrs.TOrderedList.Create
 0001:0005B2DC       Contnrs.TOrderedList.Destroy
 0001:0005B270       Contnrs.TOrderedList.Peek
 0001:0005B30C       Contnrs.TOrderedList.PeekItem
 0001:0005B278       Contnrs.TOrderedList.Pop
 0001:0005B320       Contnrs.TOrderedList.PopItem
 0001:0005B280       Contnrs.TOrderedList.Push
 0001:0005B340       Contnrs.TStack.PushItem
 0004:0000512C       Controls..44
 0001:0005EE78       Controls..TBaseDragControlObject
 0001:00062B24       Controls..TControl
 0001:0005F938       Controls..TControlActionLink
 0001:0005F6EC       Controls..TControlCanvas
 0001:00066584       Controls..TCustomControl
 0001:00060C04       Controls..TCustomGestureCollectionItem
 0001:00061444       Controls..TCustomGestureEngine
 0001:00060E64       Controls..TCustomGestureManager
 0001:00068B30       Controls..TCustomHint
 0001:000688D8       Controls..TCustomHintShowHideThread
 0001:0006849C       Controls..TCustomHintWindow
 0001:00067CC4       Controls..TCustomPanningWindow
 0001:00061618       Controls..TCustomTouchManager
 0001:00067950       Controls..TDockTree
 0001:00067364       Controls..TDockZone
 0001:0005F014       Controls..TDragControlObject
 0001:0005F150       Controls..TDragControlObjectEx
 0001:0005F25C       Controls..TDragDockObject
 0001:0005F5D4       Controls..TDragDockObjectEx
 0001:00066C60       Controls..TDragImageList
 0001:0005E974       Controls..TDragObject
 0001:000663B4       Controls..TGraphicControl
 0001:000667A0       Controls..THintWindow
 0001:000670BC       Controls..TImageList
 0001:0006023C       Controls..TMargins
 0001:00067F74       Controls..TMouse
 0001:00060720       Controls..TPadding
 0001:00069774       Controls..TSiteList
 0001:0005FFD4       Controls..TSizeConstraints
 0001:00061BCC       Controls..TTouchManager
 0001:00064EA0       Controls..TWinControl
 0001:000648E4       Controls..TWinControlActionLink
 0001:00069F28       Controls.AbsMin
 0004:00005160       Controls.ActiveDrag
 0001:00070C70       Controls.AlignNestedControls
 0001:00070C1C       Controls.AlignWork
 0003:0000196C       Controls.AnchorAlign
 0003:00001960       Controls.AnimateWindowProc
 0003:00001AE4       Controls.AnimationStyle
 0001:0006D0E4       Controls.BackgroundClipped
 0001:0007B680       Controls.CalcSplitterPos
 0001:0006AFAC       Controls.CancelDrag
 0004:00005174       Controls.CanvasList
 0003:00001A24       Controls.CaptureControl
 0001:0006AC14       Controls.CheckUndock
 0001:000783CC       Controls.ClientToWindow
 0004:00005132       Controls.ControlAtom
 0004:00005138       Controls.ControlAtomString
 0002:00000910       Controls.Controls
 0003:00001A78       Controls.CPan
 0003:00001A75       Controls.CPanOoptions
 0003:00001AA8       Controls.CPanSingleFingerHorizontal
 0003:00001AA0       Controls.CPanSingleFingerVertical
 0003:00001AB0       Controls.CPanWithGutter
 0003:00001AB8       Controls.CPanWithInertia
 0003:00001A90       Controls.CPressAndTap
 0003:00001968       Controls.CreationControl
 0003:00001A88       Controls.CRotate
 0003:00001A68       Controls.Ctl3DStyles
 0003:00001A98       Controls.CTwoFingerTap
 0003:00001974       Controls.Cursors
 0001:00069608       Controls.CursorToIdent
 0003:00001A80       Controls.CZoom
 0003:00001964       Controls.DefaultDockTreeClass
 0001:00072048       Controls.DestroyChildWindow
 0001:00070EE8       Controls.DoAdjustSize
 0001:00070A90       Controls.DoAlign
 0001:00076340       Controls.DoCalcConstraints
 0004:00005168       Controls.DockSiteList
 0001:00072F98       Controls.DoControlMsg
 0001:0006A528       Controls.DoDragOver
 0001:000790C0       Controls.DoFindControlZone
 0001:000797EC       Controls.DoFindZone
 0001:00079144       Controls.DoForEach
 0001:0007AE48       Controls.DoGetNextLimit
 0001:0007BF84       Controls.DoneControls
 0001:00070A48       Controls.DoPosition
 0001:0007A2F4       Controls.DoPrune
 0001:0007A83C       Controls.DoSaveZone
 0001:0007AB40       Controls.DoSetNewBounds
 0001:00071CC4       Controls.DoWriteDesignSize
 0001:0006E6A0       Controls.DoWriteExplicit
 0001:0006E66C       Controls.DoWriteIsControl
 0004:0000514C       Controls.DragCapture
 0004:00005140       Controls.DragControl
 0001:0006AC88       Controls.DragDone
 0001:0006A4D8       Controls.DragFindTarget
 0001:0006A4AC       Controls.DragFindWindow
 0004:00005164       Controls.DragImageList
 0001:0006A8EC       Controls.DragInit
 0001:0006AA5C       Controls.DragInitControl
 0004:00005148       Controls.DragInternalObject
 0001:0006A3F4       Controls.DragMessage
 0004:00005144       Controls.DragObject
 0004:00005170       Controls.DragSave
 0004:00005158       Controls.DragSaveCursor
 0004:00005150       Controls.DragStartPos
 0004:0000515C       Controls.DragThreshold
 0001:0006A604       Controls.DragTo
 0001:00079D74       Controls.DrawCloseButton
 0001:00079E08       Controls.DrawGrabberLine
 0001:00079E94       Controls.DrawThemedGrabber
 0001:000734B4       Controls.DrawThemeEdge
 0003:00001A58       Controls.EdgeStyles
 0001:0007DAB0       Controls.Finalization
 0001:00069298       Controls.FindControl
 0001:0006AFF8       Controls.FindDragTarget
 0001:0006AFC4       Controls.FindVCLWindow
 0004:00005178       Controls.FlagControl
 0001:0006B0EC       Controls.FreeDeviceContext
 0001:0006B1AC       Controls.FreeDeviceContexts
 0003:00001A70       Controls.GestureMap
 0001:00069708       Controls.GetCaptureControl
 0001:000708B0       Controls.GetClientSize
 0001:00072554       Controls.GetControlAtPos
 0001:0007AF30       Controls.GetDockAlign
 0001:0006A24C       Controls.GetDockSiteAtPos
 0001:0006A564       Controls.GetDropCtl
 0001:00078DF0       Controls.GetLastChildZone
 0001:00069670       Controls.GetLongHint
 0001:00069628       Controls.GetShortHint
 0001:00069938       Controls.GetTopParent
 0001:0007AFAC       Controls.HideZone
 0001:00069618       Controls.IdentToCursor
 0003:00001B0C       Controls.IMM32DLL
 0001:0007BF70       Controls.Imm32IsIME
 0001:0007C020       Controls.InitControls
 0001:0007BB3C       Controls.InitIMM32
 0001:00069154       Controls.InitWndProc
 0003:00001A38       Controls.InnerStyles
 0001:00070918       Controls.InsertBefore
 0001:0006A00C       Controls.IsBeforeTargetWindow
 0001:0006A44C       Controls.IsDelphiHandle
 0001:0007880C       Controls.IsOrientationSet
 0001:0006A208       Controls.IsSiteChildOfClient
 0001:000692F4       Controls.IsVCLControl
 0004:00005120       Controls.IsVCLControlHook
 0001:0007D128       Controls.LatestHintWindow
 0001:0006B044       Controls.ListAdd
 0001:0006B06C       Controls.ListRemove
 0003:00001AF7       Controls.MakeLast
 0001:0006F924       Controls.MinVar
 0003:00001B10       Controls.ModeMap
 0004:00005118       Controls.Mouse
 0001:00069118       Controls.MouseOriginToShiftState
 0001:0006B0BC       Controls.MoveWindowOrg
 0004:00005128       Controls.NewStyleControls
 0001:000787F0       Controls.NextVisibleZone
 0001:00069264       Controls.ObjectFromHWnd
 0003:00001AC0       Controls.Options
 0003:00001AF0       Controls.OrientArray
 0003:00001A48       Controls.OuterStyles
 0003:00001A28       Controls.PaintMessage
 0001:00078C18       Controls.ParentNotLast
 0001:000696B8       Controls.PerformEraseBackground
 0001:00071CB0       Controls.PointsEqual
 0004:0000516C       Controls.QualifyingSites
 0001:00079988       Controls.ReadControlName
 0001:0006A398       Controls.RegisterDockSite
 0004:0000513C       Controls.RM_GetObjectInstance
 0001:00069324       Controls.SendAppMessage
 0001:00069730       Controls.SetCaptureControl
 0001:0007BE98       Controls.SetImeMode
 0001:0006F19C       Controls.SetParentColor
 0003:00001A30       Controls.ShowFlags
 0001:0007B02C       Controls.ShowZone
 0003:00001B04       Controls.SizeCursors
 0001:00069D0C       Controls.TBaseDragControlObject.Assign
 0001:00069CD0       Controls.TBaseDragControlObject.Create
 0001:00069D38       Controls.TBaseDragControlObject.EndDrag
 0001:00069D64       Controls.TBaseDragControlObject.Finished
 0001:0006F654       Controls.TControl.ActionChange
 0001:0006FA44       Controls.TControl.AdjustSize
 0001:0006F878       Controls.TControl.AssignTo
 0001:0006D484       Controls.TControl.BeginAutoDrag
 0001:0006D4A0       Controls.TControl.BeginDrag
 0001:0006CF34       Controls.TControl.BringToFront
 0001:0006E070       Controls.TControl.CalcCursorPos
 0001:0006E228       Controls.TControl.CalcDockSizes
 0001:0006DF70       Controls.TControl.CanAutoSize
 0001:0006DF74       Controls.TControl.CanResize
 0001:0006C894       Controls.TControl.ChangeScale
 0001:0006ECCC       Controls.TControl.CheckNewSize
 0001:0006EAA0       Controls.TControl.Click
 0001:0006FC80       Controls.TControl.ClientToParent
 0001:0006C698       Controls.TControl.ClientToScreen
 0001:0006F318       Controls.TControl.CMBiDiModeChanged
 0001:0006F190       Controls.TControl.CMColorChanged
 0001:0006F494       Controls.TControl.CMDesignHitTest
 0001:0006F178       Controls.TControl.CMEnabledChanged
 0001:0006F5F4       Controls.TControl.CMFloat
 0001:0006F184       Controls.TControl.CMFontChanged
 0001:0006F2A4       Controls.TControl.CMGesture
 0001:0006FAD0       Controls.TControl.CMHintShow
 0001:0006F3C4       Controls.TControl.CMHitTest
 0001:0006FEA0       Controls.TControl.CMMouseActivate
 0001:0006F3CC       Controls.TControl.CMMouseEnter
 0001:0006F430       Controls.TControl.CMMouseLeave
 0001:0006F234       Controls.TControl.CMMouseWheel
 0001:0006F210       Controls.TControl.CMParentBiDiModeChanged
 0001:0006F1D4       Controls.TControl.CMParentColorChanged
 0001:0006F370       Controls.TControl.CMParentFontChanged
 0001:0006F334       Controls.TControl.CMParentShowHintChanged
 0001:0006F49C       Controls.TControl.CMParentTabletOptionsChanged
 0001:0006F3A0       Controls.TControl.CMSysFontChanged
 0001:0006F150       Controls.TControl.CMVisibleChanged
 0001:0006E040       Controls.TControl.ConstrainedResize
 0001:0006B8FC       Controls.TControl.Create
 0001:0006F4D0       Controls.TControl.CreateFloatingDockSite
 0001:0006F550       Controls.TControl.CreateTouchManager
 0001:0006EB18       Controls.TControl.DblClick
 0001:0006D980       Controls.TControl.DefaultDockImage
 0001:0006E5B8       Controls.TControl.DefaultHandler
 0001:0006E8C0       Controls.TControl.DefineProperties
 0001:0006E09C       Controls.TControl.DesignWndProc
 0001:0006BA44       Controls.TControl.Destroy
 0001:0006F754       Controls.TControl.DoActionChange
 0001:0006DFA4       Controls.TControl.DoCanAutoSize
 0001:0006E010       Controls.TControl.DoCanResize
 0001:0006C344       Controls.TControl.Dock
 0001:0006D76C       Controls.TControl.DockTrackNoTarget
 0001:0006E0D0       Controls.TControl.DoConstrainedResize
 0001:0006DF64       Controls.TControl.DoConstraintsChange
 0001:0006FC40       Controls.TControl.DoContextPopup
 0001:0006C474       Controls.TControl.DoDock
 0001:0006DACC       Controls.TControl.DoDragMsg
 0001:0006D784       Controls.TControl.DoEndDock
 0001:0006D66C       Controls.TControl.DoEndDrag
 0001:0006D64C       Controls.TControl.DoGesture
 0001:0006D650       Controls.TControl.DoGetGestureOptions
 0001:0006FEC4       Controls.TControl.DoMarginChange
 0001:0006D7E0       Controls.TControl.DoMouseActivate
 0001:0006EB70       Controls.TControl.DoMouseDown
 0001:0006EF0C       Controls.TControl.DoMouseUp
 0001:0006D814       Controls.TControl.DoMouseWheel
 0001:0006D8E8       Controls.TControl.DoMouseWheelDown
[...]
   129 0001:000C78ED   130 0001:000C78F7   131 0001:000C791F   130 0001:000C7928
   131 0001:000C7941   127 0001:000C7959   132 0001:000C7976   134 0001:000C798E
   135 0001:000C79B6   134 0001:000C79C0   135 0001:000C79D9   136 0001:000C79F1
   139 0001:000C79F8   140 0001:000C7A11   141 0001:000C7A1A   142 0001:000C7A1D
   143 0001:000C7A2C   144 0001:000C7A3B   147 0001:000C7A5C   148 0001:000C7A67
   149 0001:000C7A6F   150 0001:000C7A77   151 0001:000C7A83   158 0001:000C7A94
   159 0001:000C7A9E   160 0001:000C7AAD   161 0001:000C7AD5   160 0001:000C7ADF
   161 0001:000C7AF8   162 0001:000C7B10   163 0001:000C7B38   162 0001:000C7B42
   163 0001:000C7B5B   164 0001:000C7B73   165 0001:000C7B9B   164 0001:000C7BA5
   165 0001:000C7BBE   166 0001:000C7BD6   171 0001:000C7BE0   172 0001:000C7BE5
   173 0001:000C7C0A   172 0001:000C7C11   173 0001:000C7C2A   174 0001:000C7C42
   179 0001:000C7C48   180 0001:000C7C52   181 0001:000C7C67   182 0001:000C7C8C
   181 0001:000C7CA1   182 0001:000C7CBA   183 0001:000C7CD2   190 0001:000C7CDC
   191 0001:000C7CE6   192 0001:000C7D0E   191 0001:000C7D15   192 0001:000C7D2E
   193 0001:000C7D46   194 0001:000C7D6E   193 0001:000C7D75   194 0001:000C7D8E
   195 0001:000C7DA6   196 0001:000C7DCE   195 0001:000C7DD5   196 0001:000C7DEE
   197 0001:000C7E06   201 0001:000C7E0C   202 0001:000C7E14   205 0001:000C7E18
   206 0001:000C7E1B   207 0001:000C7E25   208 0001:000C7E2E   209 0001:000C7E35
   214 0001:000C7E38   215 0001:000C7E3F   216 0001:000C7E46   217 0001:000C7E6B
   216 0001:000C7E72   217 0001:000C7E8B   218 0001:000C7EA3

Line numbers for tdpe.lib.force(..\Lib\Array\tdpe.lib.force.pas) segment .text

    56 0001:000CA6C0    57 0001:000CA6E7    58 0001:000CA6F3    59 0001:000CA6FF
    60 0001:000CA702    61 0001:000CA731    64 0001:000CA778    65 0001:000CA791
    66 0001:000CA797    67 0001:000CA7BC    68 0001:000CA7C6    70 0001:000CA7F1

Line numbers for tdpe.lib.engine.contract(..\Lib\Engine\tdpe.lib.engine.contract.pas) segment .text

    43 0001:00000000

Line numbers for tdpe.lib.particle.group.list(..\Lib\particles\tdpe.lib.particle.group.list.pas) segment .text

    62 0001:000CAA88    63 0001:000CAA8F    64 0001:000CAAA0    66 0001:000CAAA4
    67 0001:000CAAA9    70 0001:000CAAB0    71 0001:000CAAB6    72 0001:000CAABF
    75 0001:000CAAC4    76 0001:000CAACC    77 0001:000CAAD7    78 0001:000CAADB
    79 0001:000CAAE4    84 0001:000CAAEC    85 0001:000CAAF1    86 0001:000CAB13
    85 0001:000CAB1A    86 0001:000CAB33    87 0001:000CAB4B    92 0001:000CAB50
    93 0001:000CAB58    94 0001:000CAB7A    93 0001:000CAB8F    94 0001:000CABA8
    95 0001:000CABC0   100 0001:000CABC8   101 0001:000CABCD   102 0001:000CABEF
   101 0001:000CABF6   102 0001:000CAC0F   103 0001:000CAC27   108 0001:000CAC2C
   109 0001:000CAC31   110 0001:000CAC53   109 0001:000CAC5A   110 0001:000CAC73
   111 0001:000CAC8B

Line numbers for tdpe.lib.engine(..\Lib\Engine\tdpe.lib.engine.pas) segment .text

    85 0001:000CB15C    86 0001:000CB164    89 0001:000CB168    90 0001:000CB16B
    91 0001:000CB175    92 0001:000CB17E    93 0001:000CB185    97 0001:000CB188
    98 0001:000CB190   101 0001:000CB194   102 0001:000CB19F   103 0001:000CB1A5
   104 0001:000CB1AD   105 0001:000CB1B3   106 0001:000CB1BB   107 0001:000CB1C7
   111 0001:000CB1D8   112 0001:000CB1EF   116 0001:000CB1F0   117 0001:000CB1F8
   120 0001:000CB1FC   121 0001:000CB1FF   122 0001:000CB205   123 0001:000CB20D
   124 0001:000CB21C   127 0001:000CB220   128 0001:000CB235   129 0001:000CB23E
   130 0001:000CB24D   132 0001:000CB25C   133 0001:000CB268   134 0001:000CB26D
   135 0001:000CB274   138 0001:000CB294   139 0001:000CB2B4   140 0001:000CB2BF
   141 0001:000CB2C7   144 0001:000CB2E8   145 0001:000CB2EB   146 0001:000CB2F5
   147 0001:000CB2FE   148 0001:000CB305   152 0001:000CB308   153 0001:000CB310
   157 0001:000CB314   158 0001:000CB317   162 0001:000CB318   163 0001:000CB31B
   166 0001:000CB31C   167 0001:000CB31F   168 0001:000CB32B   172 0001:000CB330
   173 0001:000CB333   177 0001:000CB334   178 0001:000CB337   183 0001:000CB338
   184 0001:000CB33C   185 0001:000CB343   187 0001:000CB34C   185 0001:000CB353
   190 0001:000CB356   192 0001:000CB35F   193 0001:000CB366   190 0001:000CB36D
   195 0001:000CB370   197 0001:000CB37A

Line numbers for tdpe.lib.particle.wheel.rim(..\Lib\particles\tdpe.lib.particle.wheel.rim.pas) segment .text

   106 0001:00000000

Line numbers for tdpe.lib.particle.wheel(..\Lib\particles\tdpe.lib.particle.wheel.pas) segment .text

   176 0001:00000000

Line numbers for tdpe.lib.structures.car(..\Lib\structures\compositions\tdpe.lib.structures.car.pas) segment .text

    93 0001:00000000

Line numbers for tdpe.lib.render.gdi(..\Lib\Render\tdpe.lib.render.gdi.pas) segment .text

    72 0001:000D4BB0    73 0001:000D4BBD    75 0001:000D4BC8    76 0001:000D4BD5
    77 0001:000D4BE3    79 0001:000D4BF1    80 0001:000D4C01    81 0001:000D4C15
    82 0001:000D4C29    84 0001:000D4C63    85 0001:000D4C70    86 0001:000D4C7E
    88 0001:000D4C8C    89 0001:000D4CE1    90 0001:000D4D42    91 0001:000D4DA3
    95 0001:000D4E09    96 0001:000D4E17    97 0001:000D4E27    99 0001:000D4E35
   100 0001:000D4E47   101 0001:000D4E5B   102 0001:000D4E71   104 0001:000D4EAB
   105 0001:000D4EBA   106 0001:000D4ECA   108 0001:000D4ED8   109 0001:000D4F2D
   110 0001:000D4F8E   111 0001:000D4FEF   113 0001:000D5050   116 0001:000D5074
   117 0001:000D5089   118 0001:000D50A1   119 0001:000D50A4   125 0001:000D51C0
   126 0001:000D51CD   128 0001:000D51D8   129 0001:000D51E8   130 0001:000D51F8
   131 0001:000D5205   132 0001:000D5212   133 0001:000D5238   134 0001:000D525E
   135 0001:000D5284   136 0001:000D52AA   137 0001:000D52BA   141 0001:000D52CC
   142 0001:000D52DD   143 0001:000D52EC   144 0001:000D52F9   145 0001:000D5308
   146 0001:000D532E   147 0001:000D5354   148 0001:000D537A   149 0001:000D53A0
   150 0001:000D53B0   152 0001:000D53BF   159 0001:000D53C8   160 0001:000D53D8
   161 0001:000D53E5   163 0001:000D53F3   164 0001:000D5400   165 0001:000D540E
   166 0001:000D5434   167 0001:000D545A   168 0001:000D5480   169 0001:000D5490
   170 0001:000D549D   171 0001:000D54AB   177 0001:000D54B4   178 0001:000D54C4
   180 0001:000D54CF   181 0001:000D54DC   182 0001:000D54EA   183 0001:000D54F7
   185 0001:000D5505   186 0001:000D5521   187 0001:000D553D   188 0001:000D554A
   192 0001:000D555D   193 0001:000D556B   194 0001:000D5579   195 0001:000D5588
   196 0001:000D5597   197 0001:000D55DF   198 0001:000D55EE   200 0001:000D55FC
   205 0001:000D5608   206 0001:000D560F   207 0001:000D561C   208 0001:000D562C
   209 0001:000D5639   214 0001:000D5640   215 0001:000D564E   216 0001:000D565B
   217 0001:000D5668   218 0001:000D568B   219 0001:000D5698   223 0001:000D56A0
   224 0001:000D56CD   225 0001:000D56DB   227 0001:000D5735   229 0001:000D5742
   233 0001:000D5774   234 0001:000D5799   236 0001:000D57C6   237 0001:000D57EF
   238 0001:000D57F1   239 0001:000D5800   240 0001:000D5834   241 0001:000D5857
   245 0001:000D5872   246 0001:000D5881   247 0001:000D5883   249 0001:000D58AE
   258 0001:000D5900   259 0001:000D590D   261 0001:000D593F   262 0001:000D5984
   263 0001:000D5989   264 0001:000D59BC   265 0001:000D59E9   266 0001:000D5A1A
   268 0001:000D5A47   269 0001:000D5A57   270 0001:000D5A64   271 0001:000D5A74
   272 0001:000D5A83   273 0001:000D5A90   274 0001:000D5A9D   275 0001:000D5AAD
   276 0001:000D5ABE   277 0001:000D5ACB   278 0001:000D5AD8   279 0001:000D5AE8
   289 0001:000D5B04   290 0001:000D5B14   291 0001:000D5B22   292 0001:000D5B30
   294 0001:000D5B3E   295 0001:000D5B52   296 0001:000D5B66   298 0001:000D5B7A
   300 0001:000D5B87   301 0001:000D5BB6   302 0001:000D5BCF   303 0001:000D5BE8
   304 0001:000D5C11   305 0001:000D5C3F   298 0001:000D5C45   306 0001:000D5C4F
   308 0001:000D5C62   309 0001:000D5C70   310 0001:000D5C7E   311 0001:000D5C8C
   314 0001:000D5CA8   315 0001:000D5CC0   316 0001:000D5CD8   317 0001:000D5CDB
   319 0001:000D5E03

Line numbers for tdpe.lib.engine.wrapper(..\Lib\Engine\tdpe.lib.engine.wrapper.pas) segment .text

    54 0001:000D6014    55 0001:000D6017    56 0001:000D601E    57 0001:000D6020
    60 0001:000D6024    61 0001:000D6027    62 0001:000D602E    63 0001:000D6030
    66 0001:000D6034    67 0001:000D6037    68 0001:000D6044    71 0001:000D6048
    72 0001:000D604E    73 0001:000D605B    74 0001:000D605D    77 0001:000D6064
    78 0001:000D6067    79 0001:000D606E    80 0001:000D6070    82 0001:000D6079

Line numbers for tdpe.lib.automation.valve(..\Lib\structures\Automation\tdpe.lib.automation.valve.pas) segment .text

    64 0001:000D62CC    65 0001:000D62D0    66 0001:000D62E6    67 0001:000D62EA
    68 0001:000D62FB    69 0001:000D62FF    70 0001:000D6305    71 0001:000D6323
    74 0001:000D632C    75 0001:000D6349    76 0001:000D6354    77 0001:000D6360
    78 0001:000D6368    79 0001:000D63C3    80 0001:000D63CD    81 0001:000D63D7
    84 0001:000D63FC    85 0001:000D6407    86 0001:000D640F    87 0001:000D641B
    90 0001:000D642C    91 0001:000D6430    92 0001:000D6441    93 0001:000D6445
    94 0001:000D645B    95 0001:000D645F    96 0001:000D6465    98 0001:000D6486
    99 0001:000D64A4   102 0001:000D64AC   103 0001:000D64B0   104 0001:000D64C1
   105 0001:000D64C5   106 0001:000D64DB   107 0001:000D64DF   108 0001:000D64E5
   109 0001:000D6503   111 0001:000D6513

Line numbers for tdpe.lib.automation.product(..\Lib\structures\Automation\tdpe.lib.automation.product.pas) segment .text

    61 0001:000D79D8    62 0001:000D79DD    64 0001:000D79E9    65 0001:000D7A48
    66 0001:000D7A52    67 0001:000D7A5B    69 0001:000D7A65    72 0001:000D7A6C
    73 0001:000D7A84    74 0001:000D7A8F    75 0001:000D7A92    76 0001:000D7A98
    77 0001:000D7A9E    78 0001:000D7AAF    81 0001:000D7AD0    82 0001:000D7ADB
    83 0001:000D7AE3    84 0001:000D7AEF

Line numbers for tdpe.lib.automation.silo(..\Lib\structures\Automation\tdpe.lib.automation.silo.pas) segment .text

    62 0001:000D9150    63 0001:000D916D    64 0001:000D9178    65 0001:000D91C7
    66 0001:000D91D1    68 0001:000D91DB    69 0001:000D9234    70 0001:000D923E
    72 0001:000D9248    73 0001:000D92B1    74 0001:000D92BB    76 0001:000D92C5
    77 0001:000D932E    78 0001:000D9338    80 0001:000D9342    81 0001:000D93A5
    82 0001:000D93AF    84 0001:000D93B9    85 0001:000D941C    86 0001:000D9426
    88 0001:000D9430    89 0001:000D9493    90 0001:000D949D    92 0001:000D94A7
    93 0001:000D950A    94 0001:000D9514    95 0001:000D951E    98 0001:000D9560
    99 0001:000D956B   100 0001:000D9573   101 0001:000D957B   102 0001:000D9583
   103 0001:000D958B   104 0001:000D9593   105 0001:000D959B   106 0001:000D95A3
   107 0001:000D95AB   108 0001:000D95B7   110 0001:000D95CC

Line numbers for tdpe.lib.automation.scale(..\Lib\structures\Automation\tdpe.lib.automation.scale.pas) segment .text

    59 0001:000D9844    60 0001:000D9848    61 0001:000D9864    62 0001:000D9868
    64 0001:000D986E    65 0001:000D9881    67 0001:000D989F    68 0001:000D98BB
    69 0001:000D98BF    71 0001:000D98C5    72 0001:000D98D8    74 0001:000D98F6
    77 0001:000D9900    78 0001:000D991D    79 0001:000D9928    80 0001:000D997E
    81 0001:000D9988    83 0001:000D9992    84 0001:000D99EC    85 0001:000D99FA
    86 0001:000D9A04    88 0001:000D9A0E    89 0001:000D9A68    90 0001:000D9A78
    91 0001:000D9A82    93 0001:000D9A8C    94 0001:000D9AEC    95 0001:000D9AF6
    96 0001:000D9B00    99 0001:000D9B30   100 0001:000D9B3B   101 0001:000D9B43
   102 0001:000D9B4B   103 0001:000D9B53   104 0001:000D9B5B   105 0001:000D9B67
   108 0001:000D9B78   109 0001:000D9B7C   110 0001:000D9B8F   111 0001:000D9B93
   113 0001:000D9B99   114 0001:000D9BB5   116 0001:000D9BD0   117 0001:000D9BE3
   118 0001:000D9BE7   120 0001:000D9BED   121 0001:000D9C09   123 0001:000D9C27
   125 0001:000D9C37

Line numbers for fPlantDemo(fPlantDemo.pas) segment .text

   177 0001:000DBA60   178 0001:000DBA63   179 0001:000DBA79   183 0001:000DBA7C
   184 0001:000DBA83   185 0001:000DBA8A   186 0001:000DBA91   190 0001:000DBA94
   191 0001:000DBA9B   192 0001:000DBAA2   193 0001:000DBAA9   197 0001:000DBAAC
   198 0001:000DBAB3   199 0001:000DBABA   200 0001:000DBAC1   204 0001:000DBAC4
   205 0001:000DBACB   206 0001:000DBAD2   207 0001:000DBAD9   211 0001:000DBADC
   212 0001:000DBAE3   213 0001:000DBAEA   214 0001:000DBAF1   218 0001:000DBAF4
   219 0001:000DBAFB   220 0001:000DBB02   221 0001:000DBB09   225 0001:000DBB0C
   226 0001:000DBB13   227 0001:000DBB1A   228 0001:000DBB21   232 0001:000DBB24
   233 0001:000DBB2B   234 0001:000DBB32   235 0001:000DBB39   239 0001:000DBB3C
   240 0001:000DBB43   241 0001:000DBB4A   242 0001:000DBB51   246 0001:000DBB54
   247 0001:000DBB5B   248 0001:000DBB62   249 0001:000DBB69   253 0001:000DBB6C
   254 0001:000DBB73   255 0001:000DBB7A   256 0001:000DBB81   260 0001:000DBB84
   261 0001:000DBB8B   262 0001:000DBB92   263 0001:000DBB99   267 0001:000DBB9C
   268 0001:000DBBA3   269 0001:000DBBAA   270 0001:000DBBB1   274 0001:000DBBB4
   275 0001:000DBBBB   276 0001:000DBBC2   277 0001:000DBBC9   281 0001:000DBBCC
   282 0001:000DBBD3   283 0001:000DBBDA   284 0001:000DBBE1   288 0001:000DBBE4
   289 0001:000DBBEB   290 0001:000DBBF2   291 0001:000DBBF9   295 0001:000DBBFC
   296 0001:000DBC03   297 0001:000DBC0A   298 0001:000DBC11   302 0001:000DBC14
   303 0001:000DBC1B   304 0001:000DBC22   305 0001:000DBC29   309 0001:000DBC2C
   310 0001:000DBC33   311 0001:000DBC3A   312 0001:000DBC41   316 0001:000DBC44
   317 0001:000DBC4B   318 0001:000DBC52   322 0001:000DBC54   323 0001:000DBC5B
   324 0001:000DBC62   328 0001:000DBC64   329 0001:000DBC6B   330 0001:000DBC72
   331 0001:000DBC79   335 0001:000DBC7C   336 0001:000DBC83   337 0001:000DBC8A
   341 0001:000DBC8C   342 0001:000DBC93   343 0001:000DBC9A   347 0001:000DBC9C
   348 0001:000DBCA3   349 0001:000DBCAA   353 0001:000DBCAC   354 0001:000DBCB3
   355 0001:000DBCBA   359 0001:000DBCBC   360 0001:000DBCC3   361 0001:000DBCCA
   362 0001:000DBCD1   366 0001:000DBCD4   367 0001:000DBCDB   368 0001:000DBCE2
   369 0001:000DBCE9   373 0001:000DBCEC   374 0001:000DBCF3   375 0001:000DBCFA
   376 0001:000DBD01   380 0001:000DBD04   381 0001:000DBD0B   382 0001:000DBD12
   383 0001:000DBD19   387 0001:000DBD1C   388 0001:000DBD23   389 0001:000DBD2A
   390 0001:000DBD31   394 0001:000DBD34   395 0001:000DBD3B   396 0001:000DBD42
   397 0001:000DBD49   401 0001:000DBD4C   402 0001:000DBD53   403 0001:000DBD5A
   404 0001:000DBD61   407 0001:000DBD64   408 0001:000DBD6E   412 0001:000DBDC4
   414 0001:000DBDF2   416 0001:000DBE1D   418 0001:000DBE4C   420 0001:000DBE7B
   421 0001:000DBEAD   422 0001:000DBED8   423 0001:000DBF00   424 0001:000DBF0D
   425 0001:000DBF1E   427 0001:000DBF2F   428 0001:000DBF61   429 0001:000DBF8C
   430 0001:000DBFB7   431 0001:000DBFC4   432 0001:000DBFD5   433 0001:000DBFE6
   435 0001:000DBFF7   436 0001:000DC029   437 0001:000DC054   438 0001:000DC07F
   439 0001:000DC08C   440 0001:000DC09D   441 0001:000DC0AE   442 0001:000DC0BF
   444 0001:000DC0D0   445 0001:000DC0E1   446 0001:000DC0F2   449 0001:000DC103
   451 0001:000DC135   453 0001:000DC160   455 0001:000DC18B   456 0001:000DC198
   457 0001:000DC1A9   459 0001:000DC1BA   461 0001:000DC1EC   463 0001:000DC217
   465 0001:000DC242   466 0001:000DC24F   467 0001:000DC260   468 0001:000DC271
   470 0001:000DC282   472 0001:000DC2B4   474 0001:000DC2DF   476 0001:000DC30A
   477 0001:000DC317   478 0001:000DC328   479 0001:000DC339   480 0001:000DC34A
   482 0001:000DC35B   483 0001:000DC36C   484 0001:000DC37D   487 0001:000DC38E
   489 0001:000DC3C0   491 0001:000DC3EB   493 0001:000DC416   494 0001:000DC423
   495 0001:000DC434   497 0001:000DC445   499 0001:000DC477   501 0001:000DC4A2
   503 0001:000DC4CD   504 0001:000DC4DA   505 0001:000DC4EB   506 0001:000DC4FC
   508 0001:000DC50D   510 0001:000DC53F   512 0001:000DC56A   514 0001:000DC595
   515 0001:000DC5A2   516 0001:000DC5B3   517 0001:000DC5C4   518 0001:000DC5D5
   520 0001:000DC5E6   521 0001:000DC5F7   522 0001:000DC608   524 0001:000DC619
   555 0001:000DC769   556 0001:000DC772   559 0001:000DC778   560 0001:000DC787
   561 0001:000DC79E   562 0001:000DC7B5   563 0001:000DC7CC   564 0001:000DC7E3
   565 0001:000DC7FA   566 0001:000DC811   567 0001:000DC828   568 0001:000DC83F
   570 0001:000DC856   571 0001:000DC86D   572 0001:000DC884   573 0001:000DC89B
   574 0001:000DC8B2   575 0001:000DC8C9   576 0001:000DC8E0   577 0001:000DC8F7
   578 0001:000DC90E   580 0001:000DC925   581 0001:000DC93C   582 0001:000DC953
   583 0001:000DC96A   584 0001:000DC981   585 0001:000DC998   586 0001:000DC9AF
   587 0001:000DC9C6   588 0001:000DC9DD   590 0001:000DC9F4   591 0001:000DCA0B
   592 0001:000DCA22   594 0001:000DCA39   595 0001:000DCA5F   596 0001:000DCA8E
   599 0001:000DCA94   600 0001:000DCA9A   601 0001:000DCAA5   602 0001:000DCAAE
   603 0001:000DCAB9   604 0001:000DCAC2   605 0001:000DCACD   606 0001:000DCAD6
   608 0001:000DCAE1   609 0001:000DCAEA   610 0001:000DCAF5   611 0001:000DCAFE
   612 0001:000DCB09   613 0001:000DCB12   615 0001:000DCB1D   616 0001:000DCB26
   617 0001:000DCB31   618 0001:000DCB3A   619 0001:000DCB45   620 0001:000DCB4E
   622 0001:000DCB59   623 0001:000DCB62   624 0001:000DCB6D   625 0001:000DCB76
   626 0001:000DCB81   627 0001:000DCB8A   629 0001:000DCB95   630 0001:000DCB9E
   631 0001:000DCBA9   632 0001:000DCBB2   633 0001:000DCBBD   634 0001:000DCBC6
   636 0001:000DCBD1   637 0001:000DCBDA   638 0001:000DCBE5   639 0001:000DCBEE
   640 0001:000DCBF9   641 0001:000DCC02   643 0001:000DCC0D   644 0001:000DCC16
   645 0001:000DCC21   646 0001:000DCC2A   647 0001:000DCC35   648 0001:000DCC3E
   650 0001:000DCC49   651 0001:000DCC52   652 0001:000DCC5D   653 0001:000DCC66
   654 0001:000DCC71   655 0001:000DCC7A   657 0001:000DCC85   658 0001:000DCC8E
   659 0001:000DCC99   660 0001:000DCCA2   661 0001:000DCCAD   662 0001:000DCCB6
   664 0001:000DCCC1   665 0001:000DCCCA   667 0001:000DCCD5   668 0001:000DCCDE
   670 0001:000DCCE9   671 0001:000DCCF2   673 0001:000DCCFD   674 0001:000DCD06
   676 0001:000DCD11   677 0001:000DCD1A   679 0001:000DCD25   680 0001:000DCD2E
   681 0001:000DCD39   682 0001:000DCD43   685 0001:000DCD48   686 0001:000DCD4B
   687 0001:000DCD56   690 0001:000DCD58   691 0001:000DCD5B   692 0001:000DCD66
   695 0001:000DCD68   696 0001:000DCD6B   697 0001:000DCD76   700 0001:000DCD78
   701 0001:000DCD7B   702 0001:000DCD86   705 0001:000DCD88   706 0001:000DCD8B
   707 0001:000DCDA1   710 0001:000DCDA4   711 0001:000DCDA7   712 0001:000DCDBD
   715 0001:000DCDC0   716 0001:000DCDC3   717 0001:000DCDCE   720 0001:000DCDD0
   721 0001:000DCDD3   722 0001:000DCDDE   725 0001:000DCDE0   726 0001:000DCDE3
   727 0001:000DCDEE   730 0001:000DCDF0   731 0001:000DCDF3   732 0001:000DCDFE
   735 0001:000DCE00   736 0001:000DCE03   737 0001:000DCE0E   740 0001:000DCE10
   741 0001:000DCE13   742 0001:000DCE1E   744 0001:000DCE27

Line numbers for ThundaxSimulationPlant(ThundaxSimulationPlant.dpr) segment .itext

     9 0002:00000D9C    10 0002:00000DAC    11 0002:00000DB8    12 0002:00000DC0
    13 0002:00000DD1    14 0002:00000DE9    15 0002:00000DF5

Bound resource files

c:\program files (x86)\embarcadero\rad studio\8.0\lib\Win32\release\Controls.res
c:\program files (x86)\embarcadero\rad studio\8.0\lib\Win32\release\Buttons.res
fPlantDemo.dfm
ThundaxSimulationPlant.res
ThundaxSimulationPlant.drf


Program entry point at 0002:00000D9C
