
 Start         Length     Name                   Class
 0001:00401000 000FDF0CH .text                   CODE
 0002:004FF000 00000DD0H .itext                  ICODE
 0003:00500000 00002BA4H .data                   DATA
 0004:00503000 000052ECH .bss                    BSS
 0005:00000000 0000003CH .tls                    TLS
 000A:00000000 00000000H .xdata                  PDATA


Detailed map of segments

 0001:00000000 00009608 C=CODE     S=.text    G=(none)   M=System   ACBP=A9
 0001:00009608 00000110 C=CODE     S=.text    G=(none)   M=SysInit  ACBP=A9
 0001:00009718 00000404 C=CODE     S=.text    G=(none)   M=Types    ACBP=A9
 0001:00009B1C 00001ABC C=CODE     S=.text    G=(none)   M=Windows  ACBP=A9
 0001:0000B5D8 00000258 C=CODE     S=.text    G=(none)   M=Messages ACBP=A9
 0001:0000B830 00000348 C=CODE     S=.text    G=(none)   M=SysConst ACBP=A9
 0001:0000BB78 000001D0 C=CODE     S=.text    G=(none)   M=RTLConsts ACBP=A9
 0001:0000BD48 00009118 C=CODE     S=.text    G=(none)   M=Character ACBP=A9
 0001:00014E60 0000041C C=CODE     S=.text    G=(none)   M=ExcUtils ACBP=A9
 0001:0001527C 00010D6C C=CODE     S=.text    G=(none)   M=SysUtils ACBP=A9
 0001:00025FE8 00000194 C=CODE     S=.text    G=(none)   M=ActiveX  ACBP=A9
 0001:0002617C 00000800 C=CODE     S=.text    G=(none)   M=VarUtils ACBP=A9
 0001:0002697C 00008298 C=CODE     S=.text    G=(none)   M=Variants ACBP=A9
 0001:0002EC14 00001804 C=CODE     S=.text    G=(none)   M=TypInfo  ACBP=A9
 0001:00030418 0001A3D4 C=CODE     S=.text    G=(none)   M=Classes  ACBP=A9
 0001:0004A7EC 00000098 C=CODE     S=.text    G=(none)   M=Wincodec ACBP=A9
 0001:0004A884 00000134 C=CODE     S=.text    G=(none)   M=StrUtils ACBP=A9
 0001:0004A9B8 000002F0 C=CODE     S=.text    G=(none)   M=Math     ACBP=A9
 0001:0004ACA8 000002B0 C=CODE     S=.text    G=(none)   M=TimeSpan ACBP=A9
 0001:0004AF58 000015D8 C=CODE     S=.text    G=(none)   M=SyncObjs ACBP=A9
 0001:0004C530 00000068 C=CODE     S=.text    G=(none)   M=AnsiStrings ACBP=A9
 0001:0004C598 00001500 C=CODE     S=.text    G=(none)   M=Generics.Defaults ACBP=A9
 0001:0004DA98 00000184 C=CODE     S=.text    G=(none)   M=Generics.Collections ACBP=A9
 0001:0004DC1C 000000FC C=CODE     S=.text    G=(none)   M=IOUtils  ACBP=A9
 0001:0004DD18 00000080 C=CODE     S=.text    G=(none)   M=IniFiles ACBP=A9
 0001:0004DD98 00002F24 C=CODE     S=.text    G=(none)   M=Registry ACBP=A9
 0001:00050CBC 00000338 C=CODE     S=.text    G=(none)   M=Consts   ACBP=A9
 0001:00050FF4 00011E48 C=CODE     S=.text    G=(none)   M=Graphics ACBP=A9
 0001:00062E3C 00000390 C=CODE     S=.text    G=(none)   M=Contnrs  ACBP=A9
 0001:000631CC 000002AC C=CODE     S=.text    G=(none)   M=CommCtrl ACBP=A9
 0001:00063478 00000D58 C=CODE     S=.text    G=(none)   M=UxTheme  ACBP=A9
 0001:000641D0 00000044 C=CODE     S=.text    G=(none)   M=MultiMon ACBP=A9
 0001:00064214 00002360 C=CODE     S=.text    G=(none)   M=ActnList ACBP=A9
 0001:00066574 00000064 C=CODE     S=.text    G=(none)   M=Dwmapi   ACBP=A9
 0001:000665D8 0001F714 C=CODE     S=.text    G=(none)   M=Controls ACBP=A9
 0001:00085CEC 00005850 C=CODE     S=.text    G=(none)   M=Themes   ACBP=A9
 0001:0008B53C 0000398C C=CODE     S=.text    G=(none)   M=ImgList  ACBP=A9
 0001:0008EEC8 00009B94 C=CODE     S=.text    G=(none)   M=Menus    ACBP=A9
 0001:00098A5C 00002068 C=CODE     S=.text    G=(none)   M=HelpIntfs ACBP=A9
 0001:0009AAC4 00000388 C=CODE     S=.text    G=(none)   M=FlatSB   ACBP=A9
 0001:0009AE4C 00000028 C=CODE     S=.text    G=(none)   M=WinSpool ACBP=A9
 0001:0009AE74 00001DEC C=CODE     S=.text    G=(none)   M=Printers ACBP=A9
 0001:0009CC60 000067F4 C=CODE     S=.text    G=(none)   M=StdCtrls ACBP=A9
 0001:000A3454 0000003C C=CODE     S=.text    G=(none)   M=RichEdit ACBP=A9
 0001:000A3490 0000178C C=CODE     S=.text    G=(none)   M=GraphUtil ACBP=A9
 0001:000A4C1C 0000147C C=CODE     S=.text    G=(none)   M=ExtCtrls ACBP=A9
 0001:000A6098 00000018 C=CODE     S=.text    G=(none)   M=ComStrs  ACBP=A9
 0001:000A60B0 00005180 C=CODE     S=.text    G=(none)   M=ComCtrls ACBP=A9
 0001:000AB230 00000048 C=CODE     S=.text    G=(none)   M=WideStrUtils ACBP=A9
 0001:000AB278 00005164 C=CODE     S=.text    G=(none)   M=Dialogs  ACBP=A9
 0001:000B03DC 00000014 C=CODE     S=.text    G=(none)   M=Clipbrd  ACBP=A9
 0001:000B03F0 0000018C C=CODE     S=.text    G=(none)   M=StdActns ACBP=A9
 0001:000B057C 00015574 C=CODE     S=.text    G=(none)   M=Forms    ACBP=A9
 0001:000C5AF0 000001CC C=CODE     S=.text    G=(none)   M=ufrmlog  ACBP=A9
 0001:000C5CBC 000003BC C=CODE     S=.text    G=(none)   M=tdpe.lib.math ACBP=A9
 0001:000C6078 00000CC0 C=CODE     S=.text    G=(none)   M=tdpe.lib.vector ACBP=A9
 0001:000C6D38 00000040 C=CODE     S=.text    G=(none)   M=tdpe.lib.force.contract ACBP=A9
 0001:000C6D78 000002E4 C=CODE     S=.text    G=(none)   M=tdpe.lib.force ACBP=A9
 0001:000C705C 00000040 C=CODE     S=.text    G=(none)   M=tdpe.lib.styles.contract ACBP=A9
 0001:000C709C 00000334 C=CODE     S=.text    G=(none)   M=tdpe.lib.styles ACBP=A9
 0001:000C73D0 00000278 C=CODE     S=.text    G=(none)   M=tdpe.lib.math.types ACBP=A9
 0001:000C7648 00000438 C=CODE     S=.text    G=(none)   M=tdpe.lib.math.rotator ACBP=A9
 0001:000C7A80 00000764 C=CODE     S=.text    G=(none)   M=tdpe.lib.render ACBP=A9
 0001:000C81E4 00000844 C=CODE     S=.text    G=(none)   M=D2D1     ACBP=A9
 0001:000C8A28 00008AEC C=CODE     S=.text    G=(none)   M=Direct2D ACBP=A9
 0001:000D1514 00001758 C=CODE     S=.text    G=(none)   M=tdpe.lib.render.gdi ACBP=A9
 0001:000D2C6C 0000029C C=CODE     S=.text    G=(none)   M=tdpe.lib.math.interval ACBP=A9
 0001:000D2F08 00000048 C=CODE     S=.text    G=(none)   M=tdpe.lib.collision.contract ACBP=A9
 0001:000D2F50 000002B0 C=CODE     S=.text    G=(none)   M=tdpe.lib.collision ACBP=A9
 0001:000D3200 00000054 C=CODE     S=.text    G=(none)   M=tdpe.lib.particle.abstractElement.contract ACBP=A9
 0001:000D3254 00000044 C=CODE     S=.text    G=(none)   M=tdpe.lib.render.contract ACBP=A9
 0001:000D3298 00000360 C=CODE     S=.text    G=(none)   M=tdpe.lib.particle.abstractElement ACBP=A9
 0001:000D35F8 00000044 C=CODE     S=.text    G=(none)   M=tdpe.lib.writer.contract ACBP=A9
 0001:000D363C 00002730 C=CODE     S=.text    G=(none)   M=tdpe.lib.force.list ACBP=A9
 0001:000D5D6C 00001860 C=CODE     S=.text    G=(none)   M=tdpe.lib.particle.abstractparticle ACBP=A9
 0001:000D75CC 00000384 C=CODE     S=.text    G=(none)   M=tdpe.lib.particle.abstract.restriction ACBP=A9
 0001:000D7950 0000019C C=CODE     S=.text    G=(none)   M=tdpe.lib.math.helper ACBP=A9
 0001:000D7AEC 00000AF8 C=CODE     S=.text    G=(none)   M=tdpe.lib.particle.box ACBP=A9
 0001:000D85E4 00000110 C=CODE     S=.text    G=(none)   M=tdpe.lib.particle.circle ACBP=A9
 0001:000D86F4 000017D0 C=CODE     S=.text    G=(none)   M=tdpe.lib.particle.spring ACBP=A9
 0001:000D9EC4 00000CEC C=CODE     S=.text    G=(none)   M=tdpe.lib.particle.spring.restriction ACBP=A9
 0001:000DABB0 00000050 C=CODE     S=.text    G=(none)   M=tdpe.lib.collision.resolver.contract ACBP=A9
 0001:000DAC00 000005F8 C=CODE     S=.text    G=(none)   M=tdpe.lib.collision.resolver ACBP=A9
 0001:000DB1F8 00000A6C C=CODE     S=.text    G=(none)   M=tdpe.lib.particle.item.solid ACBP=A9
 0001:000DBC64 00000FCC C=CODE     S=.text    G=(none)   M=tdpe.lib.particle.box.solid ACBP=A9
 0001:000DCC30 00000058 C=CODE     S=.text    G=(none)   M=tdpe.lib.collision.detector.contract ACBP=A9
 0001:000DCC88 0000019C C=CODE     S=.text    G=(none)   M=tdpe.lib.structures ACBP=A9
 0001:000DCE24 00000988 C=CODE     S=.text    G=(none)   M=tdpe.lib.particle.circle.solid ACBP=A9
 0001:000DD7AC 000005F0 C=CODE     S=.text    G=(none)   M=tdpe.lib.collision.resolver.solid ACBP=A9
 0001:000DDD9C 00001D68 C=CODE     S=.text    G=(none)   M=tdpe.lib.collision.detector ACBP=A9
 0001:000DFB04 00005614 C=CODE     S=.text    G=(none)   M=tdpe.lib.particle.abstract.collection ACBP=A9
 0001:000E5118 00000600 C=CODE     S=.text    G=(none)   M=tdpe.lib.particle.pattern.composite ACBP=A9
 0001:000E5718 00005388 C=CODE     S=.text    G=(none)   M=tdpe.lib.particle.group ACBP=A9
 0001:000EAAA0 00000044 C=CODE     S=.text    G=(none)   M=tdpe.lib.engine.contract ACBP=A9
 0001:000EAAE4 00000460 C=CODE     S=.text    G=(none)   M=tdpe.lib.particle.group.list ACBP=A9
 0001:000EAF44 000006E4 C=CODE     S=.text    G=(none)   M=tdpe.lib.engine ACBP=A9
 0001:000EB628 00005664 C=CODE     S=.text    G=(none)   M=tdpe.lib.structures.bridge ACBP=A9
 0001:000F0C8C 00000104 C=CODE     S=.text    G=(none)   M=tdpe.lib.colour.helper ACBP=A9
 0001:000F0D90 000009A4 C=CODE     S=.text    G=(none)   M=tdpe.lib.structures.surface.static ACBP=A9
 0001:000F1734 00002CD0 C=CODE     S=.text    G=(none)   M=tdpe.lib.structures.dispenser.box ACBP=A9
 0001:000F4404 00000618 C=CODE     S=.text    G=(none)   M=tdpe.lib.structures.dispenser.circle ACBP=A9
 0001:000F4A1C 00000280 C=CODE     S=.text    G=(none)   M=tdpe.lib.richedit.writer ACBP=A9
 0001:000F4C9C 00000738 C=CODE     S=.text    G=(none)   M=tdpe.lib.structures.cloth ACBP=A9
 0001:000F53D4 00000590 C=CODE     S=.text    G=(none)   M=tdpe.lib.particle.wheel.rim ACBP=A9
 0001:000F5964 00000AAC C=CODE     S=.text    G=(none)   M=tdpe.lib.particle.wheel ACBP=A9
 0001:000F6410 00000394 C=CODE     S=.text    G=(none)   M=tdpe.lib.structures.car ACBP=A9
 0001:000F67A4 000008E8 C=CODE     S=.text    G=(none)   M=tdpe.lib.structures.box.simulation ACBP=A9
 0001:000F708C 00000278 C=CODE     S=.text    G=(none)   M=tdpe.lib.engine.wrapper ACBP=A9
 0001:000F7304 00000F28 C=CODE     S=.text    G=(none)   M=uBallsDemo ACBP=A9
 0001:000F822C 00005CE0 C=CODE     S=.text    G=(none)   M=ThundaxBallsDemo ACBP=A9
 0002:00000000 000000AC C=ICODE    S=.itext   G=(none)   M=System   ACBP=A9
 0002:000000AC 00000018 C=ICODE    S=.itext   G=(none)   M=Windows  ACBP=A9
 0002:000000C4 00000020 C=ICODE    S=.itext   G=(none)   M=ExcUtils ACBP=A9
 0002:000000E4 000000C4 C=ICODE    S=.itext   G=(none)   M=SysUtils ACBP=A9
 0002:000001A8 00000010 C=ICODE    S=.itext   G=(none)   M=VarUtils ACBP=A9
 0002:000001B8 000000AC C=ICODE    S=.itext   G=(none)   M=Variants ACBP=A9
 0002:00000264 00000008 C=ICODE    S=.itext   G=(none)   M=TypInfo  ACBP=A9
 0002:0000026C 000000AC C=ICODE    S=.itext   G=(none)   M=Classes  ACBP=A9
 0002:00000318 00000034 C=ICODE    S=.itext   G=(none)   M=TimeSpan ACBP=A9
 0002:0000034C 00000010 C=ICODE    S=.itext   G=(none)   M=SyncObjs ACBP=A9
 0002:0000035C 00000460 C=ICODE    S=.itext   G=(none)   M=IOUtils  ACBP=A9
 0002:000007BC 00000008 C=ICODE    S=.itext   G=(none)   M=IniFiles ACBP=A9
 0002:000007C4 00000008 C=ICODE    S=.itext   G=(none)   M=Registry ACBP=A9
 0002:000007CC 000000FC C=ICODE    S=.itext   G=(none)   M=Graphics ACBP=A9
 0002:000008C8 0000001C C=ICODE    S=.itext   G=(none)   M=UxTheme  ACBP=A9
 0002:000008E4 0000002C C=ICODE    S=.itext   G=(none)   M=ActnList ACBP=A9
 0002:00000910 00000088 C=ICODE    S=.itext   G=(none)   M=Controls ACBP=A9
 0002:00000998 00000008 C=ICODE    S=.itext   G=(none)   M=Themes   ACBP=A9
 0002:000009A0 00000088 C=ICODE    S=.itext   G=(none)   M=Menus    ACBP=A9
 0002:00000A28 00000008 C=ICODE    S=.itext   G=(none)   M=HelpIntfs ACBP=A9
 0002:00000A30 00000010 C=ICODE    S=.itext   G=(none)   M=FlatSB   ACBP=A9
 0002:00000A40 00000008 C=ICODE    S=.itext   G=(none)   M=Printers ACBP=A9
 0002:00000A48 00000088 C=ICODE    S=.itext   G=(none)   M=GraphUtil ACBP=A9
 0002:00000AD0 00000054 C=ICODE    S=.itext   G=(none)   M=ExtCtrls ACBP=A9
 0002:00000B24 0000003C C=ICODE    S=.itext   G=(none)   M=ComCtrls ACBP=A9
 0002:00000B60 00000040 C=ICODE    S=.itext   G=(none)   M=Dialogs  ACBP=A9
 0002:00000BA0 00000078 C=ICODE    S=.itext   G=(none)   M=Clipbrd  ACBP=A9
 0002:00000C18 0000005C C=ICODE    S=.itext   G=(none)   M=Forms    ACBP=A9
 0002:00000C74 00000008 C=ICODE    S=.itext   G=(none)   M=D2D1     ACBP=A9
 0002:00000C7C 00000008 C=ICODE    S=.itext   G=(none)   M=Direct2D ACBP=A9
 0002:00000C84 00000050 C=ICODE    S=.itext   G=(none)   M=tdpe.lib.collision.resolver ACBP=A9
 0002:00000CD4 00000050 C=ICODE    S=.itext   G=(none)   M=tdpe.lib.collision.resolver.solid ACBP=A9
 0002:00000D24 00000050 C=ICODE    S=.itext   G=(none)   M=tdpe.lib.collision.detector ACBP=A9
 0002:00000D74 0000005C C=ICODE    S=.itext   G=(none)   M=ThundaxBallsDemo ACBP=A9
 0003:00000000 000009F4 C=DATA     S=.data    G=DGROUP   M=System   ACBP=A9
 0003:000009F4 00000024 C=DATA     S=.data    G=DGROUP   M=SysInit  ACBP=A9
 0003:00000A18 0000000C C=DATA     S=.data    G=DGROUP   M=Windows  ACBP=A9
 0003:00000A24 00000100 C=DATA     S=.data    G=DGROUP   M=Character ACBP=A9
 0003:00000B24 00000118 C=DATA     S=.data    G=DGROUP   M=ExcUtils ACBP=A9
 0003:00000C3C 000001E4 C=DATA     S=.data    G=DGROUP   M=SysUtils ACBP=A9
 0003:00000E20 00000010 C=DATA     S=.data    G=DGROUP   M=ActiveX  ACBP=A9
 0003:00000E30 00000008 C=DATA     S=.data    G=DGROUP   M=VarUtils ACBP=A9
 0003:00000E38 00000144 C=DATA     S=.data    G=DGROUP   M=Variants ACBP=A9
 0003:00000F7C 0000000C C=DATA     S=.data    G=DGROUP   M=TypInfo  ACBP=A9
 0003:00000F88 000000A8 C=DATA     S=.data    G=DGROUP   M=Classes  ACBP=A9
 0003:00001030 00000090 C=DATA     S=.data    G=DGROUP   M=Wincodec ACBP=A9
 0003:000010C0 0000053C C=DATA     S=.data    G=DGROUP   M=Generics.Defaults ACBP=A9
 0003:000015FC 00000010 C=DATA     S=.data    G=DGROUP   M=IOUtils  ACBP=A9
 0003:0000160C 0000000C C=DATA     S=.data    G=DGROUP   M=IniFiles ACBP=A9
 0003:00001618 00000024 C=DATA     S=.data    G=DGROUP   M=Registry ACBP=A9
 0003:0000163C 000003C4 C=DATA     S=.data    G=DGROUP   M=Graphics ACBP=A9
 0003:00001A00 000001B8 C=DATA     S=.data    G=DGROUP   M=Controls ACBP=A9
 0003:00001BB8 00000068 C=DATA     S=.data    G=DGROUP   M=Themes   ACBP=A9
 0003:00001C20 00000050 C=DATA     S=.data    G=DGROUP   M=ImgList  ACBP=A9
 0003:00001C70 00000140 C=DATA     S=.data    G=DGROUP   M=Menus    ACBP=A9
 0003:00001DB0 0000000C C=DATA     S=.data    G=DGROUP   M=Printers ACBP=A9
 0003:00001DBC 000000D8 C=DATA     S=.data    G=DGROUP   M=StdCtrls ACBP=A9
 0003:00001E94 00000450 C=DATA     S=.data    G=DGROUP   M=GraphUtil ACBP=A9
 0003:000022E4 00000024 C=DATA     S=.data    G=DGROUP   M=ComCtrls ACBP=A9
 0003:00002308 00000198 C=DATA     S=.data    G=DGROUP   M=Dialogs  ACBP=A9
 0003:000024A0 00000144 C=DATA     S=.data    G=DGROUP   M=Forms    ACBP=A9
 0003:000025E4 00000020 C=DATA     S=.data    G=DGROUP   M=D2D1     ACBP=A9
 0003:00002604 00000010 C=DATA     S=.data    G=DGROUP   M=Direct2D ACBP=A9
 0004:00000000 00002C30 C=BSS      S=.bss     G=DGROUP   M=System   ACBP=A9
 0004:00002C30 0000000C C=BSS      S=.bss     G=DGROUP   M=SysInit  ACBP=A9
 0004:00002C3C 00000008 C=BSS      S=.bss     G=DGROUP   M=Windows  ACBP=A9
 0004:00002C44 0000001C C=BSS      S=.bss     G=DGROUP   M=Character ACBP=A9
 0004:00002C60 00000004 C=BSS      S=.bss     G=DGROUP   M=ExcUtils ACBP=A9
 0004:00002C64 00002250 C=BSS      S=.bss     G=DGROUP   M=SysUtils ACBP=A9
 0004:00004EB4 0000005C C=BSS      S=.bss     G=DGROUP   M=VarUtils ACBP=A9
 0004:00004F10 00000040 C=BSS      S=.bss     G=DGROUP   M=Variants ACBP=A9
 0004:00004F50 00000004 C=BSS      S=.bss     G=DGROUP   M=TypInfo  ACBP=A9
 0004:00004F54 00000038 C=BSS      S=.bss     G=DGROUP   M=Classes  ACBP=A9
 0004:00004F8C 00000014 C=BSS      S=.bss     G=DGROUP   M=TimeSpan ACBP=A9
 0004:00004FA0 00000018 C=BSS      S=.bss     G=DGROUP   M=SyncObjs ACBP=A9
 0004:00004FB8 00000024 C=BSS      S=.bss     G=DGROUP   M=IOUtils  ACBP=A9
 0004:00004FDC 00000004 C=BSS      S=.bss     G=DGROUP   M=IniFiles ACBP=A9
 0004:00004FE0 00000004 C=BSS      S=.bss     G=DGROUP   M=Registry ACBP=A9
 0004:00004FE4 00000064 C=BSS      S=.bss     G=DGROUP   M=Graphics ACBP=A9
 0004:00005048 0000000C C=BSS      S=.bss     G=DGROUP   M=CommCtrl ACBP=A9
 0004:00005054 000000CC C=BSS      S=.bss     G=DGROUP   M=UxTheme  ACBP=A9
 0004:00005120 00000004 C=BSS      S=.bss     G=DGROUP   M=ActnList ACBP=A9
 0004:00005124 0000008C C=BSS      S=.bss     G=DGROUP   M=Controls ACBP=A9
 0004:000051B0 0000000C C=BSS      S=.bss     G=DGROUP   M=Themes   ACBP=A9
 0004:000051BC 00000008 C=BSS      S=.bss     G=DGROUP   M=ImgList  ACBP=A9
 0004:000051C4 00000010 C=BSS      S=.bss     G=DGROUP   M=Menus    ACBP=A9
 0004:000051D4 00000008 C=BSS      S=.bss     G=DGROUP   M=HelpIntfs ACBP=A9
 0004:000051DC 00000034 C=BSS      S=.bss     G=DGROUP   M=FlatSB   ACBP=A9
 0004:00005210 00000004 C=BSS      S=.bss     G=DGROUP   M=Printers ACBP=A9
 0004:00005214 00000010 C=BSS      S=.bss     G=DGROUP   M=GraphUtil ACBP=A9
 0004:00005224 00000008 C=BSS      S=.bss     G=DGROUP   M=ExtCtrls ACBP=A9
 0004:0000522C 00000010 C=BSS      S=.bss     G=DGROUP   M=ComCtrls ACBP=A9
 0004:0000523C 0000003C C=BSS      S=.bss     G=DGROUP   M=Dialogs  ACBP=A9
 0004:00005278 0000000C C=BSS      S=.bss     G=DGROUP   M=Clipbrd  ACBP=A9
 0004:00005284 00000028 C=BSS      S=.bss     G=DGROUP   M=Forms    ACBP=A9
 0004:000052AC 00000014 C=BSS      S=.bss     G=DGROUP   M=D2D1     ACBP=A9
 0004:000052C0 00000010 C=BSS      S=.bss     G=DGROUP   M=Direct2D ACBP=A9
 0004:000052D0 00000008 C=BSS      S=.bss     G=DGROUP   M=tdpe.lib.collision.resolver ACBP=A9
 0004:000052D8 00000008 C=BSS      S=.bss     G=DGROUP   M=tdpe.lib.collision.resolver.solid ACBP=A9
 0004:000052E0 00000008 C=BSS      S=.bss     G=DGROUP   M=tdpe.lib.collision.detector ACBP=A9
 0004:000052E8 00000004 C=BSS      S=.bss     G=DGROUP   M=uBallsDemo ACBP=A9
 0005:00000000 00000008 C=TLS      S=.tls     G=(none)   M=System   ACBP=A9
 0005:00000008 0000000C C=TLS      S=.tls     G=(none)   M=Classes  ACBP=A9
 0005:00000014 00000004 C=TLS      S=.tls     G=(none)   M=SyncObjs ACBP=A9
 0005:00000018 00000024 C=TLS      S=.tls     G=(none)   M=GraphUtil ACBP=A9


  Address             Publics by Name

 0001:00026154       ActiveX.CoCreateInstance
 0001:0002615C       ActiveX.CoTaskMemAlloc
 0001:00026164       ActiveX.CoTaskMemFree
 0003:00000E20       ActiveX.GUID_NULL
 0001:0002614C       ActiveX.IsEqualGUID
 0001:0002616C       ActiveX.OleInitialize
 0001:00026174       ActiveX.OleUninitialize
 0004:00005120       ActnList..9
 0001:000653FC       ActnList..TActionLink
 0001:0006451C       ActnList..TActionListEnumerator
 0001:00064214       ActnList..TContainedAction
 0001:00064DC8       ActnList..TCustomAction
 0001:0006478C       ActnList..TCustomActionList
 0001:00064BA0       ActnList..TShortCutList
 0002:000008E4       ActnList.ActnList
 0001:0006656C       ActnList.Finalization
 0001:00065BB4       ActnList.TActionLink.IsCaptionLinked
 0001:00065BC8       ActnList.TActionLink.IsCheckedLinked
 0001:00065BDC       ActnList.TActionLink.IsEnabledLinked
 0001:00065BF0       ActnList.TActionLink.IsGroupIndexLinked
 0001:00065C04       ActnList.TActionLink.IsHelpContextLinked
 0001:00065C18       ActnList.TActionLink.IsHelpLinked
 0001:00065C2C       ActnList.TActionLink.IsHintLinked
 0001:00065C40       ActnList.TActionLink.IsImageIndexLinked
 0001:00065C54       ActnList.TActionLink.IsShortCutLinked
 0001:00065C68       ActnList.TActionLink.IsVisibleLinked
 0001:00065C7C       ActnList.TActionLink.SetAutoCheck
 0001:00065C80       ActnList.TActionLink.SetCaption
 0001:00065C84       ActnList.TActionLink.SetChecked
 0001:00065C88       ActnList.TActionLink.SetEnabled
 0001:00065C8C       ActnList.TActionLink.SetGroupIndex
 0001:00065C90       ActnList.TActionLink.SetHelpContext
 0001:00065C94       ActnList.TActionLink.SetHelpKeyword
 0001:00065C98       ActnList.TActionLink.SetHelpType
 0001:00065C9C       ActnList.TActionLink.SetHint
 0001:00065CA0       ActnList.TActionLink.SetImageIndex
 0001:00065CA4       ActnList.TActionLink.SetShortCut
 0001:00065CA8       ActnList.TActionLink.SetVisible
 0001:00065718       ActnList.TActionListEnumerator.Create
 0001:0006575C       ActnList.TActionListEnumerator.GetCurrent
 0001:00065768       ActnList.TActionListEnumerator.MoveNext
 0001:00065504       ActnList.TContainedAction.Destroy
 0001:00065670       ActnList.TContainedAction.Execute
 0001:00065538       ActnList.TContainedAction.GetIndex
 0001:00065554       ActnList.TContainedAction.GetParentComponent
 0001:00065564       ActnList.TContainedAction.HasParent
 0001:00065550       ActnList.TContainedAction.IsCategoryStored
 0001:00065574       ActnList.TContainedAction.ReadState
 0001:0006561C       ActnList.TContainedAction.SetActionList
 0001:000655F0       ActnList.TContainedAction.SetCategory
 0001:000655A8       ActnList.TContainedAction.SetIndex
 0001:00065644       ActnList.TContainedAction.SetParentComponent
 0001:000656C8       ActnList.TContainedAction.Update
 0001:00065D58       ActnList.TCustomAction.AssignTo
 0001:00065CAC       ActnList.TCustomAction.Create
 0001:00065D00       ActnList.TCustomAction.Destroy
 0001:000663E4       ActnList.TCustomAction.DoHint
 0001:0006640C       ActnList.TCustomAction.Execute
 0001:00066470       ActnList.TCustomAction.GetSecondaryShortCuts
 0001:000664F0       ActnList.TCustomAction.HandleShortCut
 0001:000664CC       ActnList.TCustomAction.IsSecondaryShortCutsStored
 0001:00065E64       ActnList.TCustomAction.SetAutoCheck
 0001:00065EC4       ActnList.TCustomAction.SetCaption
 0001:00065F24       ActnList.TCustomAction.SetChecked
 0001:0006602C       ActnList.TCustomAction.SetEnabled
 0001:000660A8       ActnList.TCustomAction.SetGroupIndex
 0001:000661C0       ActnList.TCustomAction.SetHelpContext
 0001:00066158       ActnList.TCustomAction.SetHelpKeyword
 0001:00066100       ActnList.TCustomAction.SetHelpType
 0001:00066218       ActnList.TCustomAction.SetHint
 0001:00066278       ActnList.TCustomAction.SetImageIndex
 0001:00066398       ActnList.TCustomAction.SetName
 0001:00066498       ActnList.TCustomAction.SetSecondaryShortCuts
 0001:000662D4       ActnList.TCustomAction.SetShortCut
 0001:00066338       ActnList.TCustomAction.SetVisible
 0001:0006597C       ActnList.TCustomActionList.AddAction
 0001:000659C4       ActnList.TCustomActionList.Change
 0001:00065784       ActnList.TCustomActionList.Create
 0001:000657F0       ActnList.TCustomActionList.Destroy
 0001:00065AD0       ActnList.TCustomActionList.ExecuteAction
 0001:000658C0       ActnList.TCustomActionList.GetAction
 0001:000658D4       ActnList.TCustomActionList.GetActionCount
 0001:00065848       ActnList.TCustomActionList.GetChildren
 0001:000658DC       ActnList.TCustomActionList.GetEnumerator
 0001:00065920       ActnList.TCustomActionList.ImageListChange
 0001:00065A2C       ActnList.TCustomActionList.IsShortCut
 0001:0006592C       ActnList.TCustomActionList.Notification
 0001:0006599C       ActnList.TCustomActionList.RemoveAction
 0001:00065890       ActnList.TCustomActionList.SetChildOrder
 0001:000658EC       ActnList.TCustomActionList.SetImages
 0001:00065B10       ActnList.TCustomActionList.SetState
 0001:00065AF0       ActnList.TCustomActionList.UpdateAction
 0001:000664FC       ActnList.TShortCutList.Add
 0001:00066528       ActnList.TShortCutList.IndexOfShortCut
 0001:0004C530       AnsiStrings.CompareStr
 0001:0000BED0       Character.bin_data
 0004:00002C50       Character.CategoryTable
 0004:00002C48       Character.CatIndexPrimary
 0004:00002C4C       Character.CatIndexSecondary
 0004:00002C44       Character.DataTable
 0003:00000A24       Character.Latin1Categories
 0004:00002C5C       Character.NumericValueTable
 0004:00002C54       Character.NumIndexPrimary
 0004:00002C58       Character.NumIndexSecondary
 0001:0000BD48       Character.TCharacter.CheckLetter
 0001:0000BD54       Character.TCharacter.CheckLetterOrDigit
 0001:0000BE70       Character.TCharacter.GetUnicodeCategory
 0001:00014E0C       Character.TCharacter.Initialize
 0001:0000BE64       Character.TCharacter.IsAscii
 0001:0000BD64       Character.TCharacter.IsLatin1
 0001:0000BD70       Character.TCharacter.IsLetter
 0001:0000BDFC       Character.TCharacter.IsLetterOrDigit
 0004:00004F68       Classes..96
 0001:00030D4C       Classes..EBitsError
 0001:00030AE4       Classes..EClassNotFound
 0001:00030E84       Classes..EComponentError
 0001:000307EC       Classes..EFCreateError
 0001:00030920       Classes..EFilerError
 0001:000306F0       Classes..EFileStreamError
 0001:00030888       Classes..EFOpenError
 0001:00030B80       Classes..EInvalidImage
 0001:00030FC4       Classes..EInvalidOperation
 0001:00030CB8       Classes..EListError
 0001:00030F24       Classes..EOutOfResources
 0001:000309B8       Classes..EReadError
 0001:00030C1C       Classes..EResNotFound
 0001:00030654       Classes..EStreamError
 0001:00030DE0       Classes..EStringListError
 0001:00038300       Classes..EThread
 0001:00038390       Classes..EThreadExternalException
 0001:00030A4C       Classes..EWriteError
 0001:00047710       Classes..TAnonymousThread
 0001:00039E84       Classes..TBasicAction
 0001:00039C68       Classes..TBasicActionLink
 0001:00031D6C       Classes..TBits
 0001:00035B6C       Classes..TClassFinder
 0001:000325F4       Classes..TCollection
 0001:00032450       Classes..TCollectionEnumerator
 0001:000321E4       Classes..TCollectionItem
 0001:00039320       Classes..TComponent
 0001:00049420       Classes..TComponent.FindComponent$1499$ActRec
 0001:00038EC0       Classes..TComponentEnumerator
 0001:00034DAC       Classes..TCustomMemoryStream
 0001:0004763C       Classes..TExternalThread
 0001:00035F88       Classes..TFiler
 0001:00034BC8       Classes..TFileStream
 0001:000349B0       Classes..THandleStream
 0001:0003BD9C       Classes..TIntConst
 0001:00032070       Classes..TInterfacedPersistent
 0001:000313A0       Classes..TList
 0001:0003CD44       Classes..TList.Sort$876$ActRec
 0001:000311CC       Classes..TListEnumerator
 0001:00034FF4       Classes..TMemoryStream
 0001:00032A8C       Classes..TOwnedCollection
 0001:00031EA4       Classes..TPersistent
 0001:00041574       Classes..TPropFixup
 0001:000417A0       Classes..TPropIntfFixup
 0001:000369A0       Classes..TReader
 0001:0003A47C       Classes..TRegGroup
 0001:0003A8DC       Classes..TRegGroups
 0001:0003523C       Classes..TResourceStream
 0001:0003436C       Classes..TStream
 0001:000355C0       Classes..TStreamAdapter
 0001:00033CB4       Classes..TStringList
 0001:00032E2C       Classes..TStrings
 0001:00032C84       Classes..TStringsEnumerator
 0001:000385A8       Classes..TThread
 0001:00031AB4       Classes..TThreadList
 0001:000378A8       Classes..TWriter
 0001:0003BD28       Classes.ActivateClassGroup
 0003:00000F88       Classes.AddDataModule
 0001:00041ACC       Classes.AddFinished
 0001:00041B04       Classes.AddNotFinished
 0001:0004272C       Classes.AddSubComponentsToLoaded
 0001:0004A590       Classes.AllocateHWnd
 0001:00045C98       Classes.AncestorIsValid
 0003:00000F98       Classes.ApplicationHandleException
 0003:00000FA0       Classes.ApplicationShowException
 0001:0003C204       Classes.BeginGlobalLoading
 0003:00001004       Classes.BlockCode
 0001:0003A424       Classes.Bounds
 0001:0004A3F0       Classes.CalcJmpOffset
 0001:00042768       Classes.CheckSubComponents
 0001:000479C0       Classes.CheckSynchronize
 0002:00000288       Classes.Classes
 0001:0003BA6C       Classes.ClassNotFound
 0001:0004A4A4       Classes.CleanupInstFreeList
 0001:0003C4A4       Classes.CollectionsEqual
 0001:00042848       Classes.ComponentCreated
 0001:00044738       Classes.CopyBinary
 0001:000446A8       Classes.CopyBytes
 0001:0004465C       Classes.CopyList
 0001:000445D4       Classes.CopySetBody
 0001:000428C8       Classes.CreateComponent
 0003:00000FA8       Classes.CreateVCLComObjectProc
 0001:0004A644       Classes.DeallocateHWnd
 0001:000478F4       Classes.DoneThreadSynchronization
 0001:0003E590       Classes.DoWrite
 0003:00000FBC       Classes.Dummy32bitResHeader
 0001:0004A66C       Classes.EFileStreamError.Create
 0001:0003C28C       Classes.EndGlobalLoading
 0001:000413AC       Classes.Error
 0001:0003B510       Classes.Error
 0004:00004F80       Classes.ExternalThreads
 0003:00000FB8       Classes.FilerSignature
 0001:0004A71C       Classes.Finalization
 0001:00045388       Classes.FindAncestor
 0001:0003BB44       Classes.FindClass
 0001:00042A78       Classes.FindExistingComponent
 0001:0003C11C       Classes.FindGlobalComponent
 0004:00004F74       Classes.FindGlobalComponentProcs
 0001:0003BFC4       Classes.FindIdentToInt
 0001:0003BF48       Classes.FindIntToIdent
 0001:0004610C       Classes.FindMethodName
 0001:000419D4       Classes.FindNestedComponent
 0001:00043AC4       Classes.FindUniqueName
 0001:0004790C       Classes.FreeExternalThreads
 0001:0004A358       Classes.FreeIntConstList
 0001:0004A490       Classes.FreeObjectInstance
 0001:0003BAD8       Classes.GetClass
 0001:00046800       Classes.GetComponentValue
 0001:0003D7FC       Classes.GetDesigner
 0001:0003BA60       Classes.GetFieldClassTable
 0001:0004A4E0       Classes.GetFreeInstBlockItemCount
 0004:00004F78       Classes.GlobalFixupList
 0001:00041B4C       Classes.GlobalFixupReferences
 0005:00000010       Classes.GlobalLists
 0005:0000000C       Classes.GlobalLoaded
 0004:00004F5C       Classes.GlobalNameSpace
 0001:0003BCBC       Classes.GroupDescendentsWith
 0001:00043264       Classes.HandleException
 0001:0003C040       Classes.IdentToInt
 0001:0003C2E8       Classes.InitComponent
 0001:0003C374       Classes.InitInheritedComponent
 0001:000478B8       Classes.InitThreadSynchronization
 0004:00004F84       Classes.InstBlockList
 0004:00004F88       Classes.InstFreeList
 0004:00004F6C       Classes.IntConstList
 0001:0003A460       Classes.InterlockedCompareExchangePointer
 0001:0003A468       Classes.InterlockedExchange
 0001:0003A474       Classes.InterlockedExchangePointer
 0001:0003C180       Classes.InternalReadComponentRes
 0001:0003C080       Classes.IntToIdent
 0001:0003A44C       Classes.InvalidPoint
 0001:00045E8C       Classes.IsDefault
 0001:00045D08       Classes.IsDefaultFloatProp
 0001:00045D64       Classes.IsDefaultInt64Prop
 0001:00046030       Classes.IsDefaultInterfaceProp
 0001:00046164       Classes.IsDefaultMethodProp
 0001:00045EE4       Classes.IsDefaultObjectProp
 0001:00045CB0       Classes.IsDefaultOrdProp
 0001:0004629C       Classes.IsDefaultPropertyValue
 0001:00045DBC       Classes.IsDefaultStrProp
 0001:00045F64       Classes.IsDefaultValue
 0001:00046204       Classes.IsDefaultVariantProp
 0001:0003C15C       Classes.IsUniqueGlobalComponentName
 0004:00004F60       Classes.IsUniqueGlobalComponentNameProc
 0001:0004A3F8       Classes.MakeObjectInstance
 0001:0003D44C       Classes.Min
 0001:0004A3C8       Classes.ModuleUnload
 0003:00000FDC       Classes.NilMethod
 0001:0003D89C       Classes.NotifyDesigner
 0001:0003C25C       Classes.NotifyGlobalLoading
 0001:00045E4C       Classes.ObjectAncestorMatch
 0001:000467E8       Classes.OwnedBy
 0003:00000FE8       Classes.Priorities
 0001:00041E74       Classes.PropertyNotFound
 0001:00043334       Classes.PropPathError
 0001:00041E68       Classes.PropValueError
 0001:0003CBC8       Classes.QuickSort
 0001:0004053C       Classes.RaiseException
 0001:00044C20       Classes.ReadCustomVariant
 0001:00041E50       Classes.ReadError
 0001:00042868       Classes.Recover
 0001:0003A408       Classes.Rect
 0004:00004F70       Classes.RegGroups
 0001:0003BB64       Classes.RegisterClass
 0001:0003C0C4       Classes.RegisterFindGlobalComponentProc
 0001:0003BF1C       Classes.RegisterIntegerConsts
 0001:0004A510       Classes.ReleaseObjectInstanceBlocks
 0003:00000F90       Classes.RemoveDataModule
 0001:00041D1C       Classes.RemoveFixupReferences
 0001:00041DC8       Classes.RemoveFixups
 0001:000421B8       Classes.RemoveGlobalFixup
 0001:0004798C       Classes.ResetSyncEvent
 0001:000429D8       Classes.SetCompName
 0001:00041EA0       Classes.SetElementValue
 0001:0004368C       Classes.SetInterfaceReference
 0001:000435A8       Classes.SetIntIdent
 0001:000435F0       Classes.SetObjectIdent
 0001:000427E0       Classes.SetSubComponentState
 0001:00043630       Classes.SetVariantReference
 0001:000479B4       Classes.SignalSyncEvent
 0001:00044390       Classes.SkipBinary
 0001:000443C0       Classes.SkipCollection
 0001:00044364       Classes.SkipList
 0001:0003BC54       Classes.StartClassGroup
 0001:0004A3D0       Classes.StdWndProc
 0001:00040328       Classes.StringListCompareStrings
 0004:00004F64       Classes.SyncEvent
 0003:00000FE4       Classes.SyncList
 0001:00047860       Classes.TAnonymousThread.Create
 0001:000478AC       Classes.TAnonymousThread.Execute
 0001:00049DC4       Classes.TBasicAction.Change
 0001:00049C50       Classes.TBasicAction.Create
 0001:00049C94       Classes.TBasicAction.Destroy
 0001:00049D30       Classes.TBasicAction.Execute
 0001:00049D00       Classes.TBasicAction.ExecuteTarget
 0001:00049CFC       Classes.TBasicAction.HandlesTarget
 0001:00049D04       Classes.TBasicAction.Notification
 0001:00049DD8       Classes.TBasicAction.RegisterChanges
 0001:00049E24       Classes.TBasicAction.SetActionComponent
 0001:00049D68       Classes.TBasicAction.SetOnExecute
 0001:00049DE4       Classes.TBasicAction.UnRegisterChanges
 0001:00049D4C       Classes.TBasicAction.Update
 0001:00049D2C       Classes.TBasicAction.UpdateTarget
 0001:00049BA0       Classes.TBasicActionLink.AssignClient
 0001:00049BD8       Classes.TBasicActionLink.Change
 0001:00049B5C       Classes.TBasicActionLink.Create
 0001:00049BA4       Classes.TBasicActionLink.Destroy
 0001:00049BF0       Classes.TBasicActionLink.Execute
 0001:00049C38       Classes.TBasicActionLink.IsOnExecuteLinked
 0001:00049C0C       Classes.TBasicActionLink.SetAction
 0001:00049C3C       Classes.TBasicActionLink.SetOnExecute
 0001:00049C44       Classes.TBasicActionLink.Update
 0001:0003D404       Classes.TBits.Destroy
 0001:0003D434       Classes.TBits.Error
 0001:0003D528       Classes.TBits.OpenBit
 0001:0003D4FC       Classes.TBits.SetBit
 0001:0003D458       Classes.TBits.SetSize
 0001:0003B7CC       Classes.TClassFinder.Create
 0001:0003B90C       Classes.TClassFinder.Destroy
 0001:0003B93C       Classes.TClassFinder.GetClass
 0001:0003B9D8       Classes.TClassFinder.GetClasses
 0001:0003DBCC       Classes.TCollection.Add
 0001:0003E0E4       Classes.TCollection.Added
 0001:0003DBEC       Classes.TCollection.Assign
 0001:0003DC94       Classes.TCollection.BeginUpdate
 0001:0003DC98       Classes.TCollection.Changed
 0001:0003DCA8       Classes.TCollection.Clear
 0001:0003DB34       Classes.TCollection.Create
 0001:0003E0A8       Classes.TCollection.Delete
 0001:0003E0E8       Classes.TCollection.Deleting
 0001:0003DB80       Classes.TCollection.Destroy
 0001:0003DD10       Classes.TCollection.EndUpdate
 0001:0003DD1C       Classes.TCollection.FindItemID
 0001:0003DD50       Classes.TCollection.GetAttr
 0001:0003DD4C       Classes.TCollection.GetAttrCount
 0001:0003DD6C       Classes.TCollection.GetCapacity
 0001:0003DD94       Classes.TCollection.GetCount
 0001:0003DD5C       Classes.TCollection.GetEnumerator
 0001:0003DD9C       Classes.TCollection.GetItem
 0001:0003DD74       Classes.TCollection.GetItemAttr
 0001:0003DDB0       Classes.TCollection.GetNamePath
 0001:0003DE64       Classes.TCollection.GetPropName
 0001:0003DFB8       Classes.TCollection.Insert
 0001:0003DFD4       Classes.TCollection.InsertItem
 0001:0003E0EC       Classes.TCollection.Notify
 0001:0003E0D8       Classes.TCollection.Owner
 0001:0003E03C       Classes.TCollection.RemoveItem
 0001:0003E090       Classes.TCollection.SetCapacity
 0001:0003E0A0       Classes.TCollection.SetItemName
 0001:0003E0A4       Classes.TCollection.Update
 0001:0003DAC8       Classes.TCollectionEnumerator.Create
 0001:0003DB0C       Classes.TCollectionEnumerator.GetCurrent
 0001:0003DB18       Classes.TCollectionEnumerator.MoveNext
 0001:0003D968       Classes.TCollectionItem.Changed
 0001:0003D900       Classes.TCollectionItem.Create
 0001:0003D938       Classes.TCollectionItem.Destroy
 0001:0003D9A4       Classes.TCollectionItem.GetDisplayName
 0001:0003D98C       Classes.TCollectionItem.GetIndex
 0001:0003D9B8       Classes.TCollectionItem.GetNamePath
 0001:0003DA64       Classes.TCollectionItem.GetOwner
 0001:0003DA68       Classes.TCollectionItem.SetCollection
 0001:0003DA90       Classes.TCollectionItem.SetDisplayName
 0001:0003DA98       Classes.TCollectionItem.SetIndex
 0001:00049654       Classes.TComponent.AddSortedComponent
 0001:00048CD0       Classes.TComponent.BeforeDestruction
 0001:00049708       Classes.TComponent.ChangeName
 0001:00048C3C       Classes.TComponent.Create
 0001:000491BC       Classes.TComponent.DefineProperties
 0001:00048C88       Classes.TComponent.Destroy
 0001:00049040       Classes.TComponent.DestroyComponents
 0001:000490AC       Classes.TComponent.Destroying
 0001:00049864       Classes.TComponent.ExecuteAction
 0001:000494F0       Classes.TComponent.FindComponent
 0001:000494E4       Classes.TComponent.FindComponent$1499$ActRec.$0$Body
 0001:000495DC       Classes.TComponent.FindSortedComponent
 0001:00048D1C       Classes.TComponent.FreeNotification
 0001:00049998       Classes.TComponent.FreeOnRelease
 0001:00049260       Classes.TComponent.GetChildOwner
 0001:00049264       Classes.TComponent.GetChildParent
 0001:00049258       Classes.TComponent.GetChildren
 0001:000498C8       Classes.TComponent.GetComObject
 0001:0004975C       Classes.TComponent.GetComponent
 0001:00049788       Classes.TComponent.GetComponentCount
 0001:00049740       Classes.TComponent.GetComponentIndex
 0001:00049268       Classes.TComponent.GetEnumerator
 0001:00049278       Classes.TComponent.GetNamePath
 0001:0004928C       Classes.TComponent.GetOwner
 0001:00049294       Classes.TComponent.GetParentComponent
 0001:00049254       Classes.TComponent.HasParent
 0001:00048EF0       Classes.TComponent.Insert
 0001:00048FA4       Classes.TComponent.InsertComponent
 0001:00049A30       Classes.TComponent.IntfGetComponent
 0001:00049A34       Classes.TComponent.IsImplementorOf
 0001:000492B4       Classes.TComponent.Loaded
 0001:0004915C       Classes.TComponent.Notification
 0001:000492C0       Classes.TComponent.PaletteCreated
 0001:000499B0       Classes.TComponent.QueryInterface
 0001:00048EB0       Classes.TComponent.ReadLeft
 0001:000492C4       Classes.TComponent.ReadState
 0001:00048EC4       Classes.TComponent.ReadTop
 0001:00049AB4       Classes.TComponent.ReferenceInterface
 0001:00048F2C       Classes.TComponent.Remove
 0001:00049008       Classes.TComponent.RemoveComponent
 0001:00049140       Classes.TComponent.RemoveFreeNotification
 0001:00048CDC       Classes.TComponent.RemoveFreeNotifications
 0001:000490E8       Classes.TComponent.RemoveNotification
 0001:00049980       Classes.TComponent.SafeCallException
 0001:00049290       Classes.TComponent.SetChildOrder
 0001:00049798       Classes.TComponent.SetComponentIndex
 0001:000497EC       Classes.TComponent.SetDesigning
 0001:00049678       Classes.TComponent.SetName
 0001:00049298       Classes.TComponent.SetParentComponent
 0001:0004983C       Classes.TComponent.SetReference
 0001:000498B4       Classes.TComponent.SetSubComponent
 0001:0004988C       Classes.TComponent.UpdateAction
 0001:000492A8       Classes.TComponent.Updated
 0001:000499A8       Classes.TComponent.UpdateRegistry
 0001:0004929C       Classes.TComponent.Updating
 0001:0004935C       Classes.TComponent.ValidateContainer
 0001:00049370       Classes.TComponent.ValidateInsert
 0001:000492D4       Classes.TComponent.ValidateRename
 0001:00048ED8       Classes.TComponent.WriteLeft
 0001:000492CC       Classes.TComponent.WriteState
 0001:00048EE4       Classes.TComponent.WriteTop
 0001:000499F0       Classes.TComponent._AddRef
 0001:00049A10       Classes.TComponent._Release
 0001:00048BD0       Classes.TComponentEnumerator.Create
 0001:00048C14       Classes.TComponentEnumerator.GetCurrent
 0001:00048C20       Classes.TComponentEnumerator.MoveNext
 0001:00041040       Classes.TCustomMemoryStream.Read
 0001:000410B4       Classes.TCustomMemoryStream.SaveToFile
 0001:0004109C       Classes.TCustomMemoryStream.SaveToStream
 0001:00041078       Classes.TCustomMemoryStream.Seek
 0001:00041038       Classes.TCustomMemoryStream.SetPointer
 0001:00047820       Classes.TExternalThread.Create
 0001:0004785C       Classes.TExternalThread.Execute
 0001:00041500       Classes.TFiler.Create
 0001:00036340       Classes.TFiler.DefineBinaryProperty
 0001:00036338       Classes.TFiler.DefineProperty
 0001:00041548       Classes.TFiler.Destroy
 0001:00036348       Classes.TFiler.FlushBuffer
 0001:00041570       Classes.TFiler.SetRoot
 0001:00040E90       Classes.TFileStream.Create
 0001:00040E4C       Classes.TFileStream.Create
 0001:00041004       Classes.TFileStream.Destroy
 0001:00040D88       Classes.THandleStream.Create
 0001:00040DC4       Classes.THandleStream.Read
 0001:00040DE4       Classes.THandleStream.Seek
 0001:00040E10       Classes.THandleStream.SetSize
 0001:00040E24       Classes.THandleStream.SetSize
 0001:00040DD4       Classes.THandleStream.Write
 0004:00004F7C       Classes.ThreadLock
 0001:00047BEC       Classes.ThreadProc
 0001:0003BEE4       Classes.TIntConst.Create
 0001:0003D744       Classes.TInterfacedPersistent.AfterConstruction
 0001:0003D7D4       Classes.TInterfacedPersistent.QueryInterface
 0001:0003D794       Classes.TInterfacedPersistent._AddRef
 0001:0003D7B4       Classes.TInterfacedPersistent._Release
 0001:0003C648       Classes.TList.Add
 0001:0003CF0C       Classes.TList.Assign
 0001:0003C688       Classes.TList.Clear
 0001:0003C6A0       Classes.TList.Delete
 0001:0003C628       Classes.TList.Destroy
 0001:0003C708       Classes.TList.Error
 0001:0003C750       Classes.TList.Error
 0001:0003C7D4       Classes.TList.Exchange
 0001:0003C824       Classes.TList.Expand
 0001:0003CEB0       Classes.TList.Extract
 0001:0003CEB8       Classes.TList.ExtractItem
 0001:0003C83C       Classes.TList.First
 0001:0003C844       Classes.TList.Get
 0001:0003C868       Classes.TList.GetEnumerator
 0001:0003C878       Classes.TList.Grow
 0001:0003C8AC       Classes.TList.IndexOf
 0001:0003C8D0       Classes.TList.IndexOfItem
 0001:0003C8FC       Classes.TList.Insert
 0001:0003C974       Classes.TList.Last
 0001:0003C998       Classes.TList.Move
 0001:0003CF08       Classes.TList.Notify
 0001:0003CA74       Classes.TList.Pack
 0001:0003C9F0       Classes.TList.Put
 0001:0003CA4C       Classes.TList.Remove
 0001:0003CA54       Classes.TList.RemoveItem
 0001:0003CAE8       Classes.TList.SetCapacity
 0001:0003CB24       Classes.TList.SetCount
 0001:0003CE10       Classes.TList.Sort
 0001:0003CE04       Classes.TList.Sort$876$ActRec.$0$Body
 0001:0003CE90       Classes.TList.SortList
 0001:0003C5C0       Classes.TListEnumerator.Create
 0001:0003C604       Classes.TListEnumerator.GetCurrent
 0001:0003C610       Classes.TListEnumerator.MoveNext
 0001:00041138       Classes.TMemoryStream.Clear
 0001:0004110C       Classes.TMemoryStream.Destroy
 0001:00041188       Classes.TMemoryStream.LoadFromFile
 0001:00041150       Classes.TMemoryStream.LoadFromStream
 0001:00041230       Classes.TMemoryStream.Realloc
 0001:000411DC       Classes.TMemoryStream.SetCapacity
 0001:00041204       Classes.TMemoryStream.SetSize
 0001:000412B0       Classes.TMemoryStream.Write
 0001:0003E110       Classes.TOwnedCollection.Create
 0001:0003E154       Classes.TOwnedCollection.GetOwner
 0001:0003D5CC       Classes.TPersistent.Assign
 0001:0003D5E0       Classes.TPersistent.AssignError
 0001:0003D69C       Classes.TPersistent.AssignTo
 0001:0003D6A4       Classes.TPersistent.DefineProperties
 0001:0003D5A0       Classes.TPersistent.Destroy
 0001:0003D6A8       Classes.TPersistent.GetNamePath
 0001:0003D740       Classes.TPersistent.GetOwner
 0001:00041888       Classes.TPropFixup.Create
 0001:000418E0       Classes.TPropFixup.MakeGlobalReference
 0001:00041940       Classes.TPropFixup.ResolveReference
 0001:00041950       Classes.TPropIntfFixup.ResolveReference
 0001:00041EF4       Classes.TReader.BeginReferences
 0001:00041F5C       Classes.TReader.CheckValue
 0001:00044790       Classes.TReader.CopyValue
 0001:00041FBC       Classes.TReader.DefineBinaryProperty
 0001:00041F80       Classes.TReader.DefineProperty
 0001:00041EB8       Classes.TReader.Destroy
 0001:00042238       Classes.TReader.DoFixupReferences
 0001:000420A4       Classes.TReader.EndOfList
 0001:000420B8       Classes.TReader.EndReferences
 0001:000420D4       Classes.TReader.Error
 0001:00044A6C       Classes.TReader.FindAncestorComponent
 0001:00044B64       Classes.TReader.FindComponentClass
 0001:00042168       Classes.TReader.FindMethod
 0001:000420F8       Classes.TReader.FindMethodInstance
 0001:0004237C       Classes.TReader.FixupReferences
 0001:000423B4       Classes.TReader.FlushBuffer
 0001:000423D8       Classes.TReader.FreeFixups
 0001:00042414       Classes.TReader.GetFieldClass
 0001:000424A8       Classes.TReader.GetPosition
 0001:000424C0       Classes.TReader.NextValue
 0001:000424D0       Classes.TReader.PropertyError
 0001:000424E4       Classes.TReader.Read
 0001:0004256C       Classes.TReader.ReadBoolean
 0001:00042530       Classes.TReader.ReadBuffer
 0001:00042590       Classes.TReader.ReadChar
 0001:00042650       Classes.TReader.ReadCollection
 0001:00042B1C       Classes.TReader.ReadComponent
 0001:00043E60       Classes.TReader.ReadComponents
 0001:00042F5C       Classes.TReader.ReadCurrency
 0001:00042D5C       Classes.TReader.ReadData
 0001:00042DCC       Classes.TReader.ReadDataInner
 0001:00042FAC       Classes.TReader.ReadDate
 0001:00042ED4       Classes.TReader.ReadDouble
 0001:00042E9C       Classes.TReader.ReadFloat
 0001:00042FF0       Classes.TReader.ReadIdent
 0001:000431D0       Classes.TReader.ReadInt64
 0001:00043164       Classes.TReader.ReadInteger
 0001:00043214       Classes.TReader.ReadListBegin
 0001:0004321C       Classes.TReader.ReadListEnd
 0001:00043224       Classes.TReader.ReadPrefix
 0001:00043350       Classes.TReader.ReadProperty
 0001:0004374C       Classes.TReader.ReadPropValue
 0001:00043B2C       Classes.TReader.ReadRootComponent
 0001:00043F50       Classes.TReader.ReadSet
 0001:0004400C       Classes.TReader.ReadSignature
 0001:00042F18       Classes.TReader.ReadSingle
 0001:00044030       Classes.TReader.ReadStr
 0001:000440C0       Classes.TReader.ReadString
 0001:000442E8       Classes.TReader.ReadValue
 0001:00044DE8       Classes.TReader.ReadVariant
 0001:000425F0       Classes.TReader.ReadWideChar
 0001:000441A8       Classes.TReader.ReadWideString
 0001:00044B24       Classes.TReader.ReferenceName
 0001:00044B3C       Classes.TReader.SetName
 0001:000442FC       Classes.TReader.SetPosition
 0001:00044BD8       Classes.TReader.SkipBytes
 0001:000449C0       Classes.TReader.SkipComponent
 0001:00044978       Classes.TReader.SkipProperty
 0001:0004431C       Classes.TReader.SkipSetBody
 0001:00044424       Classes.TReader.SkipValue
 0001:0003ADB8       Classes.TRegGroup.AddClass
 0001:0003ADC4       Classes.TRegGroup.BestClass
 0001:0003AE24       Classes.TRegGroup.BestGroup
 0001:0003AE94       Classes.TRegGroup.Create
 0001:0003AEF0       Classes.TRegGroup.Destroy
 0001:0003AF30       Classes.TRegGroup.GetClass
 0001:0003AF80       Classes.TRegGroup.GetClasses
 0001:0003AFC8       Classes.TRegGroup.IndexOfClass
 0001:0003B040       Classes.TRegGroup.InGroup
 0001:0003B084       Classes.TRegGroup.RegisterClass
 0001:0003B138       Classes.TRegGroup.RegisterClassAlias
 0001:0003B170       Classes.TRegGroup.Registered
 0001:0003B188       Classes.TRegGroup.UnregisterClass
 0001:0003B1E8       Classes.TRegGroup.UnregisterModuleClasses
 0001:0003B328       Classes.TRegGroups.Activate
 0001:0003B374       Classes.TRegGroups.AddClass
 0001:0003B394       Classes.TRegGroups.Create
 0001:0003B408       Classes.TRegGroups.Destroy
 0001:0003B468       Classes.TRegGroups.FindGroup
 0001:0003B4AC       Classes.TRegGroups.GetClass
 0001:0003B4F0       Classes.TRegGroups.GroupedWith
 0001:0003B594       Classes.TRegGroups.GroupWith
 0001:0003B668       Classes.TRegGroups.Lock
 0001:0003B674       Classes.TRegGroups.RegisterClass
 0001:0003B68C       Classes.TRegGroups.RegisterClassAlias
 0001:0003B6AC       Classes.TRegGroups.Registered
 0001:0003B6F0       Classes.TRegGroups.StartGroup
 0001:0003B740       Classes.TRegGroups.Unlock
 0001:0003B74C       Classes.TRegGroups.UnregisterClass
 0001:0003B77C       Classes.TRegGroups.UnregisterModuleClasses
 0001:00041300       Classes.TResourceStream.Create
 0001:00041358       Classes.TResourceStream.CreateFromID
 0001:000414B8       Classes.TResourceStream.Destroy
 0001:0004144C       Classes.TResourceStream.Initialize
 0001:000414E8       Classes.TResourceStream.Write
 0001:00040764       Classes.TStream.CopyFrom
 0001:00040BA4       Classes.TStream.FixupResourceHeader
 0001:00040450       Classes.TStream.GetPosition
 0001:00040484       Classes.TStream.GetSize
 0001:00034968       Classes.TStream.Read
 0001:000406A4       Classes.TStream.ReadBuffer
 0001:00040858       Classes.TStream.ReadComponent
 0001:0004091C       Classes.TStream.ReadComponentRes
 0001:00040C9C       Classes.TStream.ReadResHeader
 0001:000405B0       Classes.TStream.Seek
 0001:00040634       Classes.TStream.Seek
 0001:00040470       Classes.TStream.SetPosition
 0001:000404E8       Classes.TStream.SetSize
 0001:000404D0       Classes.TStream.SetSize
 0001:000404D4       Classes.TStream.SetSize64
 0001:00034970       Classes.TStream.Write
 0001:00040704       Classes.TStream.WriteBuffer
 0001:000408B8       Classes.TStream.WriteComponent
 0001:00040938       Classes.TStream.WriteComponentRes
 0001:000408C0       Classes.TStream.WriteDescendent
 0001:00040C68       Classes.TStream.WriteDescendentRes
 0001:00040940       Classes.TStream.WriteResourceHeader
 0001:0004A340       Classes.TStreamAdapter.Clone
 0001:0004A294       Classes.TStreamAdapter.Commit
 0001:0004A08C       Classes.TStreamAdapter.CopyTo
 0001:00049E50       Classes.TStreamAdapter.Create
 0001:00049E9C       Classes.TStreamAdapter.Destroy
 0001:0004A2AC       Classes.TStreamAdapter.LockRegion
 0001:00049ED4       Classes.TStreamAdapter.Read
 0001:0004A2A0       Classes.TStreamAdapter.Revert
 0001:00049FA4       Classes.TStreamAdapter.Seek
 0001:0004A028       Classes.TStreamAdapter.SetSize
 0001:0004A2C4       Classes.TStreamAdapter.Stat
 0001:0004A2B8       Classes.TStreamAdapter.UnlockRegion
 0001:00049F3C       Classes.TStreamAdapter.Write
 0001:0003FC70       Classes.TStringList.Add
 0001:0003FC80       Classes.TStringList.AddObject
 0001:0003FCE4       Classes.TStringList.Assign
 0001:0003FD20       Classes.TStringList.Changed
 0001:0003FD3C       Classes.TStringList.Changing
 0001:0003FD58       Classes.TStringList.Clear
 0001:00040390       Classes.TStringList.CompareStrings
 0001:000403E4       Classes.TStringList.Create
 0001:000403AC       Classes.TStringList.Create
 0001:00040358       Classes.TStringList.CustomSort
 0001:0003FE40       Classes.TStringList.Delete
 0001:0003FB64       Classes.TStringList.Destroy
 0001:0003FECC       Classes.TStringList.Exchange
 0001:0003FF28       Classes.TStringList.ExchangeItems
 0001:0003FF4C       Classes.TStringList.Find
 0001:0003FFD0       Classes.TStringList.Get
 0001:00040000       Classes.TStringList.GetCapacity
 0001:00040004       Classes.TStringList.GetCount
 0001:00040008       Classes.TStringList.GetObject
 0001:0004002C       Classes.TStringList.Grow
 0001:00040060       Classes.TStringList.IndexOf
 0001:0004009C       Classes.TStringList.Insert
 0001:00040100       Classes.TStringList.InsertItem
 0001:000400AC       Classes.TStringList.InsertObject
 0001:0004017C       Classes.TStringList.Put
 0001:000401D4       Classes.TStringList.PutObject
 0001:00040210       Classes.TStringList.QuickSort
 0001:000402A8       Classes.TStringList.SetCapacity
 0001:00040428       Classes.TStringList.SetCaseSensitive
 0001:000402E8       Classes.TStringList.SetSorted
 0001:00040308       Classes.TStringList.SetUpdateState
 0001:00040348       Classes.TStringList.Sort
 0001:0003E288       Classes.TStrings.Add
 0001:0003E2AC       Classes.TStrings.AddObject
 0001:0003E394       Classes.TStrings.AddStrings
 0001:0003E3F8       Classes.TStrings.AddStrings
 0001:0003E2DC       Classes.TStrings.AddStrings
 0001:0003E2D0       Classes.TStrings.Append
 0001:0003E49C       Classes.TStrings.Assign
 0001:0003E578       Classes.TStrings.BeginUpdate
 0001:00033BB4       Classes.TStrings.Clear
 0001:0003FA34       Classes.TStrings.CompareStrings
 0001:0003E1D0       Classes.TStrings.Create
 0001:0003E5E8       Classes.TStrings.DefineProperties
 0001:00033BBC       Classes.TStrings.Delete
 0001:0003E218       Classes.TStrings.Destroy
 0001:0003E640       Classes.TStrings.EndUpdate
 0001:0003E654       Classes.TStrings.Equals
 0001:0003E6FC       Classes.TStrings.Error
 0001:0003E780       Classes.TStrings.Exchange
 0001:0003E86C       Classes.TStrings.GetCapacity
 0001:0003E874       Classes.TStrings.GetCommaText
 0001:0003E90C       Classes.TStrings.GetDelimitedText
 0001:0003F890       Classes.TStrings.GetDelimiter
 0001:0003EB7C       Classes.TStrings.GetEnumerator
 0001:0003F8AC       Classes.TStrings.GetLineBreak
 0001:0003FA40       Classes.TStrings.GetNameValueSeparator
 0001:0003EB8C       Classes.TStrings.GetObject
 0001:0003F8E8       Classes.TStrings.GetQuoteChar
 0001:0003F904       Classes.TStrings.GetStrictDelimiter
 0001:0003EB90       Classes.TStrings.GetText
 0001:0003EBE4       Classes.TStrings.GetTextStr
 0001:0003ED28       Classes.TStrings.IndexOf
 0001:0003EDB4       Classes.TStrings.IndexOfName
 0001:0003EE88       Classes.TStrings.IndexOfObject
 0001:00033BC4       Classes.TStrings.Insert
 0001:0003EEBC       Classes.TStrings.InsertObject
 0001:0003EF40       Classes.TStrings.LoadFromFile
 0001:0003EEEC       Classes.TStrings.LoadFromFile
 0001:0003EF9C       Classes.TStrings.LoadFromStream
 0001:0003EFA8       Classes.TStrings.LoadFromStream
 0001:0003F0AC       Classes.TStrings.Move
 0001:0003F16C       Classes.TStrings.Put
 0001:0003F19C       Classes.TStrings.PutObject
 0001:0003F1A0       Classes.TStrings.ReadData
 0001:0003F260       Classes.TStrings.SaveToFile
 0001:0003F250       Classes.TStrings.SaveToFile
 0001:0003F2D0       Classes.TStrings.SaveToStream
 0001:0003F2C0       Classes.TStrings.SaveToStream
 0001:0003F38C       Classes.TStrings.SetCapacity
 0001:0003F390       Classes.TStrings.SetCommaText
 0001:0003F91C       Classes.TStrings.SetDefaultEncoding
 0001:0003F6E0       Classes.TStrings.SetDelimitedText
 0001:0003F964       Classes.TStrings.SetDelimiter
 0001:0003F984       Classes.TStrings.SetEncoding
 0001:0003F9CC       Classes.TStrings.SetLineBreak
 0001:0003FA5C       Classes.TStrings.SetNameValueSeparator
 0001:0003F9F8       Classes.TStrings.SetQuoteChar
 0001:0003FA18       Classes.TStrings.SetStrictDelimiter
 0001:0003F428       Classes.TStrings.SetStringsAdapter
 0001:0003F45C       Classes.TStrings.SetText
 0001:0003F4AC       Classes.TStrings.SetTextStr
 0001:0003F658       Classes.TStrings.SetUpdateState
 0001:0003FB14       Classes.TStrings.ToObjectArray
 0001:0003FA7C       Classes.TStrings.ToStringArray
 0001:0003F65C       Classes.TStrings.WriteData
 0001:0003E158       Classes.TStringsEnumerator.Create
 0001:0003E19C       Classes.TStringsEnumerator.GetCurrent
 0001:0003E1B4       Classes.TStringsEnumerator.MoveNext
 0004:00004F58       Classes.TThread.$ClassInitFlag
 0001:00047E88       Classes.TThread.AfterConstruction
 0001:00047F68       Classes.TThread.CallOnTerminate
 0001:00047E9C       Classes.TThread.CheckTerminated
 0001:00047ED4       Classes.TThread.CheckThreadError
 0001:00047F50       Classes.TThread.CheckThreadError
 0001:00047CA0       Classes.TThread.Create
 0001:00047CD8       Classes.TThread.Create
 0002:0000026C       Classes.TThread.Create@
 0001:00047DDC       Classes.TThread.CreateAnonymousThread
 0001:00047DEC       Classes.TThread.Destroy
 0001:00047E60       Classes.TThread.Destroy@
 0001:00047F7C       Classes.TThread.DoTerminate
 0005:00000008       Classes.TThread.FCurrentThread
 0004:00004F54       Classes.TThread.FProcessorCount
 0001:00047F90       Classes.TThread.GetCurrentThread
 0001:000480B0       Classes.TThread.GetPriority
 0001:00048004       Classes.TThread.InternalStart
 0001:00048B30       Classes.TThread.NameThreadForDebugging
 0001:00048708       Classes.TThread.Queue
 0001:00048270       Classes.TThread.Queue
 0001:00048118       Classes.TThread.Queue
 0001:000481A4       Classes.TThread.Queue
 0001:0004889C       Classes.TThread.RemoveQueuedEvents
 0001:00048310       Classes.TThread.RemoveQueuedEvents
 0001:00048950       Classes.TThread.RemoveQueuedEvents
 0001:00048A20       Classes.TThread.Resume
 0001:000480EC       Classes.TThread.SetPriority
 0001:000483E4       Classes.TThread.SetReturnValue
 0001:00048964       Classes.TThread.SetSuspended
 0001:00048998       Classes.TThread.Sleep
 0001:0004897C       Classes.TThread.SpinWait
 0001:000489A8       Classes.TThread.Start
 0001:00048420       Classes.TThread.StaticQueue
 0001:00048888       Classes.TThread.StaticSynchronize
 0001:000489B0       Classes.TThread.Suspend
 0001:000485DC       Classes.TThread.Synchronize
 0001:00048610       Classes.TThread.Synchronize
 0001:00048434       Classes.TThread.Synchronize
 0001:000487EC       Classes.TThread.Synchronize
 0001:00048678       Classes.TThread.Synchronize
 0001:00048A48       Classes.TThread.Terminate
 0001:00048A6C       Classes.TThread.WaitFor
 0001:000489A0       Classes.TThread.Yield
 0001:0003D2AC       Classes.TThreadList.Add
 0001:0003D334       Classes.TThreadList.Clear
 0001:0003D1D8       Classes.TThreadList.Create
 0001:0003D230       Classes.TThreadList.Destroy
 0001:0003D37C       Classes.TThreadList.LockList
 0001:0003D39C       Classes.TThreadList.Remove
 0001:0003D3A4       Classes.TThreadList.RemoveItem
 0001:0003D3F8       Classes.TThreadList.UnlockList
 0001:00045034       Classes.TWriter.AddAncestor
 0001:00045068       Classes.TWriter.DefineBinaryProperty
 0001:00045040       Classes.TWriter.DefineProperty
 0001:00045008       Classes.TWriter.Destroy
 0001:000450A4       Classes.TWriter.FindMethodName
 0001:000450EC       Classes.TWriter.FlushBuffer
 0001:00047618       Classes.TWriter.GetLookupInfo
 0001:00045094       Classes.TWriter.GetPosition
 0001:000450F4       Classes.TWriter.SetPosition
 0001:00045130       Classes.TWriter.SetRoot
 0001:00045148       Classes.TWriter.Write
 0001:00045194       Classes.TWriter.WriteBinary
 0001:00045234       Classes.TWriter.WriteBoolean
 0001:0004521C       Classes.TWriter.WriteBuffer
 0001:00045248       Classes.TWriter.WriteChar
 0001:000452E8       Classes.TWriter.WriteCollection
 0001:000453D8       Classes.TWriter.WriteComponent
 0001:00045980       Classes.TWriter.WriteCurrency
 0001:0004552C       Classes.TWriter.WriteData
 0001:000459A4       Classes.TWriter.WriteDate
 0001:000458EC       Classes.TWriter.WriteDescendent
 0001:0004595C       Classes.TWriter.WriteDouble
 0001:00045914       Classes.TWriter.WriteFloat
 0001:000459C8       Classes.TWriter.WriteIdent
 0001:00045B20       Classes.TWriter.WriteInteger
 0001:00045AAC       Classes.TWriter.WriteInteger
 0001:00045B78       Classes.TWriter.WriteListBegin
 0001:00045B80       Classes.TWriter.WriteListEnd
 0001:000473F0       Classes.TWriter.WriteMinStr
 0001:00045B88       Classes.TWriter.WritePrefix
 0001:00045BD0       Classes.TWriter.WriteProperties
 0001:00046E04       Classes.TWriter.WriteProperty
 0001:00047338       Classes.TWriter.WritePropName
 0001:0004738C       Classes.TWriter.WriteRootComponent
 0001:00047394       Classes.TWriter.WriteSignature
 0001:00045938       Classes.TWriter.WriteSingle
 0001:000473A4       Classes.TWriter.WriteStr
 0001:000474B4       Classes.TWriter.WriteString
 0001:00047568       Classes.TWriter.WriteUTF8Str
 0001:00047604       Classes.TWriter.WriteValue
 0001:00046F58       Classes.TWriter.WriteVariant
 0001:00045298       Classes.TWriter.WriteWideChar
 0001:000475FC       Classes.TWriter.WriteWideString
 0001:0003C104       Classes.UnregisterFindGlobalComponentProc
 0001:0003BBEC       Classes.UnRegisterModuleClasses
 0003:00001008       Classes.UtilWindowClass
 0001:00047998       Classes.WaitForSyncEvent
 0003:00000FB0       Classes.WakeMainThread
 0001:0003C438       Classes.WriteCollection
 0001:00046558       Classes.WriteCollectionProp
 0001:000466F4       Classes.WriteFloatProp
 0001:00046734       Classes.WriteInt64Prop
 0001:00046B54       Classes.WriteInterfaceProp
 0001:000464EC       Classes.WriteIntProp
 0001:00046D10       Classes.WriteMethodProp
 0001:00046940       Classes.WriteObjectProp
 0001:000465FC       Classes.WriteOrdProp
 0001:00046400       Classes.WritePropPath
 0001:00046458       Classes.WriteSet
 0001:00046770       Classes.WriteStrProp
 0001:00046DA0       Classes.WriteVariantProp
 0004:0000527C       Clipbrd..3
 0004:0000527A       Clipbrd.CF_COMPONENT
 0004:00005278       Clipbrd.CF_PICTURE
 0002:00000BA0       Clipbrd.Clipbrd
 0004:00005280       Clipbrd.FClipboard
 0001:000B03DC       Clipbrd.Finalization
 0004:0000522C       ComCtrls..96
 0001:000A69A0       ComCtrls..TConversion
 0001:000A6B2C       ComCtrls..TCustomRichEdit
 0001:000A6500       ComCtrls..TParaAttributes
 0001:000A7224       ComCtrls..TRichEdit
 0001:000A8CA8       ComCtrls..TRichEditStrings
 0001:000A61E4       ComCtrls..TTextAttributes
 0001:000A965C       ComCtrls.AdjustLineBreaks
 0001:000AB0C4       ComCtrls.AppendConversionFormat
 0002:00000B24       ComCtrls.ComCtrls
 0001:000A9AD4       ComCtrls.ContainsPreamble
 0004:00005230       ComCtrls.ConversionFormatList
 0001:000A92B4       ComCtrls.CountLineBreaks
 0001:000AB1B0       ComCtrls.Finalization
 0001:000AB150       ComCtrls.FreeConversionFormatList
 0004:00005238       ComCtrls.FRichEditModule
 0003:000022F4       ComCtrls.HideScrollBars
 0003:000022FC       ComCtrls.HideSelections
 0003:00002304       ComCtrls.Painting
 0003:000022E4       ComCtrls.RTFConversionFormat
 0004:00005234       ComCtrls.ShellModule
 0001:000A98BC       ComCtrls.StreamLoad
 0001:000A973C       ComCtrls.StreamSave
 0001:000A8BF0       ComCtrls.TConversion.ConvertReadStream
 0001:000A8C4C       ComCtrls.TConversion.ConvertWriteStream
 0001:000A8BB8       ComCtrls.TConversion.Create
 0001:000AA468       ComCtrls.TCustomRichEdit.Clear
 0001:000AAA54       ComCtrls.TCustomRichEdit.CMBiDiModeChanged
 0001:000AAB7C       ComCtrls.TCustomRichEdit.CMColorChanged
 0001:000AA840       ComCtrls.TCustomRichEdit.CMFontChanged
 0001:000AAF50       ComCtrls.TCustomRichEdit.CNNotify
 0001:000AA2D0       ComCtrls.TCustomRichEdit.Create
 0001:000AA49C       ComCtrls.TCustomRichEdit.CreateParams
 0001:000AA540       ComCtrls.TCustomRichEdit.CreateWnd
 0001:000AA40C       ComCtrls.TCustomRichEdit.Destroy
 0001:000AA6A0       ComCtrls.TCustomRichEdit.DestroyWnd
 0001:000AA850       ComCtrls.TCustomRichEdit.DoSetMaxLength
 0001:000AB06C       ComCtrls.TCustomRichEdit.FindText
 0001:000AA480       ComCtrls.TCustomRichEdit.GetActiveLineNo
 0001:000AA870       ComCtrls.TCustomRichEdit.GetCaretPos
 0001:000AAB64       ComCtrls.TCustomRichEdit.GetPlainText
 0001:000AA914       ComCtrls.TCustomRichEdit.GetSelLength
 0001:000AA93C       ComCtrls.TCustomRichEdit.GetSelStart
 0001:000AA9E4       ComCtrls.TCustomRichEdit.GetSelText
 0001:000AA960       ComCtrls.TCustomRichEdit.GetSelTextBuf
 0001:000AABE8       ComCtrls.TCustomRichEdit.Print
 0001:000AAFFC       ComCtrls.TCustomRichEdit.ProtectChange
 0001:000AB144       ComCtrls.TCustomRichEdit.RegisterConversionFormat
 0001:000AB04C       ComCtrls.TCustomRichEdit.RequestSize
 0001:000AAFCC       ComCtrls.TCustomRichEdit.SaveClipboard
 0001:000AB02C       ComCtrls.TCustomRichEdit.SelectionChange
 0001:000AA8CC       ComCtrls.TCustomRichEdit.SetCaretPos
 0001:000AAB54       ComCtrls.TCustomRichEdit.SetDefAttributes
 0001:000AAAA8       ComCtrls.TCustomRichEdit.SetHideScrollBars
 0001:000AAABC       ComCtrls.TCustomRichEdit.SetHideSelection
 0001:000AAB70       ComCtrls.TCustomRichEdit.SetPlainText
 0001:000AABA8       ComCtrls.TCustomRichEdit.SetRichEditStrings
 0001:000AAAEC       ComCtrls.TCustomRichEdit.SetSelAttributes
 0001:000AAAFC       ComCtrls.TCustomRichEdit.SetSelLength
 0001:000AABC0       ComCtrls.TCustomRichEdit.SetSelStart
 0001:000AA7B4       ComCtrls.TCustomRichEdit.WMNCDestroy
 0001:000AADE0       ComCtrls.TCustomRichEdit.WMPaint
 0001:000AA7CC       ComCtrls.TCustomRichEdit.WMRButtonUp
 0001:000AAEA4       ComCtrls.TCustomRichEdit.WMSetCursor
 0001:000AA7BC       ComCtrls.TCustomRichEdit.WMSetFont
 0003:000022EC       ComCtrls.TextConversionFormat
 0001:000A8B1C       ComCtrls.TParaAttributes.Assign
 0001:000A8774       ComCtrls.TParaAttributes.Create
 0001:000A8868       ComCtrls.TParaAttributes.GetAlignment
 0001:000A87CC       ComCtrls.TParaAttributes.GetAttributes
 0001:000A893C       ComCtrls.TParaAttributes.GetFirstIndent
 0001:000A8998       ComCtrls.TParaAttributes.GetLeftIndent
 0001:000A88BC       ComCtrls.TParaAttributes.GetNumbering
 0001:000A89F4       ComCtrls.TParaAttributes.GetRightIndent
 0001:000A8A50       ComCtrls.TParaAttributes.GetTab
 0001:000A8ACC       ComCtrls.TParaAttributes.GetTabCount
 0001:000A87B0       ComCtrls.TParaAttributes.InitPara
 0001:000A8884       ComCtrls.TParaAttributes.SetAlignment
 0001:000A8804       ComCtrls.TParaAttributes.SetAttributes
 0001:000A895C       ComCtrls.TParaAttributes.SetFirstIndent
 0001:000A89B8       ComCtrls.TParaAttributes.SetLeftIndent
 0001:000A88D8       ComCtrls.TParaAttributes.SetNumbering
 0001:000A8A14       ComCtrls.TParaAttributes.SetRightIndent
 0001:000A8A78       ComCtrls.TParaAttributes.SetTab
 0001:000A8AE8       ComCtrls.TParaAttributes.SetTabCount
 0001:000A90FC       ComCtrls.TRichEditStrings.AddStrings
 0001:000A9550       ComCtrls.TRichEditStrings.Clear
 0001:000A94AC       ComCtrls.TRichEditStrings.Delete
 0001:000A90CC       ComCtrls.TRichEditStrings.Destroy
 0001:000A95B0       ComCtrls.TRichEditStrings.EnableChange
 0001:000A91CC       ComCtrls.TRichEditStrings.Get
 0001:000A9174       ComCtrls.TRichEditStrings.GetCount
 0001:000A9300       ComCtrls.TRichEditStrings.Insert
 0001:000A9F94       ComCtrls.TRichEditStrings.LoadFromFile
 0001:000A9BD8       ComCtrls.TRichEditStrings.LoadFromStream
 0001:000A9230       ComCtrls.TRichEditStrings.Put
 0001:000AA13C       ComCtrls.TRichEditStrings.SaveToFile
 0001:000A9E18       ComCtrls.TRichEditStrings.SaveToStream
 0001:000A960C       ComCtrls.TRichEditStrings.SetTextStr
 0001:000A9560       ComCtrls.TRichEditStrings.SetUpdateState
 0001:000A8500       ComCtrls.TTextAttributes.Assign
 0001:000A8644       ComCtrls.TTextAttributes.AssignTo
 0001:000A801C       ComCtrls.TTextAttributes.Create
 0001:000A8140       ComCtrls.TTextAttributes.GetAttributes
 0001:000A81BC       ComCtrls.TTextAttributes.GetCharset
 0001:000A8254       ComCtrls.TTextAttributes.GetColor
 0001:000A8084       ComCtrls.TTextAttributes.GetConsistentAttributes
 0001:000A844C       ComCtrls.TTextAttributes.GetHeight
 0001:000A82BC       ComCtrls.TTextAttributes.GetName
 0001:000A8490       ComCtrls.TTextAttributes.GetPitch
 0001:000A8200       ComCtrls.TTextAttributes.GetProtected
 0001:000A83F8       ComCtrls.TTextAttributes.GetSize
 0001:000A8350       ComCtrls.TTextAttributes.GetStyle
 0001:000A8068       ComCtrls.TTextAttributes.InitFormat
 0001:000A8180       ComCtrls.TTextAttributes.SetAttributes
 0001:000A81D0       ComCtrls.TTextAttributes.SetCharset
 0001:000A8274       ComCtrls.TTextAttributes.SetColor
 0001:000A846C       ComCtrls.TTextAttributes.SetHeight
 0001:000A82E0       ComCtrls.TTextAttributes.SetName
 0001:000A84C0       ComCtrls.TTextAttributes.SetPitch
 0001:000A821C       ComCtrls.TTextAttributes.SetProtected
 0001:000A8414       ComCtrls.TTextAttributes.SetSize
 0001:000A83A0       ComCtrls.TTextAttributes.SetStyle
 0004:00005048       CommCtrl.ComCtl32DLL
 0001:000633A8       CommCtrl.FlatSB_GetScrollInfo
 0001:000633B0       CommCtrl.FlatSB_GetScrollPos
 0001:000633B8       CommCtrl.FlatSB_SetScrollInfo
 0001:000633C0       CommCtrl.FlatSB_SetScrollPos
 0001:000633C8       CommCtrl.FlatSB_SetScrollProp
 0001:000632E0       CommCtrl.ImageList_Add
 0001:00063340       CommCtrl.ImageList_BeginDrag
 0001:00063338       CommCtrl.ImageList_Copy
 0001:000632C0       CommCtrl.ImageList_Create
 0001:000632C8       CommCtrl.ImageList_Destroy
 0001:00063350       CommCtrl.ImageList_DragEnter
 0001:00063358       CommCtrl.ImageList_DragLeave
 0001:00063360       CommCtrl.ImageList_DragMove
 0001:00063368       CommCtrl.ImageList_DragShowNolock
 0001:00063308       CommCtrl.ImageList_Draw
 0001:00063318       CommCtrl.ImageList_DrawEx
 0001:00063348       CommCtrl.ImageList_EndDrag
 0001:000632F8       CommCtrl.ImageList_GetBkColor
 0001:00063370       CommCtrl.ImageList_GetDragImage
 0001:00063328       CommCtrl.ImageList_GetIcon
 0001:00063388       CommCtrl.ImageList_GetIconSize
 0001:000632D0       CommCtrl.ImageList_GetImageCount
 0001:00063398       CommCtrl.ImageList_GetImageInfo
 0001:00063330       CommCtrl.ImageList_LoadImage
 0001:00063378       CommCtrl.ImageList_Read
 0001:00063320       CommCtrl.ImageList_Remove
 0001:00063310       CommCtrl.ImageList_Replace
 0001:000632E8       CommCtrl.ImageList_ReplaceIcon
 0001:000632F0       CommCtrl.ImageList_SetBkColor
 0001:00063390       CommCtrl.ImageList_SetIconSize
 0001:000632D8       CommCtrl.ImageList_SetImageCount
 0001:00063300       CommCtrl.ImageList_SetOverlayImage
 0001:00063380       CommCtrl.ImageList_Write
 0001:00063240       CommCtrl.InitComCtl
 0001:000633D0       CommCtrl.InitializeFlatSB
 0001:000633D8       CommCtrl.TaskDialogIndirect
 0004:0000504C       CommCtrl._InitCommonControlsEx
 0004:00005050       CommCtrl._TaskDialogIndirect
 0001:000633A0       CommCtrl._TrackMouseEvent
 0001:00062E3C       Contnrs..TOrderedList
 0001:00063054       Contnrs..TStack
 0001:000630E4       Contnrs.TOrderedList.AtLeast
 0001:00063110       Contnrs.TOrderedList.Count
 0001:00063118       Contnrs.TOrderedList.Create
 0001:0006315C       Contnrs.TOrderedList.Destroy
 0001:000630F0       Contnrs.TOrderedList.Peek
 0001:0006318C       Contnrs.TOrderedList.PeekItem
 0001:000630F8       Contnrs.TOrderedList.Pop
 0001:000631A0       Contnrs.TOrderedList.PopItem
 0001:00063100       Contnrs.TOrderedList.Push
 0001:000631C0       Contnrs.TStack.PushItem
 0004:00005134       Controls..44
 0001:00066E8C       Controls..TBaseDragControlObject
 0001:0006AB38       Controls..TControl
 0001:0006794C       Controls..TControlActionLink
 0001:00067700       Controls..TControlCanvas
 0001:0006E598       Controls..TCustomControl
 0001:00068C18       Controls..TCustomGestureCollectionItem
 0001:00069458       Controls..TCustomGestureEngine
 0001:00068E78       Controls..TCustomGestureManager
 0001:00070B44       Controls..TCustomHint
 0001:000708EC       Controls..TCustomHintShowHideThread
 0001:000704B0       Controls..TCustomHintWindow
 0001:0006FCD8       Controls..TCustomPanningWindow
 0001:0006962C       Controls..TCustomTouchManager
 0001:0006F964       Controls..TDockTree
 0001:0006F378       Controls..TDockZone
 0001:00067028       Controls..TDragControlObject
 0001:00067164       Controls..TDragControlObjectEx
 0001:00067270       Controls..TDragDockObject
 0001:000675E8       Controls..TDragDockObjectEx
 0001:0006EC74       Controls..TDragImageList
 0001:00066988       Controls..TDragObject
 0001:0006E3C8       Controls..TGraphicControl
 0001:0006E7B4       Controls..THintWindow
 0001:0006F0D0       Controls..TImageList
 0001:00068250       Controls..TMargins
 0001:0006FF88       Controls..TMouse
 0001:00068734       Controls..TPadding
 0001:00071850       Controls..TSiteList
 0001:00067FE8       Controls..TSizeConstraints
 0001:00069BE0       Controls..TTouchManager
 0001:0006CEB4       Controls..TWinControl
 0001:0006C8F8       Controls..TWinControlActionLink
 0001:00072004       Controls.AbsMin
 0004:00005168       Controls.ActiveDrag
 0001:00078D5C       Controls.AlignNestedControls
 0001:00078D08       Controls.AlignWork
 0003:00001A0C       Controls.AnchorAlign
 0003:00001A00       Controls.AnimateWindowProc
 0003:00001B84       Controls.AnimationStyle
 0001:000751D0       Controls.BackgroundClipped
 0001:0008384C       Controls.CalcSplitterPos
 0001:00073088       Controls.CancelDrag
 0004:0000517C       Controls.CanvasList
 0003:00001AC4       Controls.CaptureControl
 0001:00071168       Controls.ChangeBiDiModeAlignment
 0001:00072CF0       Controls.CheckUndock
 0001:00080598       Controls.ClientToWindow
 0004:0000513A       Controls.ControlAtom
 0004:00005140       Controls.ControlAtomString
 0002:00000910       Controls.Controls
 0003:00001B18       Controls.CPan
 0003:00001B15       Controls.CPanOoptions
 0003:00001B48       Controls.CPanSingleFingerHorizontal
 0003:00001B40       Controls.CPanSingleFingerVertical
 0003:00001B50       Controls.CPanWithGutter
 0003:00001B58       Controls.CPanWithInertia
 0003:00001B30       Controls.CPressAndTap
 0003:00001A08       Controls.CreationControl
 0003:00001B28       Controls.CRotate
 0003:00001B08       Controls.Ctl3DStyles
 0003:00001B38       Controls.CTwoFingerTap
 0003:00001A14       Controls.Cursors
 0001:00071630       Controls.CursorToIdent
 0003:00001B20       Controls.CZoom
 0003:00001A04       Controls.DefaultDockTreeClass
 0001:0007A134       Controls.DestroyChildWindow
 0001:00078FD4       Controls.DoAdjustSize
 0001:00078B7C       Controls.DoAlign
 0001:0007E458       Controls.DoCalcConstraints
 0004:00005170       Controls.DockSiteList
 0001:0007B084       Controls.DoControlMsg
 0001:00072604       Controls.DoDragOver
 0001:0008128C       Controls.DoFindControlZone
 0001:000819B8       Controls.DoFindZone
 0001:00081310       Controls.DoForEach
 0001:00083014       Controls.DoGetNextLimit
 0001:00084150       Controls.DoneControls
 0001:00078B34       Controls.DoPosition
 0001:000824C0       Controls.DoPrune
 0001:00082A08       Controls.DoSaveZone
 0001:00082D0C       Controls.DoSetNewBounds
 0001:00079DB0       Controls.DoWriteDesignSize
 0001:0007678C       Controls.DoWriteExplicit
 0001:00076758       Controls.DoWriteIsControl
 0004:00005154       Controls.DragCapture
 0004:00005148       Controls.DragControl
 0001:00072D64       Controls.DragDone
 0001:000725B4       Controls.DragFindTarget
 0001:00072588       Controls.DragFindWindow
 0004:0000516C       Controls.DragImageList
 0001:000729C8       Controls.DragInit
 0001:00072B38       Controls.DragInitControl
 0004:00005150       Controls.DragInternalObject
 0001:000724D0       Controls.DragMessage
 0004:0000514C       Controls.DragObject
 0004:00005178       Controls.DragSave
 0004:00005160       Controls.DragSaveCursor
 0004:00005158       Controls.DragStartPos
 0004:00005164       Controls.DragThreshold
 0001:000726E0       Controls.DragTo
 0001:00081F40       Controls.DrawCloseButton
 0001:00081FD4       Controls.DrawGrabberLine
 0001:00082060       Controls.DrawThemedGrabber
 0001:0007B5A0       Controls.DrawThemeEdge
 0003:00001AF8       Controls.EdgeStyles
 0001:00085C7C       Controls.Finalization
 0001:000712C0       Controls.FindControl
 0001:000730D4       Controls.FindDragTarget
 0001:000730A0       Controls.FindVCLWindow
 0004:00005180       Controls.FlagControl
 0001:000731C8       Controls.FreeDeviceContext
 0001:00073288       Controls.FreeDeviceContexts
 0003:00001B10       Controls.GestureMap
 0001:000717E4       Controls.GetCaptureControl
 0001:0007899C       Controls.GetClientSize
 0001:0007A640       Controls.GetControlAtPos
 0001:000830FC       Controls.GetDockAlign
 0001:00072328       Controls.GetDockSiteAtPos
 0001:00072640       Controls.GetDropCtl
 0001:00080FBC       Controls.GetLastChildZone
 0001:00071698       Controls.GetLongHint
 0001:00071650       Controls.GetShortHint
 0001:00071A14       Controls.GetTopParent
 0001:00083178       Controls.HideZone
 0001:00071640       Controls.IdentToCursor
 0003:00001BAC       Controls.IMM32DLL
 0001:0008413C       Controls.Imm32IsIME
 0001:000841EC       Controls.InitControls
 0001:00083D08       Controls.InitIMM32
 0001:0007117C       Controls.InitWndProc
 0003:00001AD8       Controls.InnerStyles
 0001:00078A04       Controls.InsertBefore
 0001:000720E8       Controls.IsBeforeTargetWindow
 0001:00072528       Controls.IsDelphiHandle
 0001:000809D8       Controls.IsOrientationSet
 0001:000722E4       Controls.IsSiteChildOfClient
 0001:0007131C       Controls.IsVCLControl
 0004:00005128       Controls.IsVCLControlHook
 0001:000852F4       Controls.LatestHintWindow
 0001:00073120       Controls.ListAdd
 0001:00073148       Controls.ListRemove
 0003:00001B97       Controls.MakeLast
 0001:00077A10       Controls.MinVar
 0003:00001BB0       Controls.ModeMap
 0004:00005124       Controls.Mouse
 0001:0007112C       Controls.MouseOriginToShiftState
 0001:00073198       Controls.MoveWindowOrg
 0004:00005130       Controls.NewStyleControls
 0001:000809BC       Controls.NextVisibleZone
 0001:0007128C       Controls.ObjectFromHWnd
 0003:00001B60       Controls.Options
 0003:00001B90       Controls.OrientArray
 0003:00001AE8       Controls.OuterStyles
 0003:00001AC8       Controls.PaintMessage
 0001:00080DE4       Controls.ParentNotLast
 0001:00071730       Controls.PerformBufferedPrintClient
 0001:000716E0       Controls.PerformEraseBackground
 0001:00079D9C       Controls.PointsEqual
 0004:00005174       Controls.QualifyingSites
 0001:00081B54       Controls.ReadControlName
 0001:00072474       Controls.RegisterDockSite
 0004:00005144       Controls.RM_GetObjectInstance
 0001:0007134C       Controls.SendAppMessage
 0001:0007180C       Controls.SetCaptureControl
 0001:00084064       Controls.SetImeMode
 0001:00077288       Controls.SetParentColor
 0003:00001AD0       Controls.ShowFlags
 0001:000831F8       Controls.ShowZone
 0003:00001BA4       Controls.SizeCursors
 0001:00071DE8       Controls.TBaseDragControlObject.Assign
 0001:00071DAC       Controls.TBaseDragControlObject.Create
 0001:00071E14       Controls.TBaseDragControlObject.EndDrag
 0001:00071E40       Controls.TBaseDragControlObject.Finished
 0001:00077740       Controls.TControl.ActionChange
[...]
   117 0001:000E7E1D   116 0001:000E7E31   118 0001:000E7E34   112 0001:000E7E37
   119 0001:000E7E3D   125 0001:000E7E44   126 0001:000E7E52   127 0001:000E7E5D
   129 0001:000E7E85   130 0001:000E7E8F   131 0001:000E7EB7   130 0001:000E7EC0
   131 0001:000E7ED9   127 0001:000E7EF1   132 0001:000E7F0E   134 0001:000E7F26
   135 0001:000E7F4E   134 0001:000E7F58   135 0001:000E7F71   136 0001:000E7F89
   139 0001:000E7F90   140 0001:000E7FA9   141 0001:000E7FB2   142 0001:000E7FB5
   143 0001:000E7FC4   144 0001:000E7FD3   147 0001:000E7FF4   148 0001:000E7FFF
   149 0001:000E8007   150 0001:000E800F   151 0001:000E801B   158 0001:000E802C
   159 0001:000E8036   160 0001:000E8045   161 0001:000E806D   160 0001:000E8077
   161 0001:000E8090   162 0001:000E80A8   163 0001:000E80D0   162 0001:000E80DA
   163 0001:000E80F3   164 0001:000E810B   165 0001:000E8133   164 0001:000E813D
   165 0001:000E8156   166 0001:000E816E   171 0001:000E8178   172 0001:000E817D
   173 0001:000E81A2   172 0001:000E81A9   173 0001:000E81C2   174 0001:000E81DA
   179 0001:000E81E0   180 0001:000E81EA   181 0001:000E81FF   182 0001:000E8224
   181 0001:000E8239   182 0001:000E8252   183 0001:000E826A   190 0001:000E8274
   191 0001:000E827E   192 0001:000E82A6   191 0001:000E82AD   192 0001:000E82C6
   193 0001:000E82DE   194 0001:000E8306   193 0001:000E830D   194 0001:000E8326
   195 0001:000E833E   196 0001:000E8366   195 0001:000E836D   196 0001:000E8386
   197 0001:000E839E   201 0001:000E83A4   202 0001:000E83AC   205 0001:000E83B0
   206 0001:000E83B3   207 0001:000E83BD   208 0001:000E83C6   209 0001:000E83CD
   214 0001:000E83D0   215 0001:000E83D7   216 0001:000E83DE   217 0001:000E8403
   216 0001:000E840A   217 0001:000E8423   218 0001:000E843B

Line numbers for tdpe.lib.engine.contract(..\Lib\Engine\tdpe.lib.engine.contract.pas) segment .text

    43 0001:00000000

Line numbers for tdpe.lib.particle.group.list(..\Lib\particles\tdpe.lib.particle.group.list.pas) segment .text

    62 0001:000EAD3C    63 0001:000EAD43    64 0001:000EAD54    66 0001:000EAD58
    67 0001:000EAD5D    70 0001:000EAD64    71 0001:000EAD6A    72 0001:000EAD73
    75 0001:000EAD78    76 0001:000EAD80    77 0001:000EAD8B    78 0001:000EAD8F
    79 0001:000EAD98    84 0001:000EADA0    85 0001:000EADA5    86 0001:000EADC7
    85 0001:000EADCE    86 0001:000EADE7    87 0001:000EADFF    92 0001:000EAE04
    93 0001:000EAE0C    94 0001:000EAE2E    93 0001:000EAE43    94 0001:000EAE5C
    95 0001:000EAE74   100 0001:000EAE7C   101 0001:000EAE81   102 0001:000EAEA3
   101 0001:000EAEAA   102 0001:000EAEC3   103 0001:000EAEDB   108 0001:000EAEE0
   109 0001:000EAEE5   110 0001:000EAF07   109 0001:000EAF0E   110 0001:000EAF27
   111 0001:000EAF3F

Line numbers for tdpe.lib.engine(..\Lib\Engine\tdpe.lib.engine.pas) segment .text

    85 0001:000EB410    86 0001:000EB418    89 0001:000EB41C    90 0001:000EB41F
    91 0001:000EB429    92 0001:000EB432    93 0001:000EB439    97 0001:000EB43C
    98 0001:000EB444   101 0001:000EB448   102 0001:000EB453   103 0001:000EB459
   104 0001:000EB461   105 0001:000EB467   106 0001:000EB46F   107 0001:000EB47B
   111 0001:000EB48C   112 0001:000EB4A3   116 0001:000EB4A4   117 0001:000EB4AC
   120 0001:000EB4B0   121 0001:000EB4B3   122 0001:000EB4B9   123 0001:000EB4C1
   124 0001:000EB4D0   127 0001:000EB4D4   128 0001:000EB4E9   129 0001:000EB4F2
   130 0001:000EB501   132 0001:000EB510   133 0001:000EB51C   134 0001:000EB521
   135 0001:000EB528   138 0001:000EB548   139 0001:000EB568   140 0001:000EB573
   141 0001:000EB57B   144 0001:000EB59C   145 0001:000EB59F   146 0001:000EB5A9
   147 0001:000EB5B2   148 0001:000EB5B9   152 0001:000EB5BC   153 0001:000EB5C4
   157 0001:000EB5C8   158 0001:000EB5CB   162 0001:000EB5CC   163 0001:000EB5CF
   166 0001:000EB5D0   167 0001:000EB5D3   168 0001:000EB5DF   172 0001:000EB5E4
   173 0001:000EB5E7   177 0001:000EB5E8   178 0001:000EB5EB   183 0001:000EB5EC
   184 0001:000EB5F0   185 0001:000EB5F7   187 0001:000EB600   185 0001:000EB607
   190 0001:000EB60A   192 0001:000EB613   193 0001:000EB61A   190 0001:000EB621
   195 0001:000EB624   197 0001:000EB62E

Line numbers for tdpe.lib.structures.bridge(..\Lib\structures\compositions\tdpe.lib.structures.bridge.pas) segment .text

    54 0001:000EDFD4    55 0001:000EDFDA    56 0001:000EDFEB    70 0001:000EDFF0
    71 0001:000EE00D    72 0001:000EE018    73 0001:000EE029    74 0001:000EE03A
    75 0001:000EE046    76 0001:000EE052    77 0001:000EE05E    78 0001:000EE066
    79 0001:000EE072    82 0001:000EE079    84 0001:000EE08B    85 0001:000EE09D
    86 0001:000EE0DE    87 0001:000EE0E8    88 0001:000EE0F1    89 0001:000EE0FB
    90 0001:000EE105    91 0001:000EE10F    92 0001:000EE119    82 0001:000EE11A
    95 0001:000EE123    97 0001:000EE137    98 0001:000EE183    99 0001:000EE18F
   100 0001:000EE19D   101 0001:000EE1A6   102 0001:000EE1B0   103 0001:000EE1BA
   104 0001:000EE1C4    95 0001:000EE1C5   105 0001:000EE1CE   110 0001:000EE1F0
   111 0001:000EE1F5   112 0001:000EE21A   111 0001:000EE223   112 0001:000EE23C
   113 0001:000EE254   116 0001:000EE258   118 0001:000EE25B   120 0001:000EE26C
   121 0001:000EE282   123 0001:000EE294   126 0001:000EE298   127 0001:000EE2A3
   128 0001:000EE2AB   129 0001:000EE2B3   130 0001:000EE2BF   136 0001:000EE2D0
   137 0001:000EE2E1   138 0001:000EE2E3   141 0001:000EE2E7   142 0001:000EE2FE
   143 0001:000EE303   139 0001:000EE304   145 0001:000EE310   146 0001:000EE312
   151 0001:000EE31C   152 0001:000EE32C   154 0001:000EE354   155 0001:000EE35D
   152 0001:000EE368   156 0001:000EE381   157 0001:000EE399   160 0001:000EE3A0
   161 0001:000EE3A6   162 0001:000EE3B0

Line numbers for tdpe.lib.colour.helper(..\Lib\colors\tdpe.lib.colour.helper.pas) segment .text

    50 0001:000F0D68    51 0001:000F0D8F    53 0001:000F0D97

Line numbers for tdpe.lib.structures.surface.static(..\Lib\structures\General\tdpe.lib.structures.surface.static.pas) segment .text

    70 0001:000F107C    71 0001:000F1080    72 0001:000F10D7    73 0001:000F10E1
    74 0001:000F10EC    75 0001:000F10F6    80 0001:000F10FC    81 0001:000F112E
    82 0001:000F1139    83 0001:000F113C    85 0001:000F1147    86 0001:000F1153
    88 0001:000F115F    89 0001:000F11C8    90 0001:000F11D2    91 0001:000F11DC
    93 0001:000F11E6    94 0001:000F1252    95 0001:000F125C    96 0001:000F1266
    98 0001:000F1270    99 0001:000F12CF   100 0001:000F12D9   101 0001:000F12E3
   103 0001:000F12ED   104 0001:000F1356   105 0001:000F1360   106 0001:000F136A
   108 0001:000F1374   109 0001:000F13DE   110 0001:000F13E9   111 0001:000F13F3
   113 0001:000F13FD   114 0001:000F1467   115 0001:000F1472   116 0001:000F147C
   118 0001:000F1486   119 0001:000F14D4   120 0001:000F14DF   121 0001:000F14E9
   123 0001:000F14F3   124 0001:000F1541   125 0001:000F154C   126 0001:000F1556
   128 0001:000F1560   129 0001:000F15AE   130 0001:000F15B9   131 0001:000F15C3
   133 0001:000F15CD   134 0001:000F161B   135 0001:000F1626   136 0001:000F1630
   137 0001:000F163A   140 0001:000F16A8   141 0001:000F16B3   142 0001:000F16BB
   143 0001:000F16C3   144 0001:000F16CB   145 0001:000F16D3   146 0001:000F16DB
   147 0001:000F16E3   148 0001:000F16EB   149 0001:000F16F3   150 0001:000F16FB
   151 0001:000F1703   152 0001:000F170F   155 0001:000F1720   156 0001:000F1726
   157 0001:000F1730   159 0001:000F173A

Line numbers for tdpe.lib.structures.dispenser.box(..\Lib\structures\compositions\tdpe.lib.structures.dispenser.box.pas) segment .text

    68 0001:000F2D38    69 0001:000F2D3E    70 0001:000F2D4F    75 0001:000F2D54
    76 0001:000F2D58    78 0001:000F2D65    79 0001:000F2DCB    80 0001:000F2DD5
    81 0001:000F2DDF    82 0001:000F2DE8    84 0001:000F2DF2    87 0001:000F2DF8
    88 0001:000F2E10    89 0001:000F2E1B    90 0001:000F2E1E    91 0001:000F2E24
    92 0001:000F2E2A    93 0001:000F2E30    94 0001:000F2E41    99 0001:000F2E60
   100 0001:000F2E65   101 0001:000F2E8A   100 0001:000F2E93   101 0001:000F2EAC
   102 0001:000F2EC4   105 0001:000F2EC8   106 0001:000F2ED3   107 0001:000F2EDB
   108 0001:000F2EE7   114 0001:000F2EF8   115 0001:000F2F09   116 0001:000F2F0B
   119 0001:000F2F0F   120 0001:000F2F26   121 0001:000F2F2B   117 0001:000F2F2C
   123 0001:000F2F38   124 0001:000F2F3A   129 0001:000F2F44   130 0001:000F2F54
   131 0001:000F2F7C   132 0001:000F2F85   130 0001:000F2F90   132 0001:000F2FA9
   133 0001:000F2FC1   136 0001:000F2FC8   137 0001:000F2FCE   138 0001:000F2FD8

Line numbers for tdpe.lib.structures.dispenser.circle(..\Lib\structures\compositions\tdpe.lib.structures.dispenser.circle.pas) segment .text

    67 0001:000F477C    68 0001:000F4782    69 0001:000F4793    74 0001:000F4798
    75 0001:000F479C    77 0001:000F47A9    78 0001:000F480B    79 0001:000F4815
    80 0001:000F481F    81 0001:000F4828    83 0001:000F4832    86 0001:000F4838
    87 0001:000F4850    88 0001:000F485B    89 0001:000F485E    90 0001:000F4864
    91 0001:000F486A    92 0001:000F4870    93 0001:000F4881    98 0001:000F48A0
    99 0001:000F48A5   100 0001:000F48CA    99 0001:000F48D3   100 0001:000F48EC
   101 0001:000F4904   104 0001:000F4908   105 0001:000F4913   106 0001:000F491B
   107 0001:000F4927   113 0001:000F4938   114 0001:000F4949   115 0001:000F494B
   118 0001:000F494F   119 0001:000F4966   120 0001:000F496B   116 0001:000F496C
   122 0001:000F4978   123 0001:000F497A   128 0001:000F4984   129 0001:000F4994
   131 0001:000F49BC   132 0001:000F49C5   129 0001:000F49D0   133 0001:000F49E9
   134 0001:000F4A01   137 0001:000F4A08   138 0001:000F4A0E   139 0001:000F4A18

Line numbers for tdpe.lib.richedit.writer(..\Lib\writer\tdpe.lib.richedit.writer.pas) segment .text

    56 0001:000F4BCC    57 0001:000F4BEF    58 0001:000F4BF1    59 0001:000F4C01
    60 0001:000F4C0C    61 0001:000F4C1F    62 0001:000F4C2C    63 0001:000F4C40
    66 0001:000F4C78    67 0001:000F4C84    68 0001:000F4C87    70 0001:000F4CA2

Line numbers for tdpe.lib.structures.cloth(..\Lib\structures\compositions\tdpe.lib.structures.cloth.pas) segment .text

    61 0001:000F4F1C    62 0001:000F4F22    63 0001:000F4F33    79 0001:000F4F38
    80 0001:000F4F55    81 0001:000F4F60    82 0001:000F4F71    83 0001:000F4F82
    84 0001:000F4F8E    85 0001:000F4F9A    86 0001:000F4FA6    87 0001:000F4FB2
    88 0001:000F4FBA    89 0001:000F4FC6    90 0001:000F4FCD    93 0001:000F4FD4
    95 0001:000F4FEB    97 0001:000F4FFF    98 0001:000F501A    99 0001:000F501E
   100 0001:000F502A   101 0001:000F506C   102 0001:000F5086   103 0001:000F5090
   104 0001:000F509B   105 0001:000F50A6   106 0001:000F50B0   107 0001:000F50BA
    95 0001:000F50BD   108 0001:000F50C4   109 0001:000F50D0   110 0001:000F50DA
    93 0001:000F50DD   111 0001:000F50E6   112 0001:000F50EB   114 0001:000F50F0
   116 0001:000F5107   118 0001:000F5116   119 0001:000F5164   120 0001:000F5179
   121 0001:000F5187   122 0001:000F5190   123 0001:000F519A   124 0001:000F51A4
   116 0001:000F51A7   127 0001:000F51AE   129 0001:000F51B7   131 0001:000F51C0
   132 0001:000F5210   133 0001:000F5219   134 0001:000F5223   135 0001:000F522D
   127 0001:000F5230   138 0001:000F5233   139 0001:000F5236   114 0001:000F5239
   140 0001:000F5242   145 0001:000F5264   146 0001:000F5269   147 0001:000F528E
   146 0001:000F5297   147 0001:000F52B0   148 0001:000F52C8   151 0001:000F52CC
   152 0001:000F52D7   153 0001:000F52DF   154 0001:000F52E7   155 0001:000F52F3
   161 0001:000F5304   162 0001:000F5315   163 0001:000F5317   166 0001:000F531B
   167 0001:000F5332   168 0001:000F5337   164 0001:000F5338   170 0001:000F5344
   171 0001:000F5346   176 0001:000F5350   177 0001:000F5360   179 0001:000F5388
   180 0001:000F5391   177 0001:000F539C   181 0001:000F53B5   182 0001:000F53CD

Line numbers for tdpe.lib.particle.wheel.rim(..\Lib\particles\tdpe.lib.particle.wheel.rim.pas) segment .text

    62 0001:000F5638    63 0001:000F5664    64 0001:000F5691    65 0001:000F56A9
    66 0001:000F56B1    67 0001:000F56B9    68 0001:000F56BC    69 0001:000F56C8
    70 0001:000F56D4    77 0001:000F571C    78 0001:000F5725    79 0001:000F575D
    80 0001:000F576B    81 0001:000F5777    82 0001:000F5795    84 0001:000F57A4
    85 0001:000F57AE    87 0001:000F57B8    88 0001:000F57D7    89 0001:000F57F6
    90 0001:000F5802    91 0001:000F580E    92 0001:000F5825    93 0001:000F583C
    94 0001:000F5848    95 0001:000F5854    96 0001:000F5879    97 0001:000F589E
    98 0001:000F58E5   100 0001:000F58F4   101 0001:000F5901   102 0001:000F592C
   104 0001:000F5957   106 0001:000F596B

Line numbers for tdpe.lib.particle.wheel(..\Lib\particles\tdpe.lib.particle.wheel.pas) segment .text

    79 0001:000F5DD8    80 0001:000F5E04    81 0001:000F5E3F    82 0001:000F5E5A
    83 0001:000F5E75    84 0001:000F5E96    85 0001:000F5EA3    86 0001:000F5EBE
    89 0001:000F5F08    90 0001:000F5F13    91 0001:000F5F1E    92 0001:000F5F2A
    95 0001:000F5F38    96 0001:000F5F3E    97 0001:000F5F51   100 0001:000F5F64
   101 0001:000F5F67   102 0001:000F5F7A   105 0001:000F5F80   106 0001:000F5F9C
   107 0001:000F5FD4   108 0001:000F6009   111 0001:000F603C   112 0001:000F603F
   113 0001:000F6052   116 0001:000F6058   117 0001:000F605B   118 0001:000F606B
   122 0001:000F6078   123 0001:000F607D   130 0001:000F6080   131 0001:000F60AE
   132 0001:000F60E8   133 0001:000F6104   134 0001:000F6120   135 0001:000F613B
   136 0001:000F614A   137 0001:000F6160   138 0001:000F6185   139 0001:000F619E
   140 0001:000F61D0   141 0001:000F61E4   142 0001:000F61F7   145 0001:000F6240
   146 0001:000F627E   147 0001:000F629A   148 0001:000F62D6   151 0001:000F6310
   152 0001:000F6313   153 0001:000F6325   156 0001:000F632C   157 0001:000F632F
   158 0001:000F6341   161 0001:000F6348   162 0001:000F634B   163 0001:000F635B
   166 0001:000F6364   167 0001:000F637D   168 0001:000F63A2   171 0001:000F63E0
   172 0001:000F63E6   173 0001:000F63F9   174 0001:000F640A   176 0001:000F6416

Line numbers for tdpe.lib.structures.car(..\Lib\structures\compositions\tdpe.lib.structures.car.pas) segment .text

    60 0001:000F65C0    61 0001:000F65DD    62 0001:000F65E8    63 0001:000F662C
    64 0001:000F6636    65 0001:000F667A    66 0001:000F6684    67 0001:000F66B9
    69 0001:000F66C2    70 0001:000F66CC    71 0001:000F66D6    72 0001:000F66E0
    75 0001:000F6704    76 0001:000F670F    77 0001:000F6717    78 0001:000F671F
    79 0001:000F6727    80 0001:000F6733    83 0001:000F6744    84 0001:000F674A
    85 0001:000F676D    88 0001:000F677C    89 0001:000F6782    90 0001:000F6790
    91 0001:000F679E    93 0001:000F67AA

Line numbers for tdpe.lib.structures.box.simulation(..\Lib\structures\compositions\tdpe.lib.structures.box.simulation.pas) segment .text

    70 0001:000F6AB0    71 0001:000F6AB6    72 0001:000F6AC7    77 0001:000F6ACC
    78 0001:000F6AD1    79 0001:000F6AF6    78 0001:000F6AFF    79 0001:000F6B18
    80 0001:000F6B30    86 0001:000F6B34    87 0001:000F6B50    88 0001:000F6B5B
    89 0001:000F6B6C    90 0001:000F6B73    91 0001:000F6B7A    92 0001:000F6B81
    94 0001:000F6B86    95 0001:000F6BD5    96 0001:000F6BDF    97 0001:000F6BE9
    99 0001:000F6BF4   100 0001:000F6C4A   101 0001:000F6C54   102 0001:000F6C5E
   104 0001:000F6C69   105 0001:000F6CC6   106 0001:000F6CD0   107 0001:000F6CDA
   109 0001:000F6CE5   110 0001:000F6D3B   111 0001:000F6D45   112 0001:000F6D4F
   114 0001:000F6D5A   115 0001:000F6D96   116 0001:000F6DA0   118 0001:000F6DAA
   119 0001:000F6DE6   120 0001:000F6DF0   122 0001:000F6DFA   123 0001:000F6E36
   124 0001:000F6E40   125 0001:000F6E4A   126 0001:000F6E86   127 0001:000F6E90
   129 0001:000F6E9A   130 0001:000F6ED6   131 0001:000F6EE0   133 0001:000F6EEA
   134 0001:000F6F26   135 0001:000F6F30   136 0001:000F6F3A   139 0001:000F6F5C
   140 0001:000F6F67   141 0001:000F6F6F   142 0001:000F6F77   143 0001:000F6F7F
   144 0001:000F6F87   145 0001:000F6F8F   146 0001:000F6F97   147 0001:000F6F9F
   148 0001:000F6FAB   154 0001:000F6FBC   155 0001:000F6FCD   156 0001:000F6FCF
   159 0001:000F6FD3   160 0001:000F6FEA   161 0001:000F6FEF   157 0001:000F6FF0
   163 0001:000F6FFC   164 0001:000F6FFE   169 0001:000F7008   170 0001:000F7018
   172 0001:000F7040   173 0001:000F7049   170 0001:000F7054   174 0001:000F706D
   175 0001:000F7085

Line numbers for tdpe.lib.engine.wrapper(..\Lib\Engine\tdpe.lib.engine.wrapper.pas) segment .text

    54 0001:000F72A4    55 0001:000F72A7    56 0001:000F72AE    57 0001:000F72B0
    60 0001:000F72B4    61 0001:000F72B7    62 0001:000F72BE    63 0001:000F72C0
    66 0001:000F72C4    67 0001:000F72C7    68 0001:000F72D4    71 0001:000F72D8
    72 0001:000F72DE    73 0001:000F72EB    74 0001:000F72ED    77 0001:000F72F4
    78 0001:000F72F7    79 0001:000F72FE    80 0001:000F7300    82 0001:000F7309

Line numbers for uBallsDemo(uBallsDemo.pas) segment .text

    88 0001:000F7964    89 0001:000F796B    90 0001:000F7979    92 0001:000F7983
    94 0001:000F7997    95 0001:000F799E    97 0001:000F79CA   102 0001:000F7A1E
   104 0001:000F7A48   106 0001:000F7A65   107 0001:000F7A95   109 0001:000F7AA2
   110 0001:000F7ACF   112 0001:000F7ADC   113 0001:000F7B0B   115 0001:000F7B18
   116 0001:000F7B45   117 0001:000F7B64   119 0001:000F7B96   128 0001:000F7BE9
   129 0001:000F7BFA   130 0001:000F7C0B   131 0001:000F7C1C   133 0001:000F7C2D
   134 0001:000F7C3E   135 0001:000F7C4F   137 0001:000F7C60   138 0001:000F7C71
   139 0001:000F7C82   141 0001:000F7C93   142 0001:000F7CA4   144 0001:000F7CB5
   146 0001:000F7CC6   147 0001:000F7CCF   148 0001:000F7CDA   151 0001:000F7D40
   152 0001:000F7D43   153 0001:000F7D56   154 0001:000F7D69   155 0001:000F7D7C
   156 0001:000F7D8F   157 0001:000F7DA2   158 0001:000F7DB5   159 0001:000F7DC8
   160 0001:000F7DDB   161 0001:000F7DEE   162 0001:000F7DF9   163 0001:000F7E03
   164 0001:000F7E08   167 0001:000F7E0C   168 0001:000F7E13   169 0001:000F7E1F
   170 0001:000F7E2A   171 0001:000F7E36   172 0001:000F7E41   173 0001:000F7E4D
   174 0001:000F7E58   175 0001:000F7E64   177 0001:000F7E73   178 0001:000F7E7F
   179 0001:000F7EA2   180 0001:000F7EAE   181 0001:000F7EBD   182 0001:000F7EC9
   183 0001:000F7EEC   188 0001:000F7EFC   189 0001:000F7F0B   190 0001:000F7F22
   191 0001:000F7F30   192 0001:000F7F47   193 0001:000F7F55   194 0001:000F7F6C
   195 0001:000F7F7A   196 0001:000F7F91   197 0001:000F7F9F   198 0001:000F7FB6
   199 0001:000F7FC4   202 0001:000F7FCC   203 0001:000F7FDA   204 0001:000F7FE9
   205 0001:000F7FF8   206 0001:000F8007   207 0001:000F8016   208 0001:000F8025
   211 0001:000F802C   212 0001:000F8032   213 0001:000F803D   214 0001:000F8048
   215 0001:000F8053   216 0001:000F805E   217 0001:000F8069   220 0001:000F8070
   221 0001:000F8096   223 0001:000F80A3   225 0001:000F80B5   226 0001:000F80E3
   228 0001:000F80EB   229 0001:000F8101   230 0001:000F812C   231 0001:000F814B
   232 0001:000F8156   233 0001:000F8177   238 0001:000F818F   239 0001:000F819B
   240 0001:000F81AB   245 0001:000F81B8   246 0001:000F81C4   247 0001:000F81D4
   249 0001:000F81DF   252 0001:000F8210   253 0001:000F8213   254 0001:000F821E
   255 0001:000F8228   257 0001:000F8231

Line numbers for ThundaxBallsDemo(ThundaxBallsDemo.dpr) segment .itext

    41 0002:00000D74    42 0002:00000D84    43 0002:00000D90    44 0002:00000D98
    45 0002:00000DA6    46 0002:00000DBE    47 0002:00000DCA

Bound resource files

c:\program files (x86)\embarcadero\rad studio\8.0\lib\Win32\release\Controls.res
ufrmlog.dfm
uBallsDemo.dfm
ThundaxBallsDemo.res
ThundaxBallsDemo.drf


Program entry point at 0002:00000D74
