
 Start         Length     Name                   Class
 0001:00401000 000DDB20H .text                   CODE
 0002:004DF000 00000DBCH .itext                  ICODE
 0003:004E0000 00002894H .data                   DATA
 0004:004E3000 000052B4H .bss                    BSS
 0005:00000000 0000003CH .tls                    TLS
 000A:00000000 00000000H .xdata                  PDATA


Detailed map of segments

 0001:00000000 0000957C C=CODE     S=.text    G=(none)   M=System   ACBP=A9
 0001:0000957C 00000110 C=CODE     S=.text    G=(none)   M=SysInit  ACBP=A9
 0001:0000968C 00000404 C=CODE     S=.text    G=(none)   M=Types    ACBP=A9
 0001:00009A90 00001A0C C=CODE     S=.text    G=(none)   M=Windows  ACBP=A9
 0001:0000B49C 000001E4 C=CODE     S=.text    G=(none)   M=Messages ACBP=A9
 0001:0000B680 00000348 C=CODE     S=.text    G=(none)   M=SysConst ACBP=A9
 0001:0000B9C8 000001C0 C=CODE     S=.text    G=(none)   M=RTLConsts ACBP=A9
 0001:0000BB88 00009118 C=CODE     S=.text    G=(none)   M=Character ACBP=A9
 0001:00014CA0 0000041C C=CODE     S=.text    G=(none)   M=ExcUtils ACBP=A9
 0001:000150BC 0000DB1C C=CODE     S=.text    G=(none)   M=SysUtils ACBP=A9
 0001:00022BD8 00000174 C=CODE     S=.text    G=(none)   M=ActiveX  ACBP=A9
 0001:00022D4C 00000800 C=CODE     S=.text    G=(none)   M=VarUtils ACBP=A9
 0001:0002354C 00008298 C=CODE     S=.text    G=(none)   M=Variants ACBP=A9
 0001:0002B7E4 00001804 C=CODE     S=.text    G=(none)   M=TypInfo  ACBP=A9
 0001:0002CFE8 0001A254 C=CODE     S=.text    G=(none)   M=Classes  ACBP=A9
 0001:0004723C 00000374 C=CODE     S=.text    G=(none)   M=Math     ACBP=A9
 0001:000475B0 000002B0 C=CODE     S=.text    G=(none)   M=TimeSpan ACBP=A9
 0001:00047860 000015D8 C=CODE     S=.text    G=(none)   M=SyncObjs ACBP=A9
 0001:00048E38 00000068 C=CODE     S=.text    G=(none)   M=AnsiStrings ACBP=A9
 0001:00048EA0 00001500 C=CODE     S=.text    G=(none)   M=Generics.Defaults ACBP=A9
 0001:0004A3A0 00000184 C=CODE     S=.text    G=(none)   M=Generics.Collections ACBP=A9
 0001:0004A524 000000FC C=CODE     S=.text    G=(none)   M=IOUtils  ACBP=A9
 0001:0004A620 00000080 C=CODE     S=.text    G=(none)   M=IniFiles ACBP=A9
 0001:0004A6A0 00002F24 C=CODE     S=.text    G=(none)   M=Registry ACBP=A9
 0001:0004D5C4 00000298 C=CODE     S=.text    G=(none)   M=Consts   ACBP=A9
 0001:0004D85C 0000D8AC C=CODE     S=.text    G=(none)   M=Graphics ACBP=A9
 0001:0005B108 00000390 C=CODE     S=.text    G=(none)   M=Contnrs  ACBP=A9
 0001:0005B498 00000118 C=CODE     S=.text    G=(none)   M=CommCtrl ACBP=A9
 0001:0005B5B0 00000D58 C=CODE     S=.text    G=(none)   M=UxTheme  ACBP=A9
 0001:0005C308 00000044 C=CODE     S=.text    G=(none)   M=MultiMon ACBP=A9
 0001:0005C34C 00002360 C=CODE     S=.text    G=(none)   M=ActnList ACBP=A9
 0001:0005E6AC 00000064 C=CODE     S=.text    G=(none)   M=Dwmapi   ACBP=A9
 0001:0005E710 0001F504 C=CODE     S=.text    G=(none)   M=Controls ACBP=A9
 0001:0007DC14 00005850 C=CODE     S=.text    G=(none)   M=Themes   ACBP=A9
 0001:00083464 0000398C C=CODE     S=.text    G=(none)   M=ImgList  ACBP=A9
 0001:00086DF0 00009B94 C=CODE     S=.text    G=(none)   M=Menus    ACBP=A9
 0001:00090984 00002068 C=CODE     S=.text    G=(none)   M=HelpIntfs ACBP=A9
 0001:000929EC 00000388 C=CODE     S=.text    G=(none)   M=FlatSB   ACBP=A9
 0001:00092D74 00000028 C=CODE     S=.text    G=(none)   M=WinSpool ACBP=A9
 0001:00092D9C 00001DEC C=CODE     S=.text    G=(none)   M=Printers ACBP=A9
 0001:00094B88 00001710 C=CODE     S=.text    G=(none)   M=StdCtrls ACBP=A9
 0001:00096298 0000178C C=CODE     S=.text    G=(none)   M=GraphUtil ACBP=A9
 0001:00097A24 000003F8 C=CODE     S=.text    G=(none)   M=ExtCtrls ACBP=A9
 0001:00097E1C 00000384 C=CODE     S=.text    G=(none)   M=ComCtrls ACBP=A9
 0001:000981A0 000009EC C=CODE     S=.text    G=(none)   M=Dialogs  ACBP=A9
 0001:00098B8C 00000014 C=CODE     S=.text    G=(none)   M=Clipbrd  ACBP=A9
 0001:00098BA0 0000018C C=CODE     S=.text    G=(none)   M=StdActns ACBP=A9
 0001:00098D2C 0001554C C=CODE     S=.text    G=(none)   M=Forms    ACBP=A9
 0001:000AE278 000003BC C=CODE     S=.text    G=(none)   M=tdpe.lib.math ACBP=A9
 0001:000AE634 00000CC0 C=CODE     S=.text    G=(none)   M=tdpe.lib.vector ACBP=A9
 0001:000AF2F4 0000029C C=CODE     S=.text    G=(none)   M=tdpe.lib.math.interval ACBP=A9
 0001:000AF590 00000048 C=CODE     S=.text    G=(none)   M=tdpe.lib.collision.contract ACBP=A9
 0001:000AF5D8 000002B0 C=CODE     S=.text    G=(none)   M=tdpe.lib.collision ACBP=A9
 0001:000AF888 00000054 C=CODE     S=.text    G=(none)   M=tdpe.lib.particle.abstractElement.contract ACBP=A9
 0001:000AF8DC 00000044 C=CODE     S=.text    G=(none)   M=tdpe.lib.render.contract ACBP=A9
 0001:000AF920 00000360 C=CODE     S=.text    G=(none)   M=tdpe.lib.particle.abstractElement ACBP=A9
 0001:000AFC80 00000040 C=CODE     S=.text    G=(none)   M=tdpe.lib.styles.contract ACBP=A9
 0001:000AFCC0 00000334 C=CODE     S=.text    G=(none)   M=tdpe.lib.styles ACBP=A9
 0001:000AFFF4 00000278 C=CODE     S=.text    G=(none)   M=tdpe.lib.math.types ACBP=A9
 0001:000B026C 00000438 C=CODE     S=.text    G=(none)   M=tdpe.lib.math.rotator ACBP=A9
 0001:000B06A4 00000764 C=CODE     S=.text    G=(none)   M=tdpe.lib.render ACBP=A9
 0001:000B0E08 00000040 C=CODE     S=.text    G=(none)   M=tdpe.lib.force.contract ACBP=A9
 0001:000B0E48 00000044 C=CODE     S=.text    G=(none)   M=tdpe.lib.writer.contract ACBP=A9
 0001:000B0E8C 00002730 C=CODE     S=.text    G=(none)   M=tdpe.lib.force.list ACBP=A9
 0001:000B35BC 00001860 C=CODE     S=.text    G=(none)   M=tdpe.lib.particle.abstractparticle ACBP=A9
 0001:000B4E1C 00000384 C=CODE     S=.text    G=(none)   M=tdpe.lib.particle.abstract.restriction ACBP=A9
 0001:000B51A0 0000019C C=CODE     S=.text    G=(none)   M=tdpe.lib.math.helper ACBP=A9
 0001:000B533C 00000AF8 C=CODE     S=.text    G=(none)   M=tdpe.lib.particle.box ACBP=A9
 0001:000B5E34 00000928 C=CODE     S=.text    G=(none)   M=tdpe.lib.particle.circle ACBP=A9
 0001:000B675C 000017D0 C=CODE     S=.text    G=(none)   M=tdpe.lib.particle.spring ACBP=A9
 0001:000B7F2C 00000CEC C=CODE     S=.text    G=(none)   M=tdpe.lib.particle.spring.restriction ACBP=A9
 0001:000B8C18 00000050 C=CODE     S=.text    G=(none)   M=tdpe.lib.collision.resolver.contract ACBP=A9
 0001:000B8C68 000005F8 C=CODE     S=.text    G=(none)   M=tdpe.lib.collision.resolver ACBP=A9
 0001:000B9260 00000A6C C=CODE     S=.text    G=(none)   M=tdpe.lib.particle.item.solid ACBP=A9
 0001:000B9CCC 00000FCC C=CODE     S=.text    G=(none)   M=tdpe.lib.particle.box.solid ACBP=A9
 0001:000BAC98 00000058 C=CODE     S=.text    G=(none)   M=tdpe.lib.collision.detector.contract ACBP=A9
 0001:000BACF0 0000019C C=CODE     S=.text    G=(none)   M=tdpe.lib.structures ACBP=A9
 0001:000BAE8C 00000988 C=CODE     S=.text    G=(none)   M=tdpe.lib.particle.circle.solid ACBP=A9
 0001:000BB814 000005F0 C=CODE     S=.text    G=(none)   M=tdpe.lib.collision.resolver.solid ACBP=A9
 0001:000BBE04 00001D68 C=CODE     S=.text    G=(none)   M=tdpe.lib.collision.detector ACBP=A9
 0001:000BDB6C 00005614 C=CODE     S=.text    G=(none)   M=tdpe.lib.particle.abstract.collection ACBP=A9
 0001:000C3180 00000600 C=CODE     S=.text    G=(none)   M=tdpe.lib.particle.pattern.composite ACBP=A9
 0001:000C3780 00005388 C=CODE     S=.text    G=(none)   M=tdpe.lib.particle.group ACBP=A9
 0001:000C8B08 000002E4 C=CODE     S=.text    G=(none)   M=tdpe.lib.force ACBP=A9
 0001:000C8DEC 00000044 C=CODE     S=.text    G=(none)   M=tdpe.lib.engine.contract ACBP=A9
 0001:000C8E30 00000460 C=CODE     S=.text    G=(none)   M=tdpe.lib.particle.group.list ACBP=A9
 0001:000C9290 000006E4 C=CODE     S=.text    G=(none)   M=tdpe.lib.engine ACBP=A9
 0001:000C9974 00000844 C=CODE     S=.text    G=(none)   M=D2D1     ACBP=A9
 0001:000CA1B8 00008AEC C=CODE     S=.text    G=(none)   M=Direct2D ACBP=A9
 0001:000D2CA4 00001758 C=CODE     S=.text    G=(none)   M=tdpe.lib.render.gdi ACBP=A9
 0001:000D43FC 00000590 C=CODE     S=.text    G=(none)   M=tdpe.lib.particle.wheel.rim ACBP=A9
 0001:000D498C 00000AAC C=CODE     S=.text    G=(none)   M=tdpe.lib.particle.wheel ACBP=A9
 0001:000D5438 00000394 C=CODE     S=.text    G=(none)   M=tdpe.lib.structures.car ACBP=A9
 0001:000D57CC 00000324 C=CODE     S=.text    G=(none)   M=tdpe.lib.structures.capsule ACBP=A9
 0001:000D5AF0 0000053C C=CODE     S=.text    G=(none)   M=tdpe.lib.automation.swingdoor ACBP=A9
 0001:000D602C 000005C8 C=CODE     S=.text    G=(none)   M=tdpe.lib.structures.boxcomposite ACBP=A9
 0001:000D65F4 00000530 C=CODE     S=.text    G=(none)   M=tdpe.lib.automation.rotator ACBP=A9
 0001:000D6B24 00000104 C=CODE     S=.text    G=(none)   M=tdpe.lib.colour.helper ACBP=A9
 0001:000D6C28 000009A4 C=CODE     S=.text    G=(none)   M=tdpe.lib.structures.surface.static ACBP=A9
 0001:000D75CC 00000278 C=CODE     S=.text    G=(none)   M=tdpe.lib.engine.wrapper ACBP=A9
 0001:000D7844 000006EC C=CODE     S=.text    G=(none)   M=fObjectDemo ACBP=A9
 0001:000D7F30 00005BF0 C=CODE     S=.text    G=(none)   M=ThundaxObjectDemo ACBP=A9
 0002:00000000 000000AC C=ICODE    S=.itext   G=(none)   M=System   ACBP=A9
 0002:000000AC 00000018 C=ICODE    S=.itext   G=(none)   M=Windows  ACBP=A9
 0002:000000C4 00000020 C=ICODE    S=.itext   G=(none)   M=ExcUtils ACBP=A9
 0002:000000E4 000000C4 C=ICODE    S=.itext   G=(none)   M=SysUtils ACBP=A9
 0002:000001A8 00000010 C=ICODE    S=.itext   G=(none)   M=VarUtils ACBP=A9
 0002:000001B8 000000AC C=ICODE    S=.itext   G=(none)   M=Variants ACBP=A9
 0002:00000264 00000008 C=ICODE    S=.itext   G=(none)   M=TypInfo  ACBP=A9
 0002:0000026C 000000AC C=ICODE    S=.itext   G=(none)   M=Classes  ACBP=A9
 0002:00000318 00000034 C=ICODE    S=.itext   G=(none)   M=TimeSpan ACBP=A9
 0002:0000034C 00000010 C=ICODE    S=.itext   G=(none)   M=SyncObjs ACBP=A9
 0002:0000035C 00000460 C=ICODE    S=.itext   G=(none)   M=IOUtils  ACBP=A9
 0002:000007BC 00000008 C=ICODE    S=.itext   G=(none)   M=IniFiles ACBP=A9
 0002:000007C4 00000008 C=ICODE    S=.itext   G=(none)   M=Registry ACBP=A9
 0002:000007CC 000000FC C=ICODE    S=.itext   G=(none)   M=Graphics ACBP=A9
 0002:000008C8 0000001C C=ICODE    S=.itext   G=(none)   M=UxTheme  ACBP=A9
 0002:000008E4 0000002C C=ICODE    S=.itext   G=(none)   M=ActnList ACBP=A9
 0002:00000910 00000088 C=ICODE    S=.itext   G=(none)   M=Controls ACBP=A9
 0002:00000998 00000008 C=ICODE    S=.itext   G=(none)   M=Themes   ACBP=A9
 0002:000009A0 00000088 C=ICODE    S=.itext   G=(none)   M=Menus    ACBP=A9
 0002:00000A28 00000008 C=ICODE    S=.itext   G=(none)   M=HelpIntfs ACBP=A9
 0002:00000A30 00000010 C=ICODE    S=.itext   G=(none)   M=FlatSB   ACBP=A9
 0002:00000A40 00000008 C=ICODE    S=.itext   G=(none)   M=Printers ACBP=A9
 0002:00000A48 00000088 C=ICODE    S=.itext   G=(none)   M=GraphUtil ACBP=A9
 0002:00000AD0 00000054 C=ICODE    S=.itext   G=(none)   M=ExtCtrls ACBP=A9
 0002:00000B24 0000003C C=ICODE    S=.itext   G=(none)   M=ComCtrls ACBP=A9
 0002:00000B60 00000040 C=ICODE    S=.itext   G=(none)   M=Dialogs  ACBP=A9
 0002:00000BA0 00000078 C=ICODE    S=.itext   G=(none)   M=Clipbrd  ACBP=A9
 0002:00000C18 0000005C C=ICODE    S=.itext   G=(none)   M=Forms    ACBP=A9
 0002:00000C74 00000050 C=ICODE    S=.itext   G=(none)   M=tdpe.lib.collision.resolver ACBP=A9
 0002:00000CC4 00000050 C=ICODE    S=.itext   G=(none)   M=tdpe.lib.collision.resolver.solid ACBP=A9
 0002:00000D14 00000050 C=ICODE    S=.itext   G=(none)   M=tdpe.lib.collision.detector ACBP=A9
 0002:00000D64 00000008 C=ICODE    S=.itext   G=(none)   M=D2D1     ACBP=A9
 0002:00000D6C 00000008 C=ICODE    S=.itext   G=(none)   M=Direct2D ACBP=A9
 0002:00000D74 00000048 C=ICODE    S=.itext   G=(none)   M=ThundaxObjectDemo ACBP=A9
 0003:00000000 000009F4 C=DATA     S=.data    G=DGROUP   M=System   ACBP=A9
 0003:000009F4 00000024 C=DATA     S=.data    G=DGROUP   M=SysInit  ACBP=A9
 0003:00000A18 0000000C C=DATA     S=.data    G=DGROUP   M=Windows  ACBP=A9
 0003:00000A24 00000100 C=DATA     S=.data    G=DGROUP   M=Character ACBP=A9
 0003:00000B24 00000118 C=DATA     S=.data    G=DGROUP   M=ExcUtils ACBP=A9
 0003:00000C3C 000001E4 C=DATA     S=.data    G=DGROUP   M=SysUtils ACBP=A9
 0003:00000E20 00000008 C=DATA     S=.data    G=DGROUP   M=VarUtils ACBP=A9
 0003:00000E28 00000144 C=DATA     S=.data    G=DGROUP   M=Variants ACBP=A9
 0003:00000F6C 0000000C C=DATA     S=.data    G=DGROUP   M=TypInfo  ACBP=A9
 0003:00000F78 000000A8 C=DATA     S=.data    G=DGROUP   M=Classes  ACBP=A9
 0003:00001020 00000008 C=DATA     S=.data    G=DGROUP   M=Math     ACBP=A9
 0003:00001028 0000053C C=DATA     S=.data    G=DGROUP   M=Generics.Defaults ACBP=A9
 0003:00001564 00000010 C=DATA     S=.data    G=DGROUP   M=IOUtils  ACBP=A9
 0003:00001574 0000000C C=DATA     S=.data    G=DGROUP   M=IniFiles ACBP=A9
 0003:00001580 00000024 C=DATA     S=.data    G=DGROUP   M=Registry ACBP=A9
 0003:000015A4 000003C4 C=DATA     S=.data    G=DGROUP   M=Graphics ACBP=A9
 0003:00001968 000001B8 C=DATA     S=.data    G=DGROUP   M=Controls ACBP=A9
 0003:00001B20 00000068 C=DATA     S=.data    G=DGROUP   M=Themes   ACBP=A9
 0003:00001B88 00000050 C=DATA     S=.data    G=DGROUP   M=ImgList  ACBP=A9
 0003:00001BD8 00000140 C=DATA     S=.data    G=DGROUP   M=Menus    ACBP=A9
 0003:00001D18 0000000C C=DATA     S=.data    G=DGROUP   M=Printers ACBP=A9
 0003:00001D24 00000020 C=DATA     S=.data    G=DGROUP   M=StdCtrls ACBP=A9
 0003:00001D44 00000450 C=DATA     S=.data    G=DGROUP   M=GraphUtil ACBP=A9
 0003:00002194 00000010 C=DATA     S=.data    G=DGROUP   M=ComCtrls ACBP=A9
 0003:000021A4 0000007C C=DATA     S=.data    G=DGROUP   M=Dialogs  ACBP=A9
 0003:00002220 00000144 C=DATA     S=.data    G=DGROUP   M=Forms    ACBP=A9
 0003:00002364 00000020 C=DATA     S=.data    G=DGROUP   M=D2D1     ACBP=A9
 0003:00002384 00000010 C=DATA     S=.data    G=DGROUP   M=Direct2D ACBP=A9
 0004:00000000 00002C30 C=BSS      S=.bss     G=DGROUP   M=System   ACBP=A9
 0004:00002C30 0000000C C=BSS      S=.bss     G=DGROUP   M=SysInit  ACBP=A9
 0004:00002C3C 00000008 C=BSS      S=.bss     G=DGROUP   M=Windows  ACBP=A9
 0004:00002C44 0000001C C=BSS      S=.bss     G=DGROUP   M=Character ACBP=A9
 0004:00002C60 00000004 C=BSS      S=.bss     G=DGROUP   M=ExcUtils ACBP=A9
 0004:00002C64 00002250 C=BSS      S=.bss     G=DGROUP   M=SysUtils ACBP=A9
 0004:00004EB4 0000005C C=BSS      S=.bss     G=DGROUP   M=VarUtils ACBP=A9
 0004:00004F10 00000040 C=BSS      S=.bss     G=DGROUP   M=Variants ACBP=A9
 0004:00004F50 00000004 C=BSS      S=.bss     G=DGROUP   M=TypInfo  ACBP=A9
 0004:00004F54 00000038 C=BSS      S=.bss     G=DGROUP   M=Classes  ACBP=A9
 0004:00004F8C 00000014 C=BSS      S=.bss     G=DGROUP   M=TimeSpan ACBP=A9
 0004:00004FA0 00000018 C=BSS      S=.bss     G=DGROUP   M=SyncObjs ACBP=A9
 0004:00004FB8 00000024 C=BSS      S=.bss     G=DGROUP   M=IOUtils  ACBP=A9
 0004:00004FDC 00000004 C=BSS      S=.bss     G=DGROUP   M=IniFiles ACBP=A9
 0004:00004FE0 00000004 C=BSS      S=.bss     G=DGROUP   M=Registry ACBP=A9
 0004:00004FE4 00000064 C=BSS      S=.bss     G=DGROUP   M=Graphics ACBP=A9
 0004:00005048 000000CC C=BSS      S=.bss     G=DGROUP   M=UxTheme  ACBP=A9
 0004:00005114 00000004 C=BSS      S=.bss     G=DGROUP   M=ActnList ACBP=A9
 0004:00005118 00000090 C=BSS      S=.bss     G=DGROUP   M=Controls ACBP=A9
 0004:000051A8 0000000C C=BSS      S=.bss     G=DGROUP   M=Themes   ACBP=A9
 0004:000051B4 00000008 C=BSS      S=.bss     G=DGROUP   M=ImgList  ACBP=A9
 0004:000051BC 00000010 C=BSS      S=.bss     G=DGROUP   M=Menus    ACBP=A9
 0004:000051CC 00000008 C=BSS      S=.bss     G=DGROUP   M=HelpIntfs ACBP=A9
 0004:000051D4 00000034 C=BSS      S=.bss     G=DGROUP   M=FlatSB   ACBP=A9
 0004:00005208 00000004 C=BSS      S=.bss     G=DGROUP   M=Printers ACBP=A9
 0004:0000520C 00000010 C=BSS      S=.bss     G=DGROUP   M=GraphUtil ACBP=A9
 0004:0000521C 00000008 C=BSS      S=.bss     G=DGROUP   M=ExtCtrls ACBP=A9
 0004:00005224 00000010 C=BSS      S=.bss     G=DGROUP   M=ComCtrls ACBP=A9
 0004:00005234 0000000C C=BSS      S=.bss     G=DGROUP   M=Dialogs  ACBP=A9
 0004:00005240 0000000C C=BSS      S=.bss     G=DGROUP   M=Clipbrd  ACBP=A9
 0004:0000524C 00000028 C=BSS      S=.bss     G=DGROUP   M=Forms    ACBP=A9
 0004:00005274 00000008 C=BSS      S=.bss     G=DGROUP   M=tdpe.lib.collision.resolver ACBP=A9
 0004:0000527C 00000008 C=BSS      S=.bss     G=DGROUP   M=tdpe.lib.collision.resolver.solid ACBP=A9
 0004:00005284 00000008 C=BSS      S=.bss     G=DGROUP   M=tdpe.lib.collision.detector ACBP=A9
 0004:0000528C 00000014 C=BSS      S=.bss     G=DGROUP   M=D2D1     ACBP=A9
 0004:000052A0 00000010 C=BSS      S=.bss     G=DGROUP   M=Direct2D ACBP=A9
 0004:000052B0 00000004 C=BSS      S=.bss     G=DGROUP   M=fObjectDemo ACBP=A9
 0005:00000000 00000008 C=TLS      S=.tls     G=(none)   M=System   ACBP=A9
 0005:00000008 0000000C C=TLS      S=.tls     G=(none)   M=Classes  ACBP=A9
 0005:00000014 00000004 C=TLS      S=.tls     G=(none)   M=SyncObjs ACBP=A9
 0005:00000018 00000024 C=TLS      S=.tls     G=(none)   M=GraphUtil ACBP=A9


  Address             Publics by Name

 0001:00022D3C       ActiveX.OleInitialize
 0001:00022D44       ActiveX.OleUninitialize
 0004:00005114       ActnList..9
 0001:0005D534       ActnList..TActionLink
 0001:0005C654       ActnList..TActionListEnumerator
 0001:0005C34C       ActnList..TContainedAction
 0001:0005CF00       ActnList..TCustomAction
 0001:0005C8C4       ActnList..TCustomActionList
 0001:0005CCD8       ActnList..TShortCutList
 0002:000008E4       ActnList.ActnList
 0001:0005E6A4       ActnList.Finalization
 0001:0005DCEC       ActnList.TActionLink.IsCaptionLinked
 0001:0005DD00       ActnList.TActionLink.IsCheckedLinked
 0001:0005DD14       ActnList.TActionLink.IsEnabledLinked
 0001:0005DD28       ActnList.TActionLink.IsGroupIndexLinked
 0001:0005DD3C       ActnList.TActionLink.IsHelpContextLinked
 0001:0005DD50       ActnList.TActionLink.IsHelpLinked
 0001:0005DD64       ActnList.TActionLink.IsHintLinked
 0001:0005DD78       ActnList.TActionLink.IsImageIndexLinked
 0001:0005DD8C       ActnList.TActionLink.IsShortCutLinked
 0001:0005DDA0       ActnList.TActionLink.IsVisibleLinked
 0001:0005DDB4       ActnList.TActionLink.SetAutoCheck
 0001:0005DDB8       ActnList.TActionLink.SetCaption
 0001:0005DDBC       ActnList.TActionLink.SetChecked
 0001:0005DDC0       ActnList.TActionLink.SetEnabled
 0001:0005DDC4       ActnList.TActionLink.SetGroupIndex
 0001:0005DDC8       ActnList.TActionLink.SetHelpContext
 0001:0005DDCC       ActnList.TActionLink.SetHelpKeyword
 0001:0005DDD0       ActnList.TActionLink.SetHelpType
 0001:0005DDD4       ActnList.TActionLink.SetHint
 0001:0005DDD8       ActnList.TActionLink.SetImageIndex
 0001:0005DDDC       ActnList.TActionLink.SetShortCut
 0001:0005DDE0       ActnList.TActionLink.SetVisible
 0001:0005D850       ActnList.TActionListEnumerator.Create
 0001:0005D894       ActnList.TActionListEnumerator.GetCurrent
 0001:0005D8A0       ActnList.TActionListEnumerator.MoveNext
 0001:0005D63C       ActnList.TContainedAction.Destroy
 0001:0005D7A8       ActnList.TContainedAction.Execute
 0001:0005D670       ActnList.TContainedAction.GetIndex
 0001:0005D68C       ActnList.TContainedAction.GetParentComponent
 0001:0005D69C       ActnList.TContainedAction.HasParent
 0001:0005D688       ActnList.TContainedAction.IsCategoryStored
 0001:0005D6AC       ActnList.TContainedAction.ReadState
 0001:0005D754       ActnList.TContainedAction.SetActionList
 0001:0005D728       ActnList.TContainedAction.SetCategory
 0001:0005D6E0       ActnList.TContainedAction.SetIndex
 0001:0005D77C       ActnList.TContainedAction.SetParentComponent
 0001:0005D800       ActnList.TContainedAction.Update
 0001:0005DE90       ActnList.TCustomAction.AssignTo
 0001:0005DDE4       ActnList.TCustomAction.Create
 0001:0005DE38       ActnList.TCustomAction.Destroy
 0001:0005E51C       ActnList.TCustomAction.DoHint
 0001:0005E544       ActnList.TCustomAction.Execute
 0001:0005E5A8       ActnList.TCustomAction.GetSecondaryShortCuts
 0001:0005E628       ActnList.TCustomAction.HandleShortCut
 0001:0005E604       ActnList.TCustomAction.IsSecondaryShortCutsStored
 0001:0005DF9C       ActnList.TCustomAction.SetAutoCheck
 0001:0005DFFC       ActnList.TCustomAction.SetCaption
 0001:0005E05C       ActnList.TCustomAction.SetChecked
 0001:0005E164       ActnList.TCustomAction.SetEnabled
 0001:0005E1E0       ActnList.TCustomAction.SetGroupIndex
 0001:0005E2F8       ActnList.TCustomAction.SetHelpContext
 0001:0005E290       ActnList.TCustomAction.SetHelpKeyword
 0001:0005E238       ActnList.TCustomAction.SetHelpType
 0001:0005E350       ActnList.TCustomAction.SetHint
 0001:0005E3B0       ActnList.TCustomAction.SetImageIndex
 0001:0005E4D0       ActnList.TCustomAction.SetName
 0001:0005E5D0       ActnList.TCustomAction.SetSecondaryShortCuts
 0001:0005E40C       ActnList.TCustomAction.SetShortCut
 0001:0005E470       ActnList.TCustomAction.SetVisible
 0001:0005DAB4       ActnList.TCustomActionList.AddAction
 0001:0005DAFC       ActnList.TCustomActionList.Change
 0001:0005D8BC       ActnList.TCustomActionList.Create
 0001:0005D928       ActnList.TCustomActionList.Destroy
 0001:0005DC08       ActnList.TCustomActionList.ExecuteAction
 0001:0005D9F8       ActnList.TCustomActionList.GetAction
 0001:0005DA0C       ActnList.TCustomActionList.GetActionCount
 0001:0005D980       ActnList.TCustomActionList.GetChildren
 0001:0005DA14       ActnList.TCustomActionList.GetEnumerator
 0001:0005DA58       ActnList.TCustomActionList.ImageListChange
 0001:0005DB64       ActnList.TCustomActionList.IsShortCut
 0001:0005DA64       ActnList.TCustomActionList.Notification
 0001:0005DAD4       ActnList.TCustomActionList.RemoveAction
 0001:0005D9C8       ActnList.TCustomActionList.SetChildOrder
 0001:0005DA24       ActnList.TCustomActionList.SetImages
 0001:0005DC48       ActnList.TCustomActionList.SetState
 0001:0005DC28       ActnList.TCustomActionList.UpdateAction
 0001:0005E634       ActnList.TShortCutList.Add
 0001:0005E660       ActnList.TShortCutList.IndexOfShortCut
 0001:00048E38       AnsiStrings.CompareStr
 0001:0000BD10       Character.bin_data
 0004:00002C50       Character.CategoryTable
 0004:00002C48       Character.CatIndexPrimary
 0004:00002C4C       Character.CatIndexSecondary
 0004:00002C44       Character.DataTable
 0003:00000A24       Character.Latin1Categories
 0004:00002C5C       Character.NumericValueTable
 0004:00002C54       Character.NumIndexPrimary
 0004:00002C58       Character.NumIndexSecondary
 0001:0000BB88       Character.TCharacter.CheckLetter
 0001:0000BB94       Character.TCharacter.CheckLetterOrDigit
 0001:0000BCB0       Character.TCharacter.GetUnicodeCategory
 0001:00014C4C       Character.TCharacter.Initialize
 0001:0000BCA4       Character.TCharacter.IsAscii
 0001:0000BBA4       Character.TCharacter.IsLatin1
 0001:0000BBB0       Character.TCharacter.IsLetter
 0001:0000BC3C       Character.TCharacter.IsLetterOrDigit
 0004:00004F68       Classes..96
 0001:0002D91C       Classes..EBitsError
 0001:0002D6B4       Classes..EClassNotFound
 0001:0002DA54       Classes..EComponentError
 0001:0002D3BC       Classes..EFCreateError
 0001:0002D4F0       Classes..EFilerError
 0001:0002D2C0       Classes..EFileStreamError
 0001:0002D458       Classes..EFOpenError
 0001:0002D750       Classes..EInvalidImage
 0001:0002DB94       Classes..EInvalidOperation
 0001:0002D888       Classes..EListError
 0001:0002DAF4       Classes..EOutOfResources
 0001:0002D588       Classes..EReadError
 0001:0002D7EC       Classes..EResNotFound
 0001:0002D224       Classes..EStreamError
 0001:0002D9B0       Classes..EStringListError
 0001:00034D98       Classes..EThread
 0001:00034E28       Classes..EThreadExternalException
 0001:0002D61C       Classes..EWriteError
 0001:00044160       Classes..TAnonymousThread
 0001:0003691C       Classes..TBasicAction
 0001:00036700       Classes..TBasicActionLink
 0001:0002E93C       Classes..TBits
 0001:00032604       Classes..TClassFinder
 0001:0002F1C4       Classes..TCollection
 0001:0002F020       Classes..TCollectionEnumerator
 0001:0002EDB4       Classes..TCollectionItem
 0001:00035DB8       Classes..TComponent
 0001:00045E70       Classes..TComponent.FindComponent$1499$ActRec
 0001:00035958       Classes..TComponentEnumerator
 0001:00031844       Classes..TCustomMemoryStream
 0001:0004408C       Classes..TExternalThread
 0001:00032A20       Classes..TFiler
 0001:00031660       Classes..TFileStream
 0001:00031448       Classes..THandleStream
 0001:00038834       Classes..TIntConst
 0001:0002EC40       Classes..TInterfacedPersistent
 0001:0002DF70       Classes..TList
 0001:000397DC       Classes..TList.Sort$876$ActRec
 0001:0002DD9C       Classes..TListEnumerator
 0001:00031A8C       Classes..TMemoryStream
 0001:0002EA74       Classes..TPersistent
 0001:0003DFC4       Classes..TPropFixup
 0001:0003E1F0       Classes..TPropIntfFixup
 0001:00033438       Classes..TReader
 0001:00036F14       Classes..TRegGroup
 0001:00037374       Classes..TRegGroups
 0001:00031CD4       Classes..TResourceStream
 0001:00030E04       Classes..TStream
 0001:00032058       Classes..TStreamAdapter
 0001:0003074C       Classes..TStringList
 0001:0002F8C4       Classes..TStrings
 0001:0002F71C       Classes..TStringsEnumerator
 0001:00035040       Classes..TThread
 0001:0002E684       Classes..TThreadList
 0001:00034340       Classes..TWriter
 0001:000387C0       Classes.ActivateClassGroup
 0003:00000F78       Classes.AddDataModule
 0001:0003E51C       Classes.AddFinished
 0001:0003E554       Classes.AddNotFinished
 0001:0003F17C       Classes.AddSubComponentsToLoaded
 0001:00046FE0       Classes.AllocateHWnd
 0001:000426E8       Classes.AncestorIsValid
 0003:00000F88       Classes.ApplicationHandleException
 0003:00000F90       Classes.ApplicationShowException
 0001:00038C9C       Classes.BeginGlobalLoading
 0003:00000FF4       Classes.BlockCode
 0001:00036EBC       Classes.Bounds
 0001:00046E40       Classes.CalcJmpOffset
 0001:0003F1B8       Classes.CheckSubComponents
 0001:00044410       Classes.CheckSynchronize
 0002:00000288       Classes.Classes
 0001:00038504       Classes.ClassNotFound
 0001:00046EF4       Classes.CleanupInstFreeList
 0001:00038F3C       Classes.CollectionsEqual
 0001:0003F298       Classes.ComponentCreated
 0001:00041188       Classes.CopyBinary
 0001:000410F8       Classes.CopyBytes
 0001:000410AC       Classes.CopyList
 0001:00041024       Classes.CopySetBody
 0001:0003F318       Classes.CreateComponent
 0003:00000F98       Classes.CreateVCLComObjectProc
 0001:00047094       Classes.DeallocateHWnd
 0001:00044344       Classes.DoneThreadSynchronization
 0001:0003AFE0       Classes.DoWrite
 0003:00000FAC       Classes.Dummy32bitResHeader
 0001:000470BC       Classes.EFileStreamError.Create
 0001:00038D24       Classes.EndGlobalLoading
 0001:0003DDFC       Classes.Error
 0001:00037FA8       Classes.Error
 0004:00004F80       Classes.ExternalThreads
 0003:00000FA8       Classes.FilerSignature
 0001:0004716C       Classes.Finalization
 0001:00041DD8       Classes.FindAncestor
 0001:000385DC       Classes.FindClass
 0001:0003F4C8       Classes.FindExistingComponent
 0001:00038BB4       Classes.FindGlobalComponent
 0004:00004F74       Classes.FindGlobalComponentProcs
 0001:00038A5C       Classes.FindIdentToInt
 0001:000389E0       Classes.FindIntToIdent
 0001:00042B5C       Classes.FindMethodName
 0001:0003E424       Classes.FindNestedComponent
 0001:00040514       Classes.FindUniqueName
 0001:0004435C       Classes.FreeExternalThreads
 0001:00046DA8       Classes.FreeIntConstList
 0001:00046EE0       Classes.FreeObjectInstance
 0001:00038570       Classes.GetClass
 0001:00043250       Classes.GetComponentValue
 0001:0003A294       Classes.GetDesigner
 0001:000384F8       Classes.GetFieldClassTable
 0001:00046F30       Classes.GetFreeInstBlockItemCount
 0004:00004F78       Classes.GlobalFixupList
 0001:0003E59C       Classes.GlobalFixupReferences
 0005:00000010       Classes.GlobalLists
 0005:0000000C       Classes.GlobalLoaded
 0004:00004F5C       Classes.GlobalNameSpace
 0001:00038754       Classes.GroupDescendentsWith
 0001:0003FCB4       Classes.HandleException
 0001:00038AD8       Classes.IdentToInt
 0001:00038D80       Classes.InitComponent
 0001:00038E0C       Classes.InitInheritedComponent
 0001:00044308       Classes.InitThreadSynchronization
 0004:00004F84       Classes.InstBlockList
 0004:00004F88       Classes.InstFreeList
 0004:00004F6C       Classes.IntConstList
 0001:00036EF8       Classes.InterlockedCompareExchangePointer
 0001:00036F00       Classes.InterlockedExchange
 0001:00036F0C       Classes.InterlockedExchangePointer
 0001:00038C18       Classes.InternalReadComponentRes
 0001:00038B18       Classes.IntToIdent
 0001:00036EE4       Classes.InvalidPoint
 0001:000428DC       Classes.IsDefault
 0001:00042758       Classes.IsDefaultFloatProp
 0001:000427B4       Classes.IsDefaultInt64Prop
 0001:00042A80       Classes.IsDefaultInterfaceProp
 0001:00042BB4       Classes.IsDefaultMethodProp
 0001:00042934       Classes.IsDefaultObjectProp
 0001:00042700       Classes.IsDefaultOrdProp
 0001:00042CEC       Classes.IsDefaultPropertyValue
 0001:0004280C       Classes.IsDefaultStrProp
 0001:000429B4       Classes.IsDefaultValue
 0001:00042C54       Classes.IsDefaultVariantProp
 0001:00038BF4       Classes.IsUniqueGlobalComponentName
 0004:00004F60       Classes.IsUniqueGlobalComponentNameProc
 0001:00046E48       Classes.MakeObjectInstance
 0001:00039EE4       Classes.Min
 0001:00046E18       Classes.ModuleUnload
 0003:00000FCC       Classes.NilMethod
 0001:0003A334       Classes.NotifyDesigner
 0001:00038CF4       Classes.NotifyGlobalLoading
 0001:0004289C       Classes.ObjectAncestorMatch
 0001:00043238       Classes.OwnedBy
 0003:00000FD8       Classes.Priorities
 0001:0003E8C4       Classes.PropertyNotFound
 0001:0003FD84       Classes.PropPathError
 0001:0003E8B8       Classes.PropValueError
 0001:00039660       Classes.QuickSort
 0001:0003CF8C       Classes.RaiseException
 0001:00041670       Classes.ReadCustomVariant
 0001:0003E8A0       Classes.ReadError
 0001:0003F2B8       Classes.Recover
 0001:00036EA0       Classes.Rect
 0004:00004F70       Classes.RegGroups
 0001:000385FC       Classes.RegisterClass
 0001:00038B5C       Classes.RegisterFindGlobalComponentProc
 0001:000389B4       Classes.RegisterIntegerConsts
 0001:00046F60       Classes.ReleaseObjectInstanceBlocks
 0003:00000F80       Classes.RemoveDataModule
 0001:0003E76C       Classes.RemoveFixupReferences
 0001:0003E818       Classes.RemoveFixups
 0001:0003EC08       Classes.RemoveGlobalFixup
 0001:000443DC       Classes.ResetSyncEvent
 0001:0003F428       Classes.SetCompName
 0001:0003E8F0       Classes.SetElementValue
 0001:000400DC       Classes.SetInterfaceReference
 0001:0003FFF8       Classes.SetIntIdent
 0001:00040040       Classes.SetObjectIdent
 0001:0003F230       Classes.SetSubComponentState
 0001:00040080       Classes.SetVariantReference
 0001:00044404       Classes.SignalSyncEvent
 0001:00040DE0       Classes.SkipBinary
 0001:00040E10       Classes.SkipCollection
 0001:00040DB4       Classes.SkipList
 0001:000386EC       Classes.StartClassGroup
 0001:00046E20       Classes.StdWndProc
 0001:0003CD78       Classes.StringListCompareStrings
 0004:00004F64       Classes.SyncEvent
 0003:00000FD4       Classes.SyncList
 0001:000442B0       Classes.TAnonymousThread.Create
 0001:000442FC       Classes.TAnonymousThread.Execute
 0001:00046814       Classes.TBasicAction.Change
 0001:000466A0       Classes.TBasicAction.Create
 0001:000466E4       Classes.TBasicAction.Destroy
 0001:00046780       Classes.TBasicAction.Execute
 0001:00046750       Classes.TBasicAction.ExecuteTarget
 0001:0004674C       Classes.TBasicAction.HandlesTarget
 0001:00046754       Classes.TBasicAction.Notification
 0001:00046828       Classes.TBasicAction.RegisterChanges
 0001:00046874       Classes.TBasicAction.SetActionComponent
 0001:000467B8       Classes.TBasicAction.SetOnExecute
 0001:00046834       Classes.TBasicAction.UnRegisterChanges
 0001:0004679C       Classes.TBasicAction.Update
 0001:0004677C       Classes.TBasicAction.UpdateTarget
 0001:000465F0       Classes.TBasicActionLink.AssignClient
 0001:00046628       Classes.TBasicActionLink.Change
 0001:000465AC       Classes.TBasicActionLink.Create
 0001:000465F4       Classes.TBasicActionLink.Destroy
 0001:00046640       Classes.TBasicActionLink.Execute
 0001:00046688       Classes.TBasicActionLink.IsOnExecuteLinked
 0001:0004665C       Classes.TBasicActionLink.SetAction
 0001:0004668C       Classes.TBasicActionLink.SetOnExecute
 0001:00046694       Classes.TBasicActionLink.Update
 0001:00039E9C       Classes.TBits.Destroy
 0001:00039ECC       Classes.TBits.Error
 0001:00039FC0       Classes.TBits.OpenBit
 0001:00039F94       Classes.TBits.SetBit
 0001:00039EF0       Classes.TBits.SetSize
 0001:00038264       Classes.TClassFinder.Create
 0001:000383A4       Classes.TClassFinder.Destroy
 0001:000383D4       Classes.TClassFinder.GetClass
 0001:00038470       Classes.TClassFinder.GetClasses
 0001:0003A664       Classes.TCollection.Add
 0001:0003AB7C       Classes.TCollection.Added
 0001:0003A684       Classes.TCollection.Assign
 0001:0003A72C       Classes.TCollection.BeginUpdate
 0001:0003A730       Classes.TCollection.Changed
 0001:0003A740       Classes.TCollection.Clear
 0001:0003A5CC       Classes.TCollection.Create
 0001:0003AB40       Classes.TCollection.Delete
 0001:0003AB80       Classes.TCollection.Deleting
 0001:0003A618       Classes.TCollection.Destroy
 0001:0003A7A8       Classes.TCollection.EndUpdate
 0001:0003A7B4       Classes.TCollection.FindItemID
 0001:0003A7E8       Classes.TCollection.GetAttr
 0001:0003A7E4       Classes.TCollection.GetAttrCount
 0001:0003A804       Classes.TCollection.GetCapacity
 0001:0003A82C       Classes.TCollection.GetCount
 0001:0003A7F4       Classes.TCollection.GetEnumerator
 0001:0003A834       Classes.TCollection.GetItem
 0001:0003A80C       Classes.TCollection.GetItemAttr
 0001:0003A848       Classes.TCollection.GetNamePath
 0001:0003A8FC       Classes.TCollection.GetPropName
 0001:0003AA50       Classes.TCollection.Insert
 0001:0003AA6C       Classes.TCollection.InsertItem
 0001:0003AB84       Classes.TCollection.Notify
 0001:0003AB70       Classes.TCollection.Owner
 0001:0003AAD4       Classes.TCollection.RemoveItem
 0001:0003AB28       Classes.TCollection.SetCapacity
 0001:0003AB38       Classes.TCollection.SetItemName
 0001:0003AB3C       Classes.TCollection.Update
 0001:0003A560       Classes.TCollectionEnumerator.Create
 0001:0003A5A4       Classes.TCollectionEnumerator.GetCurrent
 0001:0003A5B0       Classes.TCollectionEnumerator.MoveNext
 0001:0003A400       Classes.TCollectionItem.Changed
 0001:0003A398       Classes.TCollectionItem.Create
 0001:0003A3D0       Classes.TCollectionItem.Destroy
 0001:0003A43C       Classes.TCollectionItem.GetDisplayName
 0001:0003A424       Classes.TCollectionItem.GetIndex
 0001:0003A450       Classes.TCollectionItem.GetNamePath
 0001:0003A4FC       Classes.TCollectionItem.GetOwner
 0001:0003A500       Classes.TCollectionItem.SetCollection
 0001:0003A528       Classes.TCollectionItem.SetDisplayName
 0001:0003A530       Classes.TCollectionItem.SetIndex
 0001:000460A4       Classes.TComponent.AddSortedComponent
 0001:00045720       Classes.TComponent.BeforeDestruction
 0001:00046158       Classes.TComponent.ChangeName
 0001:0004568C       Classes.TComponent.Create
 0001:00045C0C       Classes.TComponent.DefineProperties
 0001:000456D8       Classes.TComponent.Destroy
 0001:00045A90       Classes.TComponent.DestroyComponents
 0001:00045AFC       Classes.TComponent.Destroying
 0001:000462B4       Classes.TComponent.ExecuteAction
 0001:00045F40       Classes.TComponent.FindComponent
 0001:00045F34       Classes.TComponent.FindComponent$1499$ActRec.$0$Body
 0001:0004602C       Classes.TComponent.FindSortedComponent
 0001:0004576C       Classes.TComponent.FreeNotification
 0001:000463E8       Classes.TComponent.FreeOnRelease
 0001:00045CB0       Classes.TComponent.GetChildOwner
 0001:00045CB4       Classes.TComponent.GetChildParent
 0001:00045CA8       Classes.TComponent.GetChildren
 0001:00046318       Classes.TComponent.GetComObject
 0001:000461AC       Classes.TComponent.GetComponent
 0001:000461D8       Classes.TComponent.GetComponentCount
 0001:00046190       Classes.TComponent.GetComponentIndex
 0001:00045CB8       Classes.TComponent.GetEnumerator
 0001:00045CC8       Classes.TComponent.GetNamePath
 0001:00045CDC       Classes.TComponent.GetOwner
 0001:00045CE4       Classes.TComponent.GetParentComponent
 0001:00045CA4       Classes.TComponent.HasParent
 0001:00045940       Classes.TComponent.Insert
 0001:000459F4       Classes.TComponent.InsertComponent
 0001:00046480       Classes.TComponent.IntfGetComponent
 0001:00046484       Classes.TComponent.IsImplementorOf
 0001:00045D04       Classes.TComponent.Loaded
 0001:00045BAC       Classes.TComponent.Notification
 0001:00045D10       Classes.TComponent.PaletteCreated
 0001:00046400       Classes.TComponent.QueryInterface
 0001:00045900       Classes.TComponent.ReadLeft
 0001:00045D14       Classes.TComponent.ReadState
 0001:00045914       Classes.TComponent.ReadTop
 0001:00046504       Classes.TComponent.ReferenceInterface
 0001:0004597C       Classes.TComponent.Remove
 0001:00045A58       Classes.TComponent.RemoveComponent
 0001:00045B90       Classes.TComponent.RemoveFreeNotification
 0001:0004572C       Classes.TComponent.RemoveFreeNotifications
 0001:00045B38       Classes.TComponent.RemoveNotification
 0001:000463D0       Classes.TComponent.SafeCallException
 0001:00045CE0       Classes.TComponent.SetChildOrder
 0001:000461E8       Classes.TComponent.SetComponentIndex
 0001:0004623C       Classes.TComponent.SetDesigning
 0001:000460C8       Classes.TComponent.SetName
 0001:00045CE8       Classes.TComponent.SetParentComponent
 0001:0004628C       Classes.TComponent.SetReference
 0001:00046304       Classes.TComponent.SetSubComponent
 0001:000462DC       Classes.TComponent.UpdateAction
 0001:00045CF8       Classes.TComponent.Updated
 0001:000463F8       Classes.TComponent.UpdateRegistry
 0001:00045CEC       Classes.TComponent.Updating
 0001:00045DAC       Classes.TComponent.ValidateContainer
 0001:00045DC0       Classes.TComponent.ValidateInsert
 0001:00045D24       Classes.TComponent.ValidateRename
 0001:00045928       Classes.TComponent.WriteLeft
 0001:00045D1C       Classes.TComponent.WriteState
 0001:00045934       Classes.TComponent.WriteTop
 0001:00046440       Classes.TComponent._AddRef
 0001:00046460       Classes.TComponent._Release
 0001:00045620       Classes.TComponentEnumerator.Create
 0001:00045664       Classes.TComponentEnumerator.GetCurrent
 0001:00045670       Classes.TComponentEnumerator.MoveNext
 0001:0003DA90       Classes.TCustomMemoryStream.Read
 0001:0003DB04       Classes.TCustomMemoryStream.SaveToFile
 0001:0003DAEC       Classes.TCustomMemoryStream.SaveToStream
 0001:0003DAC8       Classes.TCustomMemoryStream.Seek
 0001:0003DA88       Classes.TCustomMemoryStream.SetPointer
 0001:00044270       Classes.TExternalThread.Create
 0001:000442AC       Classes.TExternalThread.Execute
 0001:0003DF50       Classes.TFiler.Create
 0001:00032DD8       Classes.TFiler.DefineBinaryProperty
 0001:00032DD0       Classes.TFiler.DefineProperty
 0001:0003DF98       Classes.TFiler.Destroy
 0001:00032DE0       Classes.TFiler.FlushBuffer
 0001:0003DFC0       Classes.TFiler.SetRoot
 0001:0003D89C       Classes.TFileStream.Create
 0001:0003D8E0       Classes.TFileStream.Create
 0001:0003DA54       Classes.TFileStream.Destroy
 0001:0003D7D8       Classes.THandleStream.Create
 0001:0003D814       Classes.THandleStream.Read
 0001:0003D834       Classes.THandleStream.Seek
 0001:0003D860       Classes.THandleStream.SetSize
 0001:0003D874       Classes.THandleStream.SetSize
 0001:0003D824       Classes.THandleStream.Write
 0004:00004F7C       Classes.ThreadLock
 0001:0004463C       Classes.ThreadProc
 0001:0003897C       Classes.TIntConst.Create
 0001:0003A1DC       Classes.TInterfacedPersistent.AfterConstruction
 0001:0003A26C       Classes.TInterfacedPersistent.QueryInterface
 0001:0003A22C       Classes.TInterfacedPersistent._AddRef
 0001:0003A24C       Classes.TInterfacedPersistent._Release
 0001:000390E0       Classes.TList.Add
 0001:000399A4       Classes.TList.Assign
 0001:00039120       Classes.TList.Clear
 0001:00039138       Classes.TList.Delete
 0001:000390C0       Classes.TList.Destroy
 0001:000391A0       Classes.TList.Error
 0001:000391E8       Classes.TList.Error
 0001:0003926C       Classes.TList.Exchange
 0001:000392BC       Classes.TList.Expand
 0001:00039948       Classes.TList.Extract
 0001:00039950       Classes.TList.ExtractItem
 0001:000392D4       Classes.TList.First
 0001:000392DC       Classes.TList.Get
 0001:00039300       Classes.TList.GetEnumerator
 0001:00039310       Classes.TList.Grow
 0001:00039344       Classes.TList.IndexOf
 0001:00039368       Classes.TList.IndexOfItem
 0001:00039394       Classes.TList.Insert
 0001:0003940C       Classes.TList.Last
 0001:00039430       Classes.TList.Move
 0001:000399A0       Classes.TList.Notify
 0001:0003950C       Classes.TList.Pack
 0001:00039488       Classes.TList.Put
 0001:000394E4       Classes.TList.Remove
 0001:000394EC       Classes.TList.RemoveItem
 0001:00039580       Classes.TList.SetCapacity
 0001:000395BC       Classes.TList.SetCount
 0001:000398A8       Classes.TList.Sort
 0001:0003989C       Classes.TList.Sort$876$ActRec.$0$Body
 0001:00039928       Classes.TList.SortList
 0001:00039058       Classes.TListEnumerator.Create
 0001:0003909C       Classes.TListEnumerator.GetCurrent
 0001:000390A8       Classes.TListEnumerator.MoveNext
 0001:0003DB88       Classes.TMemoryStream.Clear
 0001:0003DB5C       Classes.TMemoryStream.Destroy
 0001:0003DBD8       Classes.TMemoryStream.LoadFromFile
 0001:0003DBA0       Classes.TMemoryStream.LoadFromStream
 0001:0003DC80       Classes.TMemoryStream.Realloc
 0001:0003DC2C       Classes.TMemoryStream.SetCapacity
 0001:0003DC54       Classes.TMemoryStream.SetSize
 0001:0003DD00       Classes.TMemoryStream.Write
 0001:0003A064       Classes.TPersistent.Assign
 0001:0003A078       Classes.TPersistent.AssignError
 0001:0003A134       Classes.TPersistent.AssignTo
 0001:0003A13C       Classes.TPersistent.DefineProperties
 0001:0003A038       Classes.TPersistent.Destroy
 0001:0003A140       Classes.TPersistent.GetNamePath
 0001:0003A1D8       Classes.TPersistent.GetOwner
 0001:0003E2D8       Classes.TPropFixup.Create
 0001:0003E330       Classes.TPropFixup.MakeGlobalReference
 0001:0003E390       Classes.TPropFixup.ResolveReference
 0001:0003E3A0       Classes.TPropIntfFixup.ResolveReference
 0001:0003E944       Classes.TReader.BeginReferences
 0001:0003E9AC       Classes.TReader.CheckValue
 0001:000411E0       Classes.TReader.CopyValue
 0001:0003EA0C       Classes.TReader.DefineBinaryProperty
 0001:0003E9D0       Classes.TReader.DefineProperty
 0001:0003E908       Classes.TReader.Destroy
 0001:0003EC88       Classes.TReader.DoFixupReferences
 0001:0003EAF4       Classes.TReader.EndOfList
 0001:0003EB08       Classes.TReader.EndReferences
 0001:0003EB24       Classes.TReader.Error
 0001:000414BC       Classes.TReader.FindAncestorComponent
 0001:000415B4       Classes.TReader.FindComponentClass
 0001:0003EBB8       Classes.TReader.FindMethod
 0001:0003EB48       Classes.TReader.FindMethodInstance
 0001:0003EDCC       Classes.TReader.FixupReferences
 0001:0003EE04       Classes.TReader.FlushBuffer
 0001:0003EE28       Classes.TReader.FreeFixups
 0001:0003EE64       Classes.TReader.GetFieldClass
 0001:0003EEF8       Classes.TReader.GetPosition
 0001:0003EF10       Classes.TReader.NextValue
 0001:0003EF20       Classes.TReader.PropertyError
 0001:0003EF34       Classes.TReader.Read
 0001:0003EFBC       Classes.TReader.ReadBoolean
 0001:0003EF80       Classes.TReader.ReadBuffer
 0001:0003EFE0       Classes.TReader.ReadChar
 0001:0003F0A0       Classes.TReader.ReadCollection
 0001:0003F56C       Classes.TReader.ReadComponent
 0001:000408B0       Classes.TReader.ReadComponents
 0001:0003F9AC       Classes.TReader.ReadCurrency
 0001:0003F7AC       Classes.TReader.ReadData
 0001:0003F81C       Classes.TReader.ReadDataInner
 0001:0003F9FC       Classes.TReader.ReadDate
 0001:0003F924       Classes.TReader.ReadDouble
 0001:0003F8EC       Classes.TReader.ReadFloat
 0001:0003FA40       Classes.TReader.ReadIdent
 0001:0003FC20       Classes.TReader.ReadInt64
 0001:0003FBB4       Classes.TReader.ReadInteger
 0001:0003FC64       Classes.TReader.ReadListBegin
 0001:0003FC6C       Classes.TReader.ReadListEnd
 0001:0003FC74       Classes.TReader.ReadPrefix
 0001:0003FDA0       Classes.TReader.ReadProperty
 0001:0004019C       Classes.TReader.ReadPropValue
 0001:0004057C       Classes.TReader.ReadRootComponent
 0001:000409A0       Classes.TReader.ReadSet
 0001:00040A5C       Classes.TReader.ReadSignature
 0001:0003F968       Classes.TReader.ReadSingle
 0001:00040A80       Classes.TReader.ReadStr
 0001:00040B10       Classes.TReader.ReadString
 0001:00040D38       Classes.TReader.ReadValue
 0001:00041838       Classes.TReader.ReadVariant
 0001:0003F040       Classes.TReader.ReadWideChar
 0001:00040BF8       Classes.TReader.ReadWideString
 0001:00041574       Classes.TReader.ReferenceName
 0001:0004158C       Classes.TReader.SetName
 0001:00040D4C       Classes.TReader.SetPosition
 0001:00041628       Classes.TReader.SkipBytes
 0001:00041410       Classes.TReader.SkipComponent
 0001:000413C8       Classes.TReader.SkipProperty
 0001:00040D6C       Classes.TReader.SkipSetBody
 0001:00040E74       Classes.TReader.SkipValue
 0001:00037850       Classes.TRegGroup.AddClass
 0001:0003785C       Classes.TRegGroup.BestClass
 0001:000378BC       Classes.TRegGroup.BestGroup
 0001:0003792C       Classes.TRegGroup.Create
 0001:00037988       Classes.TRegGroup.Destroy
 0001:000379C8       Classes.TRegGroup.GetClass
 0001:00037A18       Classes.TRegGroup.GetClasses
 0001:00037A60       Classes.TRegGroup.IndexOfClass
 0001:00037AD8       Classes.TRegGroup.InGroup
 0001:00037B1C       Classes.TRegGroup.RegisterClass
 0001:00037BD0       Classes.TRegGroup.RegisterClassAlias
 0001:00037C08       Classes.TRegGroup.Registered
 0001:00037C20       Classes.TRegGroup.UnregisterClass
 0001:00037C80       Classes.TRegGroup.UnregisterModuleClasses
 0001:00037DC0       Classes.TRegGroups.Activate
 0001:00037E0C       Classes.TRegGroups.AddClass
 0001:00037E2C       Classes.TRegGroups.Create
 0001:00037EA0       Classes.TRegGroups.Destroy
 0001:00037F00       Classes.TRegGroups.FindGroup
 0001:00037F44       Classes.TRegGroups.GetClass
 0001:00037F88       Classes.TRegGroups.GroupedWith
 0001:0003802C       Classes.TRegGroups.GroupWith
 0001:00038100       Classes.TRegGroups.Lock
 0001:0003810C       Classes.TRegGroups.RegisterClass
 0001:00038124       Classes.TRegGroups.RegisterClassAlias
 0001:00038144       Classes.TRegGroups.Registered
 0001:00038188       Classes.TRegGroups.StartGroup
 0001:000381D8       Classes.TRegGroups.Unlock
 0001:000381E4       Classes.TRegGroups.UnregisterClass
 0001:00038214       Classes.TRegGroups.UnregisterModuleClasses
 0001:0003DD50       Classes.TResourceStream.Create
 0001:0003DDA8       Classes.TResourceStream.CreateFromID
 0001:0003DF08       Classes.TResourceStream.Destroy
 0001:0003DE9C       Classes.TResourceStream.Initialize
 0001:0003DF38       Classes.TResourceStream.Write
 0001:0003D1B4       Classes.TStream.CopyFrom
 0001:0003D5F4       Classes.TStream.FixupResourceHeader
 0001:0003CEA0       Classes.TStream.GetPosition
 0001:0003CED4       Classes.TStream.GetSize
 0001:00031400       Classes.TStream.Read
 0001:0003D0F4       Classes.TStream.ReadBuffer
 0001:0003D2A8       Classes.TStream.ReadComponent
 0001:0003D36C       Classes.TStream.ReadComponentRes
 0001:0003D6EC       Classes.TStream.ReadResHeader
 0001:0003D000       Classes.TStream.Seek
 0001:0003D084       Classes.TStream.Seek
 0001:0003CEC0       Classes.TStream.SetPosition
 0001:0003CF38       Classes.TStream.SetSize
 0001:0003CF20       Classes.TStream.SetSize
 0001:0003CF24       Classes.TStream.SetSize64
 0001:00031408       Classes.TStream.Write
 0001:0003D154       Classes.TStream.WriteBuffer
 0001:0003D308       Classes.TStream.WriteComponent
 0001:0003D388       Classes.TStream.WriteComponentRes
 0001:0003D310       Classes.TStream.WriteDescendent
 0001:0003D6B8       Classes.TStream.WriteDescendentRes
 0001:0003D390       Classes.TStream.WriteResourceHeader
 0001:00046D90       Classes.TStreamAdapter.Clone
 0001:00046CE4       Classes.TStreamAdapter.Commit
 0001:00046ADC       Classes.TStreamAdapter.CopyTo
 0001:000468A0       Classes.TStreamAdapter.Create
 0001:000468EC       Classes.TStreamAdapter.Destroy
 0001:00046CFC       Classes.TStreamAdapter.LockRegion
 0001:00046924       Classes.TStreamAdapter.Read
 0001:00046CF0       Classes.TStreamAdapter.Revert
 0001:000469F4       Classes.TStreamAdapter.Seek
 0001:00046A78       Classes.TStreamAdapter.SetSize
 0001:00046D14       Classes.TStreamAdapter.Stat
 0001:00046D08       Classes.TStreamAdapter.UnlockRegion
 0001:0004698C       Classes.TStreamAdapter.Write
 0001:0003C6C0       Classes.TStringList.Add
 0001:0003C6D0       Classes.TStringList.AddObject
 0001:0003C734       Classes.TStringList.Assign
 0001:0003C770       Classes.TStringList.Changed
 0001:0003C78C       Classes.TStringList.Changing
 0001:0003C7A8       Classes.TStringList.Clear
 0001:0003CDE0       Classes.TStringList.CompareStrings
 0001:0003CDFC       Classes.TStringList.Create
 0001:0003CE34       Classes.TStringList.Create
 0001:0003CDA8       Classes.TStringList.CustomSort
 0001:0003C890       Classes.TStringList.Delete
 0001:0003C5B4       Classes.TStringList.Destroy
 0001:0003C91C       Classes.TStringList.Exchange
 0001:0003C978       Classes.TStringList.ExchangeItems
 0001:0003C99C       Classes.TStringList.Find
 0001:0003CA20       Classes.TStringList.Get
 0001:0003CA50       Classes.TStringList.GetCapacity
 0001:0003CA54       Classes.TStringList.GetCount
 0001:0003CA58       Classes.TStringList.GetObject
 0001:0003CA7C       Classes.TStringList.Grow
 0001:0003CAB0       Classes.TStringList.IndexOf
 0001:0003CAEC       Classes.TStringList.Insert
 0001:0003CB50       Classes.TStringList.InsertItem
 0001:0003CAFC       Classes.TStringList.InsertObject
 0001:0003CBCC       Classes.TStringList.Put
 0001:0003CC24       Classes.TStringList.PutObject
 0001:0003CC60       Classes.TStringList.QuickSort
 0001:0003CCF8       Classes.TStringList.SetCapacity
 0001:0003CE78       Classes.TStringList.SetCaseSensitive
 0001:0003CD38       Classes.TStringList.SetSorted
 0001:0003CD58       Classes.TStringList.SetUpdateState
 0001:0003CD98       Classes.TStringList.Sort
 0001:0003ACD8       Classes.TStrings.Add
 0001:0003ACFC       Classes.TStrings.AddObject
 0001:0003AE48       Classes.TStrings.AddStrings
 0001:0003AD2C       Classes.TStrings.AddStrings
 0001:0003ADE4       Classes.TStrings.AddStrings
 0001:0003AD20       Classes.TStrings.Append
 0001:0003AEEC       Classes.TStrings.Assign
 0001:0003AFC8       Classes.TStrings.BeginUpdate
 0001:0003064C       Classes.TStrings.Clear
 0001:0003C484       Classes.TStrings.CompareStrings
 0001:0003AC20       Classes.TStrings.Create
 0001:0003B038       Classes.TStrings.DefineProperties
 0001:00030654       Classes.TStrings.Delete
 0001:0003AC68       Classes.TStrings.Destroy
 0001:0003B090       Classes.TStrings.EndUpdate
 0001:0003B0A4       Classes.TStrings.Equals
 0001:0003B14C       Classes.TStrings.Error
 0001:0003B1D0       Classes.TStrings.Exchange
 0001:0003B2BC       Classes.TStrings.GetCapacity
 0001:0003B2C4       Classes.TStrings.GetCommaText
 0001:0003B35C       Classes.TStrings.GetDelimitedText
 0001:0003C2E0       Classes.TStrings.GetDelimiter
 0001:0003B5CC       Classes.TStrings.GetEnumerator
 0001:0003C2FC       Classes.TStrings.GetLineBreak
 0001:0003C490       Classes.TStrings.GetNameValueSeparator
 0001:0003B5DC       Classes.TStrings.GetObject
 0001:0003C338       Classes.TStrings.GetQuoteChar
 0001:0003C354       Classes.TStrings.GetStrictDelimiter
 0001:0003B5E0       Classes.TStrings.GetText
 0001:0003B634       Classes.TStrings.GetTextStr
 0001:0003B778       Classes.TStrings.IndexOf
 0001:0003B804       Classes.TStrings.IndexOfName
 0001:0003B8D8       Classes.TStrings.IndexOfObject
 0001:0003065C       Classes.TStrings.Insert
 0001:0003B90C       Classes.TStrings.InsertObject
 0001:0003B93C       Classes.TStrings.LoadFromFile
 0001:0003B990       Classes.TStrings.LoadFromFile
 0001:0003B9EC       Classes.TStrings.LoadFromStream
 0001:0003B9F8       Classes.TStrings.LoadFromStream
 0001:0003BAFC       Classes.TStrings.Move
 0001:0003BBBC       Classes.TStrings.Put
 0001:0003BBEC       Classes.TStrings.PutObject
 0001:0003BBF0       Classes.TStrings.ReadData
 0001:0003BCA0       Classes.TStrings.SaveToFile
 0001:0003BCB0       Classes.TStrings.SaveToFile
 0001:0003BD10       Classes.TStrings.SaveToStream
 0001:0003BD20       Classes.TStrings.SaveToStream
 0001:0003BDDC       Classes.TStrings.SetCapacity
 0001:0003BDE0       Classes.TStrings.SetCommaText
 0001:0003C36C       Classes.TStrings.SetDefaultEncoding
 0001:0003C130       Classes.TStrings.SetDelimitedText
 0001:0003C3B4       Classes.TStrings.SetDelimiter
 0001:0003C3D4       Classes.TStrings.SetEncoding
 0001:0003C41C       Classes.TStrings.SetLineBreak
 0001:0003C4AC       Classes.TStrings.SetNameValueSeparator
 0001:0003C448       Classes.TStrings.SetQuoteChar
 0001:0003C468       Classes.TStrings.SetStrictDelimiter
 0001:0003BE78       Classes.TStrings.SetStringsAdapter
 0001:0003BEAC       Classes.TStrings.SetText
 0001:0003BEFC       Classes.TStrings.SetTextStr
 0001:0003C0A8       Classes.TStrings.SetUpdateState
 0001:0003C564       Classes.TStrings.ToObjectArray
 0001:0003C4CC       Classes.TStrings.ToStringArray
 0001:0003C0AC       Classes.TStrings.WriteData
 0001:0003ABA8       Classes.TStringsEnumerator.Create
 0001:0003ABEC       Classes.TStringsEnumerator.GetCurrent
 0001:0003AC04       Classes.TStringsEnumerator.MoveNext
 0004:00004F58       Classes.TThread.$ClassInitFlag
 0001:000448D8       Classes.TThread.AfterConstruction
 0001:000449B8       Classes.TThread.CallOnTerminate
 0001:000448EC       Classes.TThread.CheckTerminated
 0001:00044924       Classes.TThread.CheckThreadError
 0001:000449A0       Classes.TThread.CheckThreadError
 0001:000446F0       Classes.TThread.Create
 0001:00044728       Classes.TThread.Create
 0002:0000026C       Classes.TThread.Create@
 0001:0004482C       Classes.TThread.CreateAnonymousThread
 0001:0004483C       Classes.TThread.Destroy
 0001:000448B0       Classes.TThread.Destroy@
 0001:000449CC       Classes.TThread.DoTerminate
 0005:00000008       Classes.TThread.FCurrentThread
 0004:00004F54       Classes.TThread.FProcessorCount
 0001:000449E0       Classes.TThread.GetCurrentThread
 0001:00044B00       Classes.TThread.GetPriority
 0001:00044A54       Classes.TThread.InternalStart
 0001:00045580       Classes.TThread.NameThreadForDebugging
 0001:00045158       Classes.TThread.Queue
 0001:00044CC0       Classes.TThread.Queue
 0001:00044B68       Classes.TThread.Queue
 0001:00044BF4       Classes.TThread.Queue
 0001:000452EC       Classes.TThread.RemoveQueuedEvents
 0001:00044D60       Classes.TThread.RemoveQueuedEvents
 0001:000453A0       Classes.TThread.RemoveQueuedEvents
 0001:00045470       Classes.TThread.Resume
 0001:00044B3C       Classes.TThread.SetPriority
 0001:00044E34       Classes.TThread.SetReturnValue
 0001:000453B4       Classes.TThread.SetSuspended
 0001:000453E8       Classes.TThread.Sleep
 0001:000453CC       Classes.TThread.SpinWait
 0001:000453F8       Classes.TThread.Start
 0001:00044E70       Classes.TThread.StaticQueue
 0001:000452D8       Classes.TThread.StaticSynchronize
 0001:00045400       Classes.TThread.Suspend
 0001:0004502C       Classes.TThread.Synchronize
 0001:00045060       Classes.TThread.Synchronize
 0001:00044E84       Classes.TThread.Synchronize
 0001:0004523C       Classes.TThread.Synchronize
 0001:000450C8       Classes.TThread.Synchronize
 0001:00045498       Classes.TThread.Terminate
 0001:000454BC       Classes.TThread.WaitFor
 0001:000453F0       Classes.TThread.Yield
 0001:00039D44       Classes.TThreadList.Add
 0001:00039DCC       Classes.TThreadList.Clear
 0001:00039C70       Classes.TThreadList.Create
 0001:00039CC8       Classes.TThreadList.Destroy
 0001:00039E14       Classes.TThreadList.LockList
 0001:00039E34       Classes.TThreadList.Remove
 0001:00039E3C       Classes.TThreadList.RemoveItem
 0001:00039E90       Classes.TThreadList.UnlockList
 0001:00041A84       Classes.TWriter.AddAncestor
 0001:00041AB8       Classes.TWriter.DefineBinaryProperty
 0001:00041A90       Classes.TWriter.DefineProperty
 0001:00041A58       Classes.TWriter.Destroy
 0001:00041AF4       Classes.TWriter.FindMethodName
 0001:00041B3C       Classes.TWriter.FlushBuffer
 0001:00044068       Classes.TWriter.GetLookupInfo
 0001:00041AE4       Classes.TWriter.GetPosition
 0001:00041B44       Classes.TWriter.SetPosition
 0001:00041B80       Classes.TWriter.SetRoot
 0001:00041B98       Classes.TWriter.Write
 0001:00041BE4       Classes.TWriter.WriteBinary
 0001:00041C84       Classes.TWriter.WriteBoolean
 0001:00041C6C       Classes.TWriter.WriteBuffer
 0001:00041C98       Classes.TWriter.WriteChar
 0001:00041D38       Classes.TWriter.WriteCollection
 0001:00041E28       Classes.TWriter.WriteComponent
 0001:000423D0       Classes.TWriter.WriteCurrency
 0001:00041F7C       Classes.TWriter.WriteData
 0001:000423F4       Classes.TWriter.WriteDate
 0001:0004233C       Classes.TWriter.WriteDescendent
 0001:000423AC       Classes.TWriter.WriteDouble
 0001:00042364       Classes.TWriter.WriteFloat
 0001:00042418       Classes.TWriter.WriteIdent
 0001:00042570       Classes.TWriter.WriteInteger
 0001:000424FC       Classes.TWriter.WriteInteger
 0001:000425C8       Classes.TWriter.WriteListBegin
 0001:000425D0       Classes.TWriter.WriteListEnd
 0001:00043E40       Classes.TWriter.WriteMinStr
 0001:000425D8       Classes.TWriter.WritePrefix
 0001:00042620       Classes.TWriter.WriteProperties
 0001:00043854       Classes.TWriter.WriteProperty
 0001:00043D88       Classes.TWriter.WritePropName
 0001:00043DDC       Classes.TWriter.WriteRootComponent
 0001:00043DE4       Classes.TWriter.WriteSignature
 0001:00042388       Classes.TWriter.WriteSingle
 0001:00043DF4       Classes.TWriter.WriteStr
 0001:00043F04       Classes.TWriter.WriteString
 0001:00043FB8       Classes.TWriter.WriteUTF8Str
 0001:00044054       Classes.TWriter.WriteValue
 0001:000439A8       Classes.TWriter.WriteVariant
 0001:00041CE8       Classes.TWriter.WriteWideChar
 0001:0004404C       Classes.TWriter.WriteWideString
 0001:00038B9C       Classes.UnregisterFindGlobalComponentProc
 0001:00038684       Classes.UnRegisterModuleClasses
 0003:00000FF8       Classes.UtilWindowClass
 0001:000443E8       Classes.WaitForSyncEvent
 0003:00000FA0       Classes.WakeMainThread
 0001:00038ED0       Classes.WriteCollection
 0001:00042FA8       Classes.WriteCollectionProp
 0001:00043144       Classes.WriteFloatProp
 0001:00043184       Classes.WriteInt64Prop
 0001:000435A4       Classes.WriteInterfaceProp
 0001:00042F3C       Classes.WriteIntProp
 0001:00043760       Classes.WriteMethodProp
 0001:00043390       Classes.WriteObjectProp
 0001:0004304C       Classes.WriteOrdProp
 0001:00042E50       Classes.WritePropPath
 0001:00042EA8       Classes.WriteSet
 0001:000431C0       Classes.WriteStrProp
 0001:000437F0       Classes.WriteVariantProp
 0004:00005244       Clipbrd..3
 0004:00005242       Clipbrd.CF_COMPONENT
 0004:00005240       Clipbrd.CF_PICTURE
 0002:00000BA0       Clipbrd.Clipbrd
 0004:00005248       Clipbrd.FClipboard
 0001:00098B8C       Clipbrd.Finalization
 0004:00005224       ComCtrls..96
 0001:00097E1C       ComCtrls..TConversion
 0002:00000B24       ComCtrls.ComCtrls
 0004:00005228       ComCtrls.ConversionFormatList
 0001:00098120       ComCtrls.Finalization
 0001:000980C0       ComCtrls.FreeConversionFormatList
 0004:00005230       ComCtrls.FRichEditModule
 0003:00002194       ComCtrls.RTFConversionFormat
 0004:0000522C       ComCtrls.ShellModule
 0001:00098008       ComCtrls.TConversion.ConvertReadStream
 0001:00098064       ComCtrls.TConversion.ConvertWriteStream
 0001:00097FD0       ComCtrls.TConversion.Create
 0003:0000219C       ComCtrls.TextConversionFormat
 0001:0005B580       CommCtrl.FlatSB_GetScrollInfo
 0001:0005B588       CommCtrl.FlatSB_GetScrollPos
 0001:0005B590       CommCtrl.FlatSB_SetScrollInfo
 0001:0005B598       CommCtrl.FlatSB_SetScrollPos
 0001:0005B5A0       CommCtrl.FlatSB_SetScrollProp
 0001:0005B4B8       CommCtrl.ImageList_Add
 0001:0005B518       CommCtrl.ImageList_BeginDrag
 0001:0005B510       CommCtrl.ImageList_Copy
 0001:0005B498       CommCtrl.ImageList_Create
 0001:0005B4A0       CommCtrl.ImageList_Destroy
 0001:0005B528       CommCtrl.ImageList_DragEnter
 0001:0005B530       CommCtrl.ImageList_DragLeave
 0001:0005B538       CommCtrl.ImageList_DragMove
 0001:0005B540       CommCtrl.ImageList_DragShowNolock
 0001:0005B4E0       CommCtrl.ImageList_Draw
 0001:0005B4F0       CommCtrl.ImageList_DrawEx
 0001:0005B520       CommCtrl.ImageList_EndDrag
 0001:0005B4D0       CommCtrl.ImageList_GetBkColor
 0001:0005B548       CommCtrl.ImageList_GetDragImage
 0001:0005B500       CommCtrl.ImageList_GetIcon
 0001:0005B560       CommCtrl.ImageList_GetIconSize
 0001:0005B4A8       CommCtrl.ImageList_GetImageCount
 0001:0005B570       CommCtrl.ImageList_GetImageInfo
 0001:0005B508       CommCtrl.ImageList_LoadImage
 0001:0005B550       CommCtrl.ImageList_Read
 0001:0005B4F8       CommCtrl.ImageList_Remove
 0001:0005B4E8       CommCtrl.ImageList_Replace
 0001:0005B4C0       CommCtrl.ImageList_ReplaceIcon
 0001:0005B4C8       CommCtrl.ImageList_SetBkColor
 0001:0005B568       CommCtrl.ImageList_SetIconSize
 0001:0005B4B0       CommCtrl.ImageList_SetImageCount
 0001:0005B4D8       CommCtrl.ImageList_SetOverlayImage
 0001:0005B558       CommCtrl.ImageList_Write
 0001:0005B5A8       CommCtrl.InitializeFlatSB
 0001:0005B578       CommCtrl._TrackMouseEvent
 0001:0005B108       Contnrs..TOrderedList
 0001:0005B320       Contnrs..TStack
 0001:0005B3B0       Contnrs.TOrderedList.AtLeast
 0001:0005B3DC       Contnrs.TOrderedList.Count
 0001:0005B3E4       Contnrs.TOrderedList.Create
 0001:0005B428       Contnrs.TOrderedList.Destroy
 0001:0005B3BC       Contnrs.TOrderedList.Peek
 0001:0005B458       Contnrs.TOrderedList.PeekItem
 0001:0005B3C4       Contnrs.TOrderedList.Pop
 0001:0005B46C       Contnrs.TOrderedList.PopItem
 0001:0005B3CC       Contnrs.TOrderedList.Push
 0001:0005B48C       Contnrs.TStack.PushItem
 0004:0000512C       Controls..44
 0001:0005EFC4       Controls..TBaseDragControlObject
 0001:00062C70       Controls..TControl
 0001:0005FA84       Controls..TControlActionLink
 0001:0005F838       Controls..TControlCanvas
 0001:000666D0       Controls..TCustomControl
 0001:00060D50       Controls..TCustomGestureCollectionItem
 0001:00061590       Controls..TCustomGestureEngine
 0001:00060FB0       Controls..TCustomGestureManager
 0001:00068C7C       Controls..TCustomHint
 0001:00068A24       Controls..TCustomHintShowHideThread
 0001:000685E8       Controls..TCustomHintWindow
 0001:00067E10       Controls..TCustomPanningWindow
 0001:00061764       Controls..TCustomTouchManager
 0001:00067A9C       Controls..TDockTree
 0001:000674B0       Controls..TDockZone
 0001:0005F160       Controls..TDragControlObject
 0001:0005F29C       Controls..TDragControlObjectEx
 0001:0005F3A8       Controls..TDragDockObject
 0001:0005F720       Controls..TDragDockObjectEx
 0001:00066DAC       Controls..TDragImageList
 0001:0005EAC0       Controls..TDragObject
 0001:00066500       Controls..TGraphicControl
 0001:000668EC       Controls..THintWindow
 0001:00067208       Controls..TImageList
 0001:00060388       Controls..TMargins
 0001:000680C0       Controls..TMouse
 0001:0006086C       Controls..TPadding
 0001:000698D4       Controls..TSiteList
 0001:00060120       Controls..TSizeConstraints
 0001:00061D18       Controls..TTouchManager
 0001:00064FEC       Controls..TWinControl
 0001:00064A30       Controls..TWinControlActionLink
 0001:0006A088       Controls.AbsMin
 0004:00005160       Controls.ActiveDrag
 0001:00070DD0       Controls.AlignNestedControls
 0001:00070D7C       Controls.AlignWork
 0003:00001974       Controls.AnchorAlign
 0003:00001968       Controls.AnimateWindowProc
 0003:00001AEC       Controls.AnimationStyle
 0001:0006D244       Controls.BackgroundClipped
 0001:0007B774       Controls.CalcSplitterPos
 0001:0006B10C       Controls.CancelDrag
 0004:00005174       Controls.CanvasList
 0003:00001A2C       Controls.CaptureControl
 0001:000692A0       Controls.ChangeBiDiModeAlignment
 0001:0006AD74       Controls.CheckUndock
 0001:000784C0       Controls.ClientToWindow
 0004:00005132       Controls.ControlAtom
 0004:00005138       Controls.ControlAtomString
 0002:00000910       Controls.Controls
 0003:00001A80       Controls.CPan
 0003:00001A7D       Controls.CPanOoptions
 0003:00001AB0       Controls.CPanSingleFingerHorizontal
 0003:00001AA8       Controls.CPanSingleFingerVertical
 0003:00001AB8       Controls.CPanWithGutter
 0003:00001AC0       Controls.CPanWithInertia
 0003:00001A98       Controls.CPressAndTap
 0003:00001970       Controls.CreationControl
 0003:00001A90       Controls.CRotate
 0003:00001A70       Controls.Ctl3DStyles
 0003:00001AA0       Controls.CTwoFingerTap
 0003:0000197C       Controls.Cursors
 0001:00069768       Controls.CursorToIdent
 0003:00001A88       Controls.CZoom
 0003:0000196C       Controls.DefaultDockTreeClass
 0001:0007213C       Controls.DestroyChildWindow
 0001:00071048       Controls.DoAdjustSize
 0001:00070BF0       Controls.DoAlign
 0001:00076434       Controls.DoCalcConstraints
 0004:00005168       Controls.DockSiteList
 0001:0007308C       Controls.DoControlMsg
 0001:0006A688       Controls.DoDragOver
 0001:000791B4       Controls.DoFindControlZone
 0001:000798E0       Controls.DoFindZone
 0001:00079238       Controls.DoForEach
 0001:0007AF3C       Controls.DoGetNextLimit
 0001:0007C078       Controls.DoneControls
 0001:00070BA8       Controls.DoPosition
 0001:0007A3E8       Controls.DoPrune
 0001:0007A930       Controls.DoSaveZone
 0001:0007AC34       Controls.DoSetNewBounds
 0001:00071DB8       Controls.DoWriteDesignSize
 0001:0006E800       Controls.DoWriteExplicit
 0001:0006E7CC       Controls.DoWriteIsControl
 0004:0000514C       Controls.DragCapture
 0004:00005140       Controls.DragControl
 0001:0006ADE8       Controls.DragDone
 0001:0006A638       Controls.DragFindTarget
 0001:0006A60C       Controls.DragFindWindow
 0004:00005164       Controls.DragImageList
 0001:0006AA4C       Controls.DragInit
 0001:0006ABBC       Controls.DragInitControl
 0004:00005148       Controls.DragInternalObject
 0001:0006A554       Controls.DragMessage
 0004:00005144       Controls.DragObject
 0004:00005170       Controls.DragSave
 0004:00005158       Controls.DragSaveCursor
 0004:00005150       Controls.DragStartPos
 0004:0000515C       Controls.DragThreshold
 0001:0006A764       Controls.DragTo
 0001:00079E68       Controls.DrawCloseButton
 0001:00079EFC       Controls.DrawGrabberLine
 0001:00079F88       Controls.DrawThemedGrabber
 0001:000735A8       Controls.DrawThemeEdge
 0003:00001A60       Controls.EdgeStyles
 0001:0007DBA4       Controls.Finalization
 0001:000693F8       Controls.FindControl
 0001:0006B158       Controls.FindDragTarget
 0001:0006B124       Controls.FindVCLWindow
 0004:00005178       Controls.FlagControl
 0001:0006B24C       Controls.FreeDeviceContext
 0001:0006B30C       Controls.FreeDeviceContexts
 0003:00001A78       Controls.GestureMap
 0001:00069868       Controls.GetCaptureControl
 0001:00070A10       Controls.GetClientSize
 0001:00072648       Controls.GetControlAtPos
 0001:0007B024       Controls.GetDockAlign
 0001:0006A3AC       Controls.GetDockSiteAtPos
 0001:0006A6C4       Controls.GetDropCtl
 0001:00078EE4       Controls.GetLastChildZone
 0001:000697D0       Controls.GetLongHint
 0001:00069788       Controls.GetShortHint
 0001:00069A98       Controls.GetTopParent
 0001:0007B0A0       Controls.HideZone
 0001:00069778       Controls.IdentToCursor
 0003:00001B14       Controls.IMM32DLL
 0001:0007C064       Controls.Imm32IsIME
 0001:0007C114       Controls.InitControls
 0001:0007BC30       Controls.InitIMM32
 0001:000692B4       Controls.InitWndProc
 0003:00001A40       Controls.InnerStyles
 0001:00070A78       Controls.InsertBefore
 0001:0006A16C       Controls.IsBeforeTargetWindow
 0001:0006A5AC       Controls.IsDelphiHandle
 0001:00078900       Controls.IsOrientationSet
 0001:0006A368       Controls.IsSiteChildOfClient
 0001:00069454       Controls.IsVCLControl
 0004:00005120       Controls.IsVCLControlHook
 0001:0007D21C       Controls.LatestHintWindow
 0001:0006B1A4       Controls.ListAdd
 0001:0006B1CC       Controls.ListRemove
 0003:00001AFF       Controls.MakeLast
 0001:0006FA84       Controls.MinVar
 0003:00001B18       Controls.ModeMap
 0004:00005118       Controls.Mouse
 0001:00069264       Controls.MouseOriginToShiftState
 0001:0006B21C       Controls.MoveWindowOrg
 0004:00005128       Controls.NewStyleControls
 0001:000788E4       Controls.NextVisibleZone
 0001:000693C4       Controls.ObjectFromHWnd
 0003:00001AC8       Controls.Options
 0003:00001AF8       Controls.OrientArray
 0003:00001A50       Controls.OuterStyles
 0003:00001A30       Controls.PaintMessage
 0001:00078D0C       Controls.ParentNotLast
 0001:00069818       Controls.PerformEraseBackground
 0001:00071DA4       Controls.PointsEqual
 0004:0000516C       Controls.QualifyingSites
 0001:00079A7C       Controls.ReadControlName
 0001:0006A4F8       Controls.RegisterDockSite
 0004:0000513C       Controls.RM_GetObjectInstance
 0001:00069484       Controls.SendAppMessage
 0001:00069890       Controls.SetCaptureControl
 0001:0007BF8C       Controls.SetImeMode
 0001:0006F2FC       Controls.SetParentColor
 0003:00001A38       Controls.ShowFlags
 0001:0007B120       Controls.ShowZone
 0003:00001B0C       Controls.SizeCursors
 0001:00069E6C       Controls.TBaseDragControlObject.Assign
 0001:00069E30       Controls.TBaseDragControlObject.Create
 0001:00069E98       Controls.TBaseDragControlObject.EndDrag
 0001:00069EC4       Controls.TBaseDragControlObject.Finished
 0001:0006F7B4       Controls.TControl.ActionChange
 0001:0006FBA4       Controls.TControl.AdjustSize
 0001:0006F9D8       Controls.TControl.AssignTo
 0001:0006D5E4       Controls.TControl.BeginAutoDrag
 0001:0006D600       Controls.TControl.BeginDrag
 0001:0006D094       Controls.TControl.BringToFront
 0001:0006E1D0       Controls.TControl.CalcCursorPos
 0001:0006E388       Controls.TControl.CalcDockSizes
 0001:0006E0D0       Controls.TControl.CanAutoSize
 0001:0006E0D4       Controls.TControl.CanResize
 0001:0006C9F4       Controls.TControl.ChangeScale
 0001:0006EE2C       Controls.TControl.CheckNewSize
 0001:0006EC00       Controls.TControl.Click
 0001:0006FDE0       Controls.TControl.ClientToParent
 0001:0006C7F8       Controls.TControl.ClientToScreen
 0001:0006F478       Controls.TControl.CMBiDiModeChanged
 0001:0006F2F0       Controls.TControl.CMColorChanged
 0001:0006F5F4       Controls.TControl.CMDesignHitTest
 0001:0006F2D8       Controls.TControl.CMEnabledChanged
 0001:0006F754       Controls.TControl.CMFloat
 0001:0006F2E4       Controls.TControl.CMFontChanged
 0001:0006F404       Controls.TControl.CMGesture
 0001:0006FC30       Controls.TControl.CMHintShow
 0001:0006F524       Controls.TControl.CMHitTest
 0001:00070000       Controls.TControl.CMMouseActivate
 0001:0006F52C       Controls.TControl.CMMouseEnter
 0001:0006F590       Controls.TControl.CMMouseLeave
 0001:0006F394       Controls.TControl.CMMouseWheel
 0001:0006F370       Controls.TControl.CMParentBiDiModeChanged
 0001:0006F334       Controls.TControl.CMParentColorChanged
 0001:0006F4D0       Controls.TControl.CMParentFontChanged
 0001:0006F494       Controls.TControl.CMParentShowHintChanged
 0001:0006F5FC       Controls.TControl.CMParentTabletOptionsChanged
 0001:0006F500       Controls.TControl.CMSysFontChanged
 0001:0006F2B0       Controls.TControl.CMVisibleChanged
 0001:0006E1A0       Controls.TControl.ConstrainedResize
 0001:0006BA5C       Controls.TControl.Create
 0001:0006F630       Controls.TControl.CreateFloatingDockSite
 0001:0006F6B0       Controls.TControl.CreateTouchManager
 0001:0006EC78       Controls.TControl.DblClick
 0001:0006DAE0       Controls.TControl.DefaultDockImage
 0001:0006E718       Controls.TControl.DefaultHandler
 0001:0006EA20       Controls.TControl.DefineProperties
 0001:0006E1FC       Controls.TControl.DesignWndProc
 0001:0006BBA4       Controls.TControl.Destroy
 0001:0006F8B4       Controls.TControl.DoActionChange
 0001:0006E104       Controls.TControl.DoCanAutoSize
 0001:0006E170       Controls.TControl.DoCanResize
 0001:0006C4A4       Controls.TControl.Dock
 0001:0006D8CC       Controls.TControl.DockTrackNoTarget
 0001:0006E230       Controls.TControl.DoConstrainedResize
 0001:0006E0C4       Controls.TControl.DoConstraintsChange
 0001:0006FDA0       Controls.TControl.DoContextPopup
 0001:0006C5D4       Controls.TControl.DoDock
 0001:0006DC2C       Controls.TControl.DoDragMsg
 0001:0006D8E4       Controls.TControl.DoEndDock
 0001:0006D7CC       Controls.TControl.DoEndDrag
 0001:0006D7AC       Controls.TControl.DoGesture
 0001:0006D7B0       Controls.TControl.DoGetGestureOptions
 0001:00070024       Controls.TControl.DoMarginChange
 0001:0006D940       Controls.TControl.DoMouseActivate
 0001:0006ECD0       Controls.TControl.DoMouseDown
 0001:0006F06C       Controls.TControl.DoMouseUp
 0001:0006D974       Controls.TControl.DoMouseWheel
 0001:0006DA48       Controls.TControl.DoMouseWheelDown
 0001:0006DA94       Controls.TControl.DoMouseWheelUp
 0001:0006D910       Controls.TControl.DoStartDock
 0001:0006D78C       Controls.TControl.DoStartDrag
 0001:0006D714       Controls.TControl.DragCanceled
 0001:0006D760       Controls.TControl.DragDrop
 0001:0006D718       Controls.TControl.Dragging
 0001:0006D724       Controls.TControl.DragOver
 0001:0006DC0C       Controls.TControl.DrawDragDockImage
 0001:0006FBC4       Controls.TControl.DrawTextBiDiModeFlags
 0001:0006FC04       Controls.TControl.DrawTextBiDiModeFlagsReadingOnly
 0001:0006D6E0       Controls.TControl.EndDrag
 0001:0006DC1C       Controls.TControl.EraseDragDockImage
 0001:0006CEA4       Controls.TControl.FontChanged
 0001:0006BD60       Controls.TControl.GetAction
 0001:0006F8D8       Controls.TControl.GetActionLinkClass
 0001:00070048       Controls.TControl.GetAlignWithMargins
 0001:0006C68C       Controls.TControl.GetBoundsRect
 0001:0006C728       Controls.TControl.GetClientHeight
 0001:0006C768       Controls.TControl.GetClientOrigin
 0001:0006C6D0       Controls.TControl.GetClientRect
 0001:0006C6E8       Controls.TControl.GetClientWidth
 0001:0006D57C       Controls.TControl.GetControlsAlignment
 0001:0006E360       Controls.TControl.GetCustomHint
 0001:0006D19C       Controls.TControl.GetDeviceContext
 0001:0006FAC0       Controls.TControl.GetDockEdge
 0001:0006BCA0       Controls.TControl.GetDragImages
 0001:0006BF50       Controls.TControl.GetDragMode
 0001:0006BCA4       Controls.TControl.GetEnabled
 0001:0006FB70       Controls.TControl.GetFloating
 0001:0006FB9C       Controls.TControl.GetFloatingDockSiteClass
 0001:0006CDB4       Controls.TControl.GetLRDockWidth
 0001:0006D05C       Controls.TControl.GetMouseCapture
 0001:0006BCAC       Controls.TControl.GetPalette
 0001:0006BCB8       Controls.TControl.GetParentComponent
 0001:0006EE28       Controls.TControl.GetPopupMenu
 0001:0006CDA0       Controls.TControl.GetTBDockHeight
 0001:0006CDEC       Controls.TControl.GetText
 0001:0006CD6C       Controls.TControl.GetTextBuf
 0001:0006CD5C       Controls.TControl.GetTextLen
 0001:0006CD78       Controls.TControl.GetUndockHeight
 0001:0006CD8C       Controls.TControl.GetUndockWidth
 0001:0006BCB0       Controls.TControl.HasParent
 0001:0006D428       Controls.TControl.Hide
 0001:0006FC20       Controls.TControl.InitiateAction
 0001:0006D360       Controls.TControl.Invalidate
 0001:0006D2CC       Controls.TControl.InvalidateControl
 0001:0006BE8C       Controls.TControl.IsAnchorsStored
 0001:0006CF18       Controls.TControl.IsBiDiModeStored
 0001:0006F8E0       Controls.TControl.IsCaptionStored
 0001:0006CFF0       Controls.TControl.IsColorStored
 0001:0006F900       Controls.TControl.IsEnabledStored
 0001:0006CEF8       Controls.TControl.IsFontStored
 0001:0006F940       Controls.TControl.IsHelpContextStored
 0001:0006F920       Controls.TControl.IsHintStored
 0001:0006F980       Controls.TControl.IsOnClickStored
 0001:0006D580       Controls.TControl.IsRightToLeft
 0001:0006CF0C       Controls.TControl.IsShowHintStored
 0001:0006BEA4       Controls.TControl.IsTouchPropertyStored
 0001:0006F960       Controls.TControl.IsVisibleStored
 0001:0006F9A0       Controls.TControl.Loaded
 0001:0006DD1C       Controls.TControl.ManualDock
 0001:0006DF30       Controls.TControl.ManualFloat
 0001:0006D374       Controls.TControl.MouseActivate
 0001:0006EC98       Controls.TControl.MouseDown
 0001:0006EF78       Controls.TControl.MouseMove
 0001:0006F034       Controls.TControl.MouseUp
 0001:0006D3BC       Controls.TControl.MouseWheelHandler
 0001:0006C028       Controls.TControl.Notification
 0001:0006BCE4       Controls.TControl.PaletteChanged
 0001:0006FEF0       Controls.TControl.ParentToClient
 0001:0006E304       Controls.TControl.Perform
 0001:0006E34C       Controls.TControl.Perform
 0001:0006E338       Controls.TControl.Perform
 0001:0006D7F8       Controls.TControl.PositionDockRect
 0001:00070120       Controls.TControl.ReadExplicitHeight
 0001:00070138       Controls.TControl.ReadExplicitLeft
 0001:00070108       Controls.TControl.ReadExplicitTop
 0001:000700E0       Controls.TControl.ReadExplicitWidth
 0001:0006E7AC       Controls.TControl.ReadIsControl
 0001:0006BF78       Controls.TControl.ReadState
[...]
   195 0001:000C0854   196 0001:000C0879   195 0001:000C088E   196 0001:000C08A7
   197 0001:000C08BF   201 0001:000C08C8   202 0001:000C08CB   206 0001:000C08CC
   207 0001:000C08D0   211 0001:000C08D4   212 0001:000C08DC   216 0001:000C08E0
   217 0001:000C08E8   222 0001:000C08EC   223 0001:000C08F1   224 0001:000C0916
   223 0001:000C091D   224 0001:000C0936   225 0001:000C094E   232 0001:000C0954
   233 0001:000C095F   235 0001:000C0987   236 0001:000C098D   233 0001:000C0994
   237 0001:000C09AD   239 0001:000C09C5   241 0001:000C09ED   242 0001:000C09EF
   243 0001:000C09FA   239 0001:000C0A01   244 0001:000C0A1A   245 0001:000C0A32

Line numbers for tdpe.lib.particle.pattern.composite(..\Lib\particles\tdpe.lib.particle.pattern.composite.pas) segment .text

    61 0001:000C3348    62 0001:000C336D    63 0001:000C3376    64 0001:000C338E
    67 0001:000C33C8    68 0001:000C33D3    69 0001:000C33DB    70 0001:000C33E7
    75 0001:000C33F8    76 0001:000C33FF    77 0001:000C3403    79 0001:000C3428
    81 0001:000C342E    82 0001:000C3432    77 0001:000C3439    84 0001:000C3452
    85 0001:000C346A    88 0001:000C3474    89 0001:000C34A6    90 0001:000C34ED
    91 0001:000C3514    96 0001:000C354C    97 0001:000C356E    98 0001:000C357B
    99 0001:000C358B   105 0001:000C35BC   106 0001:000C35E7   108 0001:000C360F
   109 0001:000C3628   110 0001:000C3646   111 0001:000C3677   106 0001:000C36A8
   112 0001:000C36C5   113 0001:000C36DD   118 0001:000C3718   119 0001:000C3720
   120 0001:000C3745   119 0001:000C3748   120 0001:000C3761   121 0001:000C3779

Line numbers for tdpe.lib.particle.group(..\Lib\particles\tdpe.lib.particle.group.pas) segment .text

    76 0001:000C5D14    77 0001:000C5D1C    82 0001:000C5D20    83 0001:000C5D28
    84 0001:000C5D4C    83 0001:000C5D56    84 0001:000C5D6F    85 0001:000C5D87
    88 0001:000C5D8C    89 0001:000C5D92    90 0001:000C5D9C    91 0001:000C5DA5
    92 0001:000C5DB0    93 0001:000C5DB7    98 0001:000C5DBC    99 0001:000C5DC4
   100 0001:000C5DCA   102 0001:000C5DD1   103 0001:000C5DF6   102 0001:000C5DFF
   103 0001:000C5E18   104 0001:000C5E30   110 0001:000C5E38   111 0001:000C5E41
   112 0001:000C5E48   114 0001:000C5E5F   115 0001:000C5E6C   116 0001:000C5E75
   117 0001:000C5E85   116 0001:000C5E99   118 0001:000C5E9C   112 0001:000C5E9F
   119 0001:000C5EA5   125 0001:000C5EAC   126 0001:000C5EBA   127 0001:000C5EC5
   129 0001:000C5EED   130 0001:000C5EF7   131 0001:000C5F1F   130 0001:000C5F28
   131 0001:000C5F41   127 0001:000C5F59   132 0001:000C5F76   134 0001:000C5F8E
   135 0001:000C5FB6   134 0001:000C5FC0   135 0001:000C5FD9   136 0001:000C5FF1
   139 0001:000C5FF8   140 0001:000C6011   141 0001:000C601A   142 0001:000C601D
   143 0001:000C602C   144 0001:000C603B   147 0001:000C605C   148 0001:000C6067
   149 0001:000C606F   150 0001:000C6077   151 0001:000C6083   158 0001:000C6094
   159 0001:000C609E   160 0001:000C60AD   161 0001:000C60D5   160 0001:000C60DF
   161 0001:000C60F8   162 0001:000C6110   163 0001:000C6138   162 0001:000C6142
   163 0001:000C615B   164 0001:000C6173   165 0001:000C619B   164 0001:000C61A5
   165 0001:000C61BE   166 0001:000C61D6   171 0001:000C61E0   172 0001:000C61E5
   173 0001:000C620A   172 0001:000C6211   173 0001:000C622A   174 0001:000C6242
   179 0001:000C6248   180 0001:000C6252   181 0001:000C6267   182 0001:000C628C
   181 0001:000C62A1   182 0001:000C62BA   183 0001:000C62D2   190 0001:000C62DC
   191 0001:000C62E6   192 0001:000C630E   191 0001:000C6315   192 0001:000C632E
   193 0001:000C6346   194 0001:000C636E   193 0001:000C6375   194 0001:000C638E
   195 0001:000C63A6   196 0001:000C63CE   195 0001:000C63D5   196 0001:000C63EE
   197 0001:000C6406   201 0001:000C640C   202 0001:000C6414   205 0001:000C6418
   206 0001:000C641B   207 0001:000C6425   208 0001:000C642E   209 0001:000C6435
   214 0001:000C6438   215 0001:000C643F   216 0001:000C6446   217 0001:000C646B
   216 0001:000C6472   217 0001:000C648B   218 0001:000C64A3

Line numbers for tdpe.lib.force(..\Lib\Array\tdpe.lib.force.pas) segment .text

    56 0001:000C8CC0    57 0001:000C8CE7    58 0001:000C8CF3    59 0001:000C8CFF
    60 0001:000C8D02    61 0001:000C8D31    64 0001:000C8D78    65 0001:000C8D91
    66 0001:000C8D97    67 0001:000C8DBC    68 0001:000C8DC6    70 0001:000C8DF1

Line numbers for tdpe.lib.engine.contract(..\Lib\Engine\tdpe.lib.engine.contract.pas) segment .text

    43 0001:00000000

Line numbers for tdpe.lib.particle.group.list(..\Lib\particles\tdpe.lib.particle.group.list.pas) segment .text

    62 0001:000C9088    63 0001:000C908F    64 0001:000C90A0    66 0001:000C90A4
    67 0001:000C90A9    70 0001:000C90B0    71 0001:000C90B6    72 0001:000C90BF
    75 0001:000C90C4    76 0001:000C90CC    77 0001:000C90D7    78 0001:000C90DB
    79 0001:000C90E4    84 0001:000C90EC    85 0001:000C90F1    86 0001:000C9113
    85 0001:000C911A    86 0001:000C9133    87 0001:000C914B    92 0001:000C9150
    93 0001:000C9158    94 0001:000C917A    93 0001:000C918F    94 0001:000C91A8
    95 0001:000C91C0   100 0001:000C91C8   101 0001:000C91CD   102 0001:000C91EF
   101 0001:000C91F6   102 0001:000C920F   103 0001:000C9227   108 0001:000C922C
   109 0001:000C9231   110 0001:000C9253   109 0001:000C925A   110 0001:000C9273
   111 0001:000C928B

Line numbers for tdpe.lib.engine(..\Lib\Engine\tdpe.lib.engine.pas) segment .text

    85 0001:000C975C    86 0001:000C9764    89 0001:000C9768    90 0001:000C976B
    91 0001:000C9775    92 0001:000C977E    93 0001:000C9785    97 0001:000C9788
    98 0001:000C9790   101 0001:000C9794   102 0001:000C979F   103 0001:000C97A5
   104 0001:000C97AD   105 0001:000C97B3   106 0001:000C97BB   107 0001:000C97C7
   111 0001:000C97D8   112 0001:000C97EF   116 0001:000C97F0   117 0001:000C97F8
   120 0001:000C97FC   121 0001:000C97FF   122 0001:000C9805   123 0001:000C980D
   124 0001:000C981C   127 0001:000C9820   128 0001:000C9835   129 0001:000C983E
   130 0001:000C984D   132 0001:000C985C   133 0001:000C9868   134 0001:000C986D
   135 0001:000C9874   138 0001:000C9894   139 0001:000C98B4   140 0001:000C98BF
   141 0001:000C98C7   144 0001:000C98E8   145 0001:000C98EB   146 0001:000C98F5
   147 0001:000C98FE   148 0001:000C9905   152 0001:000C9908   153 0001:000C9910
   157 0001:000C9914   158 0001:000C9917   162 0001:000C9918   163 0001:000C991B
   166 0001:000C991C   167 0001:000C991F   168 0001:000C992B   172 0001:000C9930
   173 0001:000C9933   177 0001:000C9934   178 0001:000C9937   183 0001:000C9938
   184 0001:000C993C   185 0001:000C9943   187 0001:000C994C   185 0001:000C9953
   190 0001:000C9956   192 0001:000C995F   193 0001:000C9966   190 0001:000C996D
   195 0001:000C9970   197 0001:000C997A

Line numbers for tdpe.lib.render.gdi(..\Lib\Render\tdpe.lib.render.gdi.pas) segment .text

    72 0001:000D31B0    73 0001:000D31BD    75 0001:000D31C8    76 0001:000D31D5
    77 0001:000D31E3    79 0001:000D31F1    80 0001:000D3201    81 0001:000D3215
    82 0001:000D3229    84 0001:000D3263    85 0001:000D3270    86 0001:000D327E
    88 0001:000D328C    89 0001:000D32E1    90 0001:000D3342    91 0001:000D33A3
    95 0001:000D3409    96 0001:000D3417    97 0001:000D3427    99 0001:000D3435
   100 0001:000D3447   101 0001:000D345B   102 0001:000D3471   104 0001:000D34AB
   105 0001:000D34BA   106 0001:000D34CA   108 0001:000D34D8   109 0001:000D352D
   110 0001:000D358E   111 0001:000D35EF   113 0001:000D3650   116 0001:000D3674
   117 0001:000D3689   118 0001:000D36A1   119 0001:000D36A4   125 0001:000D37C0
   126 0001:000D37CD   128 0001:000D37D8   129 0001:000D37E8   130 0001:000D37F8
   131 0001:000D3805   132 0001:000D3812   133 0001:000D3838   134 0001:000D385E
   135 0001:000D3884   136 0001:000D38AA   137 0001:000D38BA   141 0001:000D38CC
   142 0001:000D38DD   143 0001:000D38EC   144 0001:000D38F9   145 0001:000D3908
   146 0001:000D392E   147 0001:000D3954   148 0001:000D397A   149 0001:000D39A0
   150 0001:000D39B0   152 0001:000D39BF   159 0001:000D39C8   160 0001:000D39D8
   161 0001:000D39E5   163 0001:000D39F3   164 0001:000D3A00   165 0001:000D3A0E
   166 0001:000D3A34   167 0001:000D3A5A   168 0001:000D3A80   169 0001:000D3A90
   170 0001:000D3A9D   171 0001:000D3AAB   177 0001:000D3AB4   178 0001:000D3AC4
   180 0001:000D3ACF   181 0001:000D3ADC   182 0001:000D3AEA   183 0001:000D3AF7
   185 0001:000D3B05   186 0001:000D3B21   187 0001:000D3B3D   188 0001:000D3B4A
   192 0001:000D3B5D   193 0001:000D3B6B   194 0001:000D3B79   195 0001:000D3B88
   196 0001:000D3B97   197 0001:000D3BDF   198 0001:000D3BEE   200 0001:000D3BFC
   205 0001:000D3C08   206 0001:000D3C0F   207 0001:000D3C1C   208 0001:000D3C2C
   209 0001:000D3C39   214 0001:000D3C40   215 0001:000D3C4E   216 0001:000D3C5B
   217 0001:000D3C68   218 0001:000D3C8B   219 0001:000D3C98   223 0001:000D3CA0
   224 0001:000D3CCD   225 0001:000D3CDB   227 0001:000D3D35   229 0001:000D3D42
   233 0001:000D3D74   234 0001:000D3D99   236 0001:000D3DC6   237 0001:000D3DEF
   238 0001:000D3DF1   239 0001:000D3E00   240 0001:000D3E34   241 0001:000D3E57
   245 0001:000D3E72   246 0001:000D3E81   247 0001:000D3E83   249 0001:000D3EAE
   258 0001:000D3F00   259 0001:000D3F0D   261 0001:000D3F3F   262 0001:000D3F84
   263 0001:000D3F89   264 0001:000D3FBC   265 0001:000D3FE9   266 0001:000D401A
   268 0001:000D4047   269 0001:000D4057   270 0001:000D4064   271 0001:000D4074
   272 0001:000D4083   273 0001:000D4090   274 0001:000D409D   275 0001:000D40AD
   276 0001:000D40BE   277 0001:000D40CB   278 0001:000D40D8   279 0001:000D40E8
   289 0001:000D4104   290 0001:000D4114   291 0001:000D4122   292 0001:000D4130
   294 0001:000D413E   295 0001:000D4152   296 0001:000D4166   298 0001:000D417A
   300 0001:000D4187   301 0001:000D41B6   302 0001:000D41CF   303 0001:000D41E8
   304 0001:000D4211   305 0001:000D423F   298 0001:000D4245   306 0001:000D424F
   308 0001:000D4262   309 0001:000D4270   310 0001:000D427E   311 0001:000D428C
   314 0001:000D42A8   315 0001:000D42C0   316 0001:000D42D8   317 0001:000D42DB
   319 0001:000D4403

Line numbers for tdpe.lib.particle.wheel.rim(..\Lib\particles\tdpe.lib.particle.wheel.rim.pas) segment .text

    62 0001:000D4660    63 0001:000D468C    64 0001:000D46B9    65 0001:000D46D1
    66 0001:000D46D9    67 0001:000D46E1    68 0001:000D46E4    69 0001:000D46F0
    70 0001:000D46FC    77 0001:000D4744    78 0001:000D474D    79 0001:000D4785
    80 0001:000D4793    81 0001:000D479F    82 0001:000D47BD    84 0001:000D47CC
    85 0001:000D47D6    87 0001:000D47E0    88 0001:000D47FF    89 0001:000D481E
    90 0001:000D482A    91 0001:000D4836    92 0001:000D484D    93 0001:000D4864
    94 0001:000D4870    95 0001:000D487C    96 0001:000D48A1    97 0001:000D48C6
    98 0001:000D490D   100 0001:000D491C   101 0001:000D4929   102 0001:000D4954
   104 0001:000D497F   106 0001:000D4993

Line numbers for tdpe.lib.particle.wheel(..\Lib\particles\tdpe.lib.particle.wheel.pas) segment .text

    79 0001:000D4E00    80 0001:000D4E2C    81 0001:000D4E67    82 0001:000D4E82
    83 0001:000D4E9D    84 0001:000D4EBE    85 0001:000D4ECB    86 0001:000D4EE6
    89 0001:000D4F30    90 0001:000D4F3B    91 0001:000D4F46    92 0001:000D4F52
    95 0001:000D4F60    96 0001:000D4F66    97 0001:000D4F79   100 0001:000D4F8C
   101 0001:000D4F8F   102 0001:000D4FA2   105 0001:000D4FA8   106 0001:000D4FC4
   107 0001:000D4FFC   108 0001:000D5031   111 0001:000D5064   112 0001:000D5067
   113 0001:000D507A   116 0001:000D5080   117 0001:000D5083   118 0001:000D5093
   122 0001:000D50A0   123 0001:000D50A5   130 0001:000D50A8   131 0001:000D50D6
   132 0001:000D5110   133 0001:000D512C   134 0001:000D5148   135 0001:000D5163
   136 0001:000D5172   137 0001:000D5188   138 0001:000D51AD   139 0001:000D51C6
   140 0001:000D51F8   141 0001:000D520C   142 0001:000D521F   145 0001:000D5268
   146 0001:000D52A6   147 0001:000D52C2   148 0001:000D52FE   151 0001:000D5338
   152 0001:000D533B   153 0001:000D534D   156 0001:000D5354   157 0001:000D5357
   158 0001:000D5369   161 0001:000D5370   162 0001:000D5373   163 0001:000D5383
   166 0001:000D538C   167 0001:000D53A5   168 0001:000D53CA   171 0001:000D5408
   172 0001:000D540E   173 0001:000D5421   174 0001:000D5432   176 0001:000D543E

Line numbers for tdpe.lib.structures.car(..\Lib\structures\compositions\tdpe.lib.structures.car.pas) segment .text

    60 0001:000D55E8    61 0001:000D5605    62 0001:000D5610    63 0001:000D5654
    64 0001:000D565E    65 0001:000D56A2    66 0001:000D56AC    67 0001:000D56E1
    69 0001:000D56EA    70 0001:000D56F4    71 0001:000D56FE    72 0001:000D5708
    75 0001:000D572C    76 0001:000D5737    77 0001:000D573F    78 0001:000D5747
    79 0001:000D574F    80 0001:000D575B    83 0001:000D576C    84 0001:000D5772
    85 0001:000D5795    88 0001:000D57A4    89 0001:000D57AA    90 0001:000D57B8
    91 0001:000D57C6    93 0001:000D57D2

Line numbers for tdpe.lib.structures.capsule(..\Lib\structures\General\tdpe.lib.structures.capsule.pas) segment .text

    58 0001:000D594C    59 0001:000D5966    60 0001:000D5971    61 0001:000D59BB
    62 0001:000D59C7    63 0001:000D59D1    65 0001:000D59DB    66 0001:000D5A25
    67 0001:000D5A31    68 0001:000D5A3B    70 0001:000D5A45    71 0001:000D5A7A
    72 0001:000D5A83    73 0001:000D5A8D    76 0001:000D5AB0    77 0001:000D5ABB
    78 0001:000D5AC3    79 0001:000D5ACB    80 0001:000D5AD3    81 0001:000D5ADF
    83 0001:000D5AF4

Line numbers for tdpe.lib.automation.swingdoor(..\Lib\structures\Automation\tdpe.lib.automation.swingdoor.pas) segment .text

    62 0001:000D5CDC    63 0001:000D5CF6    64 0001:000D5D01    66 0001:000D5D05
    67 0001:000D5D4C    68 0001:000D5D5D    69 0001:000D5D67    71 0001:000D5D71
    72 0001:000D5DB8    73 0001:000D5DC1    75 0001:000D5DCB    76 0001:000D5E00
    77 0001:000D5E09    79 0001:000D5E13    80 0001:000D5E5A    81 0001:000D5E63
    82 0001:000D5E6A    83 0001:000D5E71    85 0001:000D5E7B    86 0001:000D5EB3
    87 0001:000D5EC1    88 0001:000D5ECB    89 0001:000D5ED5    91 0001:000D5EDF
    92 0001:000D5F26    93 0001:000D5F2F    94 0001:000D5F39    96 0001:000D5F43
    97 0001:000D5F8D    98 0001:000D5F96    99 0001:000D5FA0   100 0001:000D5FAA
   103 0001:000D5FCC   104 0001:000D5FD7   105 0001:000D5FDF   106 0001:000D5FE7
   107 0001:000D5FEF   108 0001:000D5FF7   109 0001:000D5FFF   110 0001:000D6007
   111 0001:000D600F   112 0001:000D601B   114 0001:000D6030

Line numbers for tdpe.lib.structures.boxcomposite(..\Lib\structures\General\tdpe.lib.structures.boxcomposite.pas) segment .text

    66 0001:000D61BC    67 0001:000D61ED    68 0001:000D61F6    69 0001:000D6202
    70 0001:000D620E    72 0001:000D621A    73 0001:000D627F    74 0001:000D62E4
    75 0001:000D6349    77 0001:000D63AE    78 0001:000D63B8    79 0001:000D63C2
    80 0001:000D63CC    82 0001:000D63D6    83 0001:000D6415    84 0001:000D6454
    85 0001:000D6493    87 0001:000D64D2    88 0001:000D64DC    89 0001:000D64E6
    90 0001:000D64F0    92 0001:000D64FA    93 0001:000D6504    94 0001:000D650E
    95 0001:000D6518    97 0001:000D6522    98 0001:000D652C    99 0001:000D6536
   100 0001:000D6540   101 0001:000D654A   104 0001:000D658C   105 0001:000D6597
   106 0001:000D659F   107 0001:000D65A7   108 0001:000D65AF   109 0001:000D65B7
   110 0001:000D65BF   111 0001:000D65C7   112 0001:000D65CF   113 0001:000D65D7
   114 0001:000D65E3   116 0001:000D65F8

Line numbers for tdpe.lib.automation.rotator(..\Lib\structures\Automation\tdpe.lib.automation.rotator.pas) segment .text

    65 0001:000D6814    66 0001:000D6841    67 0001:000D684C    69 0001:000D6850
    70 0001:000D6881    71 0001:000D689C    73 0001:000D68A5    74 0001:000D68F7
    75 0001:000D6900    77 0001:000D690A    78 0001:000D6954    79 0001:000D695D
    81 0001:000D6967    82 0001:000D699F    83 0001:000D69A8    85 0001:000D69B2
    86 0001:000D69FC    87 0001:000D6A05    89 0001:000D6A0F    90 0001:000D6A47
    91 0001:000D6A50    92 0001:000D6A5A    95 0001:000D6AA4    96 0001:000D6AAF
    97 0001:000D6AB7    98 0001:000D6ABF    99 0001:000D6AC7   100 0001:000D6ACF
   101 0001:000D6AD7   102 0001:000D6ADF   103 0001:000D6AEB   106 0001:000D6AFC
   107 0001:000D6B02   108 0001:000D6B13   109 0001:000D6B1B   111 0001:000D6B2B

Line numbers for tdpe.lib.colour.helper(..\Lib\colors\tdpe.lib.colour.helper.pas) segment .text

    50 0001:000D6C00    51 0001:000D6C27    53 0001:000D6C2F

Line numbers for tdpe.lib.structures.surface.static(..\Lib\structures\General\tdpe.lib.structures.surface.static.pas) segment .text

    70 0001:000D6F14    71 0001:000D6F18    72 0001:000D6F6F    73 0001:000D6F79
    74 0001:000D6F84    75 0001:000D6F8E    80 0001:000D6F94    81 0001:000D6FC6
    82 0001:000D6FD1    83 0001:000D6FD4    85 0001:000D6FDF    86 0001:000D6FEB
    88 0001:000D6FF7    89 0001:000D7060    90 0001:000D706A    91 0001:000D7074
    93 0001:000D707E    94 0001:000D70EA    95 0001:000D70F4    96 0001:000D70FE
    98 0001:000D7108    99 0001:000D7167   100 0001:000D7171   101 0001:000D717B
   103 0001:000D7185   104 0001:000D71EE   105 0001:000D71F8   106 0001:000D7202
   108 0001:000D720C   109 0001:000D7276   110 0001:000D7281   111 0001:000D728B
   113 0001:000D7295   114 0001:000D72FF   115 0001:000D730A   116 0001:000D7314
   118 0001:000D731E   119 0001:000D736C   120 0001:000D7377   121 0001:000D7381
   123 0001:000D738B   124 0001:000D73D9   125 0001:000D73E4   126 0001:000D73EE
   128 0001:000D73F8   129 0001:000D7446   130 0001:000D7451   131 0001:000D745B
   133 0001:000D7465   134 0001:000D74B3   135 0001:000D74BE   136 0001:000D74C8
   137 0001:000D74D2   140 0001:000D7540   141 0001:000D754B   142 0001:000D7553
   143 0001:000D755B   144 0001:000D7563   145 0001:000D756B   146 0001:000D7573
   147 0001:000D757B   148 0001:000D7583   149 0001:000D758B   150 0001:000D7593
   151 0001:000D759B   152 0001:000D75A7   155 0001:000D75B8   156 0001:000D75BE
   157 0001:000D75C8   159 0001:000D75D2

Line numbers for tdpe.lib.engine.wrapper(..\Lib\Engine\tdpe.lib.engine.wrapper.pas) segment .text

    54 0001:000D77E4    55 0001:000D77E7    56 0001:000D77EE    57 0001:000D77F0
    60 0001:000D77F4    61 0001:000D77F7    62 0001:000D77FE    63 0001:000D7800
    66 0001:000D7804    67 0001:000D7807    68 0001:000D7814    71 0001:000D7818
    72 0001:000D781E    73 0001:000D782B    74 0001:000D782D    77 0001:000D7834
    78 0001:000D7837    79 0001:000D783E    80 0001:000D7840    82 0001:000D7849

Line numbers for fObjectDemo(fObjectDemo.pas) segment .text

    77 0001:000D7CB8    78 0001:000D7CC2    82 0001:000D7D16    84 0001:000D7D44
    85 0001:000D7D61    86 0001:000D7D80    87 0001:000D7D9F    89 0001:000D7DBE
    94 0001:000D7DF0    95 0001:000D7E01    96 0001:000D7E12    97 0001:000D7E23
    98 0001:000D7E34   100 0001:000D7E45   101 0001:000D7E4E   104 0001:000D7E54
   105 0001:000D7E5A   106 0001:000D7E65   107 0001:000D7E7C   108 0001:000D7E86
   111 0001:000D7E8C   112 0001:000D7E8F   113 0001:000D7E9A   116 0001:000D7E9C
   117 0001:000D7EA6   118 0001:000D7EB2   119 0001:000D7ED5   120 0001:000D7EE1
   121 0001:000D7F04   124 0001:000D7F18   125 0001:000D7F1B   126 0001:000D7F2A
   128 0001:000D7F35

Line numbers for ThundaxObjectDemo(ThundaxObjectDemo.dpr) segment .itext

     9 0002:00000D74    10 0002:00000D84    11 0002:00000D90    12 0002:00000DA8
    13 0002:00000DB4

Bound resource files

c:\program files (x86)\embarcadero\rad studio\8.0\lib\Win32\release\Controls.res
fObjectDemo.dfm
ThundaxObjectDemo.res
ThundaxObjectDemo.drf


Program entry point at 0002:00000D74
